#
# There is insufficient memory for the Java Runtime Environment to continue.
# Native memory allocation (malloc) failed to allocate 1207200 bytes. Error detail: Chunk::new
# Possible reasons:
#   The system is out of physical RAM or swap space
#   This process is running with CompressedOops enabled, and the Java Heap may be blocking the growth of the native heap
# Possible solutions:
#   Reduce memory load on the system
#   Increase physical memory or swap space
#   Check if swap backing store is full
#   Decrease Java heap size (-Xmx/-Xms)
#   Decrease number of Java threads
#   Decrease Java thread stack sizes (-Xss)
#   Set larger code cache with -XX:ReservedCodeCacheSize=
#   JVM is running with Zero Based Compressed Oops mode in which the Java heap is
#     placed in the first 32GB address space. The Java Heap base address is the
#     maximum limit for the native heap growth. Please use -XX:HeapBaseMinAddress
#     to set the Java Heap base and to place the Java Heap above 32GB virtual address.
# This output file may be truncated or incomplete.
#
#  Out of Memory Error (arena.cpp:168), pid=25268, tid=3236
#
# JRE version: OpenJDK Runtime Environment Temurin-21.0.12.1+1 (21.0.12.1+1) (build 21.0.12.1+1-LTS)
# Java VM: OpenJDK 64-Bit Server VM Temurin-21.0.12.1+1 (21.0.12.1+1-LTS, mixed mode, sharing, tiered, compressed oops, compressed class ptrs, parallel gc, windows-amd64)
# No core dump will be written. Minidumps are not enabled by default on client versions of Windows
#

---------------  S U M M A R Y ------------

Command Line: --add-modules=ALL-SYSTEM --add-opens=java.base/java.util=ALL-UNNAMED --add-opens=java.base/java.lang=ALL-UNNAMED --add-opens=java.base/sun.nio.fs=ALL-UNNAMED -Declipse.application=org.eclipse.jdt.ls.core.id1 -Dosgi.bundles.defaultStartLevel=4 -Declipse.product=org.eclipse.jdt.ls.core.product -Djava.import.generatesMetadataFilesAtProjectRoot=false -Dm2e.project.cache.size=50 -DDetectVMInstallationsJob.disabled=true -Dfile.encoding=utf8 -XX:+UseParallelGC -XX:GCTimeRatio=4 -XX:AdaptiveSizePolicyWeight=90 -Dsun.zip.disableMemoryMapping=true -Xmx4G -Xms100m -Xlog:disable -javaagent:c:\Users\Admin\.vscode\extensions\redhat.java-1.56.0-win32-x64\lombok\lombok-1.18.39-4050.jar -XX:+HeapDumpOnOutOfMemoryError -XX:HeapDumpPath=c:\Users\Admin\AppData\Roaming\Code\User\workspaceStorage\8298593a17c31f0a0d427157eb77951d\redhat.java -Daether.dependencyCollector.impl=bf c:\Users\Admin\.vscode\extensions\redhat.java-1.56.0-win32-x64\server\plugins\org.eclipse.equinox.launcher_1.8.0.v20260804-1928.jar -configuration c:\Users\Admin\AppData\Roaming\Code\User\globalStorage\redhat.java\1.56.0\config_win -data c:\Users\Admin\AppData\Roaming\Code\User\workspaceStorage\8298593a17c31f0a0d427157eb77951d\redhat.java\jdt_ws --stdio

Host: AMD Ryzen 5 7530U with Radeon Graphics         , 12 cores, 7G,  Windows 11 , 64 bit Build 26100 (10.0.26100.9444)
Time: Fri Sep 18 21:48:06 2026 South Africa Standard Time elapsed time: 93.625443 seconds (0d 0h 1m 33s)

---------------  T H R E A D  ---------------

Current thread (0x00000236c85af140):  JavaThread "C2 CompilerThread0" daemon [_thread_in_native, id=3236, stack(0x000000e178900000,0x000000e178a00000) (1024K)]


Current CompileTask:
C2:93625 14951   !   4       java.io.ObjectOutputStream::writeObject0 (620 bytes)

Stack: [0x000000e178900000,0x000000e178a00000]
Native frames: (J=compiled Java code, j=interpreted, Vv=VM code, C=native code)
V  [jvm.dll+0x6d83e9]
V  [jvm.dll+0x8b5736]
V  [jvm.dll+0x8b7cee]
V  [jvm.dll+0x8b83d3]
V  [jvm.dll+0x284596]
V  [jvm.dll+0xc685d]
V  [jvm.dll+0xc6da1]
V  [jvm.dll+0x3bf18b]
V  [jvm.dll+0x1e3f42]
V  [jvm.dll+0x24c853]
V  [jvm.dll+0x24bce0]
V  [jvm.dll+0x1cb4ae]
V  [jvm.dll+0x25baad]
V  [jvm.dll+0x25a03a]
V  [jvm.dll+0x3f8aae]
V  [jvm.dll+0x8600cd]
V  [jvm.dll+0x6d6c1d]
C  [ucrtbase.dll+0x2cd30]
C  [KERNEL32.DLL+0x2cd87]
C  [ntdll.dll+0xacaec]


---------------  P R O C E S S  ---------------

Threads class SMR info:
_java_thread_list=0x00000236f715f5c0, length=65, elements={
0x00000236c84fd880, 0x00000236c85a0fd0, 0x00000236c85a3f00, 0x00000236c85a6930,
0x00000236c85a7590, 0x00000236c85a81f0, 0x00000236c85ac1c0, 0x00000236c85af140,
0x00000236c85b1b00, 0x00000236e4f5b1a0, 0x00000236ea048050, 0x00000236ea3313c0,
0x00000236ea7270a0, 0x00000236ea631030, 0x00000236ea683bb0, 0x00000236ea5d12d0,
0x00000236eb05d550, 0x00000236eac0f7e0, 0x00000236ea2e2e60, 0x00000236ea2e2140,
0x00000236ea2e27d0, 0x00000236ea2e34f0, 0x00000236ea2e3b80, 0x00000236ea2e4210,
0x00000236ea2e0d90, 0x00000236ea2e1420, 0x00000236ea2e1ab0, 0x00000236eb26fad0,
0x00000236eb26e720, 0x00000236eb26d370, 0x00000236eb270160, 0x00000236eb26cce0,
0x00000236eb26e090, 0x00000236eb271510, 0x00000236eb271ba0, 0x00000236eb272230,
0x00000236eb2728c0, 0x00000236eb26f440, 0x00000236eb272f50, 0x00000236eb2735e0,
0x00000236eb273c70, 0x00000236eb274300, 0x00000236ecd5e470, 0x00000236ecd5eb00,
0x00000236ecd5bd10, 0x00000236ecd5c3a0, 0x00000236ecd5ca30, 0x00000236ecd5dde0,
0x00000236ecd5b680, 0x00000236ecd5f190, 0x00000236ecd5feb0, 0x00000236ecd5d0c0,
0x00000236ecd60540, 0x00000236ecd60bd0, 0x00000236ecd5d750, 0x00000236ecd62ca0,
0x00000236ecd618f0, 0x00000236ecd61260, 0x00000236ecd62610, 0x00000236ecd61f80,
0x00000236ecd5f820, 0x00000236f6f574c0, 0x00000236f6f56110, 0x00000236f6f59590,
0x00000236f6f5a2b0
}

Java Threads: ( => current thread )
  0x00000236c84fd880 JavaThread "main"                              [_thread_blocked, id=11764, stack(0x000000e177f00000,0x000000e178000000) (1024K)]
  0x00000236c85a0fd0 JavaThread "Reference Handler"          daemon [_thread_blocked, id=20416, stack(0x000000e178300000,0x000000e178400000) (1024K)]
  0x00000236c85a3f00 JavaThread "Finalizer"                  daemon [_thread_blocked, id=28916, stack(0x000000e178400000,0x000000e178500000) (1024K)]
  0x00000236c85a6930 JavaThread "Signal Dispatcher"          daemon [_thread_blocked, id=6772, stack(0x000000e178500000,0x000000e178600000) (1024K)]
  0x00000236c85a7590 JavaThread "Attach Listener"            daemon [_thread_blocked, id=13480, stack(0x000000e178600000,0x000000e178700000) (1024K)]
  0x00000236c85a81f0 JavaThread "Service Thread"             daemon [_thread_blocked, id=5784, stack(0x000000e178700000,0x000000e178800000) (1024K)]
  0x00000236c85ac1c0 JavaThread "Monitor Deflation Thread"   daemon [_thread_blocked, id=32820, stack(0x000000e178800000,0x000000e178900000) (1024K)]
=>0x00000236c85af140 JavaThread "C2 CompilerThread0"         daemon [_thread_in_native, id=3236, stack(0x000000e178900000,0x000000e178a00000) (1024K)]
  0x00000236c85b1b00 JavaThread "C1 CompilerThread0"         daemon [_thread_blocked, id=1616, stack(0x000000e178a00000,0x000000e178b00000) (1024K)]
  0x00000236e4f5b1a0 JavaThread "Common-Cleaner"             daemon [_thread_blocked, id=23092, stack(0x000000e178b00000,0x000000e178c00000) (1024K)]
  0x00000236ea048050 JavaThread "Notification Thread"        daemon [_thread_blocked, id=19232, stack(0x000000e178c00000,0x000000e178d00000) (1024K)]
  0x00000236ea3313c0 JavaThread "Active Thread: Equinox Container: ced648a1-73c1-4f75-a77b-6c3269114d4f"        [_thread_blocked, id=19744, stack(0x000000e179300000,0x000000e179400000) (1024K)]
  0x00000236ea7270a0 JavaThread "Refresh Thread: Equinox Container: ced648a1-73c1-4f75-a77b-6c3269114d4f" daemon [_thread_blocked, id=18504, stack(0x000000e179500000,0x000000e179600000) (1024K)]
  0x00000236ea631030 JavaThread "Framework Event Dispatcher: Equinox Container: ced648a1-73c1-4f75-a77b-6c3269114d4f" daemon [_thread_blocked, id=16360, stack(0x000000e179600000,0x000000e179700000) (1024K)]
  0x00000236ea683bb0 JavaThread "Start Level: Equinox Container: ced648a1-73c1-4f75-a77b-6c3269114d4f" daemon [_thread_blocked, id=28384, stack(0x000000e179700000,0x000000e179800000) (1024K)]
  0x00000236ea5d12d0 JavaThread "Bundle File Closer"         daemon [_thread_blocked, id=19016, stack(0x000000e179a00000,0x000000e179b00000) (1024K)]
  0x00000236eb05d550 JavaThread "SCR Component Actor"        daemon [_thread_blocked, id=6084, stack(0x000000e179b00000,0x000000e179c00000) (1024K)]
  0x00000236eac0f7e0 JavaThread "Worker-JM"                         [_thread_blocked, id=13500, stack(0x000000e179c00000,0x000000e179d00000) (1024K)]
  0x00000236ea2e2e60 JavaThread "Worker-0"                          [_thread_blocked, id=12336, stack(0x000000e179d00000,0x000000e179e00000) (1024K)]
  0x00000236ea2e2140 JavaThread "Worker-1"                          [_thread_blocked, id=15452, stack(0x000000e179e00000,0x000000e179f00000) (1024K)]
  0x00000236ea2e27d0 JavaThread "Worker-2"                          [_thread_blocked, id=14348, stack(0x000000e179f00000,0x000000e17a000000) (1024K)]
  0x00000236ea2e34f0 JavaThread "Worker-3: Initialize workspace"        [_thread_blocked, id=25576, stack(0x000000e17a000000,0x000000e17a100000) (1024K)]
  0x00000236ea2e3b80 JavaThread "Java indexing"              daemon [_thread_in_Java, id=24736, stack(0x000000e17a100000,0x000000e17a200000) (1024K)]
  0x00000236ea2e4210 JavaThread "JNA Cleaner"                daemon [_thread_blocked, id=5848, stack(0x000000e17a200000,0x000000e17a300000) (1024K)]
  0x00000236ea2e0d90 JavaThread "Worker-4: Java indexing... "        [_thread_blocked, id=3096, stack(0x000000e17a600000,0x000000e17a700000) (1024K)]
  0x00000236ea2e1420 JavaThread "Worker-5"                          [_thread_blocked, id=33592, stack(0x000000e17a700000,0x000000e17a800000) (1024K)]
  0x00000236ea2e1ab0 JavaThread "pool-2-thread-1"                   [_thread_blocked, id=18616, stack(0x000000e17a800000,0x000000e17a900000) (1024K)]
  0x00000236eb26fad0 JavaThread "WorkspaceEventsHandler"            [_thread_blocked, id=3596, stack(0x000000e17a900000,0x000000e17aa00000) (1024K)]
  0x00000236eb26e720 JavaThread "pool-1-thread-1"                   [_thread_blocked, id=17612, stack(0x000000e17aa00000,0x000000e17ab00000) (1024K)]
  0x00000236eb26d370 JavaThread "LocalFile Deleter"          daemon [_thread_blocked, id=12220, stack(0x000000e17ad00000,0x000000e17ae00000) (1024K)]
  0x00000236eb270160 JavaThread "LocalFile Deleter"          daemon [_thread_blocked, id=21512, stack(0x000000e17ae00000,0x000000e17af00000) (1024K)]
  0x00000236eb26cce0 JavaThread "LocalFile Deleter"          daemon [_thread_blocked, id=2120, stack(0x000000e17af00000,0x000000e17b000000) (1024K)]
  0x00000236eb26e090 JavaThread "PatternSearchJob-worker-1"  daemon [_thread_blocked, id=19180, stack(0x000000e177c00000,0x000000e177d00000) (1024K)]
  0x00000236eb271510 JavaThread "LocalFile Deleter"          daemon [_thread_blocked, id=16588, stack(0x000000e17ab00000,0x000000e17ac00000) (1024K)]
  0x00000236eb271ba0 JavaThread "LocalFile Deleter"          daemon [_thread_blocked, id=6468, stack(0x000000e17ac00000,0x000000e17ad00000) (1024K)]
  0x00000236eb272230 JavaThread "LocalFile Deleter"          daemon [_thread_blocked, id=23624, stack(0x000000e17b000000,0x000000e17b100000) (1024K)]
  0x00000236eb2728c0 JavaThread "LocalFile Deleter"          daemon [_thread_blocked, id=3500, stack(0x000000e17b100000,0x000000e17b200000) (1024K)]
  0x00000236eb26f440 JavaThread "LocalFile Deleter"          daemon [_thread_blocked, id=25756, stack(0x000000e17b200000,0x000000e17b300000) (1024K)]
  0x00000236eb272f50 JavaThread "LocalFile Deleter"          daemon [_thread_blocked, id=2140, stack(0x000000e17b300000,0x000000e17b400000) (1024K)]
  0x00000236eb2735e0 JavaThread "LocalFile Deleter"          daemon [_thread_blocked, id=1244, stack(0x000000e17b400000,0x000000e17b500000) (1024K)]
  0x00000236eb273c70 JavaThread "LocalFile Deleter"          daemon [_thread_blocked, id=33388, stack(0x000000e17b500000,0x000000e17b600000) (1024K)]
  0x00000236eb274300 JavaThread "LocalFile Deleter"          daemon [_thread_blocked, id=22872, stack(0x000000e17b600000,0x000000e17b700000) (1024K)]
  0x00000236ecd5e470 JavaThread "Compiler Source File Reader" daemon [_thread_blocked, id=15528, stack(0x000000e17b700000,0x000000e17b800000) (1024K)]
  0x00000236ecd5eb00 JavaThread "Compiler Source File Reader" daemon [_thread_blocked, id=28040, stack(0x000000e17b800000,0x000000e17b900000) (1024K)]
  0x00000236ecd5bd10 JavaThread "Compiler Source File Reader" daemon [_thread_blocked, id=23756, stack(0x000000e17b900000,0x000000e17ba00000) (1024K)]
  0x00000236ecd5c3a0 JavaThread "Compiler Source File Reader" daemon [_thread_blocked, id=24344, stack(0x000000e17ba00000,0x000000e17bb00000) (1024K)]
  0x00000236ecd5ca30 JavaThread "Compiler Source File Reader" daemon [_thread_blocked, id=19144, stack(0x000000e17bb00000,0x000000e17bc00000) (1024K)]
  0x00000236ecd5dde0 JavaThread "Compiler Source File Reader" daemon [_thread_blocked, id=7536, stack(0x000000e17bc00000,0x000000e17bd00000) (1024K)]
  0x00000236ecd5b680 JavaThread "Compiler Source File Reader" daemon [_thread_blocked, id=32180, stack(0x000000e17bd00000,0x000000e17be00000) (1024K)]
  0x00000236ecd5f190 JavaThread "Compiler Source File Reader" daemon [_thread_blocked, id=6016, stack(0x000000e17be00000,0x000000e17bf00000) (1024K)]
  0x00000236ecd5feb0 JavaThread "Compiler Source File Reader" daemon [_thread_blocked, id=23516, stack(0x000000e17bf00000,0x000000e17c000000) (1024K)]
  0x00000236ecd5d0c0 JavaThread "Compiler Source File Reader" daemon [_thread_blocked, id=30356, stack(0x000000e17c000000,0x000000e17c100000) (1024K)]
  0x00000236ecd60540 JavaThread "Compiler Processing Task"   daemon [_thread_blocked, id=22036, stack(0x000000e17c100000,0x000000e17c200000) (1024K)]
  0x00000236ecd60bd0 JavaThread "Compiler Class File Writer" daemon [_thread_blocked, id=13256, stack(0x000000e17c200000,0x000000e17c300000) (1024K)]
  0x00000236ecd5d750 JavaThread "Compiler Class File Writer" daemon [_thread_blocked, id=29704, stack(0x000000e17c300000,0x000000e17c400000) (1024K)]
  0x00000236ecd62ca0 JavaThread "Compiler Class File Writer" daemon [_thread_blocked, id=32300, stack(0x000000e17c400000,0x000000e17c500000) (1024K)]
  0x00000236ecd618f0 JavaThread "Compiler Class File Writer" daemon [_thread_blocked, id=9940, stack(0x000000e17c500000,0x000000e17c600000) (1024K)]
  0x00000236ecd61260 JavaThread "Compiler Class File Writer" daemon [_thread_blocked, id=724, stack(0x000000e17c600000,0x000000e17c700000) (1024K)]
  0x00000236ecd62610 JavaThread "Compiler Class File Writer" daemon [_thread_blocked, id=11896, stack(0x000000e17c700000,0x000000e17c800000) (1024K)]
  0x00000236ecd61f80 JavaThread "Compiler Class File Writer" daemon [_thread_blocked, id=25672, stack(0x000000e17c800000,0x000000e17c900000) (1024K)]
  0x00000236ecd5f820 JavaThread "Compiler Class File Writer" daemon [_thread_blocked, id=32168, stack(0x000000e17c900000,0x000000e17ca00000) (1024K)]
  0x00000236f6f574c0 JavaThread "Compiler Class File Writer" daemon [_thread_blocked, id=21816, stack(0x000000e17ca00000,0x000000e17cb00000) (1024K)]
  0x00000236f6f56110 JavaThread "Compiler Class File Writer" daemon [_thread_blocked, id=12448, stack(0x000000e17cb00000,0x000000e17cc00000) (1024K)]
  0x00000236f6f59590 JavaThread "pool-9-thread-1"                   [_thread_blocked, id=35560, stack(0x000000e177d00000,0x000000e177e00000) (1024K)]
  0x00000236f6f5a2b0 JavaThread "Framework stop - Equinox Container: ced648a1-73c1-4f75-a77b-6c3269114d4f"        [_thread_in_Java, id=35692, stack(0x000000e17cc00000,0x000000e17cd00000) (1024K)]
Total: 65

Other Threads:
  0x00000236e38f48b0 VMThread "VM Thread"                           [id=33352, stack(0x000000e178200000,0x000000e178300000) (1024K)]
  0x00000236e37eca00 WatcherThread "VM Periodic Task Thread"        [id=5920, stack(0x000000e178100000,0x000000e178200000) (1024K)]
  0x00000236c851ba60 WorkerThread "GC Thread#0"                     [id=1864, stack(0x000000e178000000,0x000000e178100000) (1024K)]
  0x00000236ea1d5d30 WorkerThread "GC Thread#1"                     [id=13908, stack(0x000000e178d00000,0x000000e178e00000) (1024K)]
  0x00000236ea1d60e0 WorkerThread "GC Thread#2"                     [id=30616, stack(0x000000e178e00000,0x000000e178f00000) (1024K)]
  0x00000236e50bb430 WorkerThread "GC Thread#3"                     [id=12316, stack(0x000000e178f00000,0x000000e179000000) (1024K)]
  0x00000236e50bb7e0 WorkerThread "GC Thread#4"                     [id=12348, stack(0x000000e179000000,0x000000e179100000) (1024K)]
  0x00000236ea244d80 WorkerThread "GC Thread#5"                     [id=29036, stack(0x000000e179100000,0x000000e179200000) (1024K)]
  0x00000236ea245130 WorkerThread "GC Thread#6"                     [id=9628, stack(0x000000e179200000,0x000000e179300000) (1024K)]
  0x00000236ea6bc4a0 WorkerThread "GC Thread#7"                     [id=19852, stack(0x000000e179400000,0x000000e179500000) (1024K)]
  0x00000236ea378410 WorkerThread "GC Thread#8"                     [id=13448, stack(0x000000e179800000,0x000000e179900000) (1024K)]
  0x00000236ea3787c0 WorkerThread "GC Thread#9"                     [id=32780, stack(0x000000e179900000,0x000000e179a00000) (1024K)]
Total: 12

Threads with active compile tasks:
C2 CompilerThread0  93741 14951   !   4       java.io.ObjectOutputStream::writeObject0 (620 bytes)
Total: 1

VM state: not at safepoint (normal execution)

VM Mutex/Monitor currently owned by a thread: None

Heap address: 0x0000000700000000, size: 4096 MB, Compressed Oops mode: Zero based, Oop shift amount: 3

CDS archive(s) mapped at: [0x0000023680000000-0x0000023680ba0000-0x0000023680ba0000), size 12189696, SharedBaseAddress: 0x0000023680000000, ArchiveRelocationMode: 1.
Compressed class space mapped at: 0x0000023681000000-0x00000236c1000000, reserved size: 1073741824
Narrow klass base: 0x0000023680000000, Narrow klass shift: 0, Narrow klass range: 0x100000000

GC Precious Log:
 CardTable entry size: 512
 CPUs: 12 total, 12 available
 Memory: 7489M
 Large Page Support: Disabled
 NUMA Support: Disabled
 Compressed Oops: Enabled (Zero based)
 Alignments: Space 512K, Generation 512K, Heap 2M
 Heap Min Capacity: 100M
 Heap Initial Capacity: 100M
 Heap Max Capacity: 4G
 Pre-touch: Disabled
 Parallel Workers: 10

Heap:
 PSYoungGen      total 14336K, used 1921K [0x00000007aab00000, 0x00000007abe00000, 0x0000000800000000)
  eden space 13824K, 10% used [0x00000007aab00000,0x00000007aac70790,0x00000007ab880000)
  from space 512K, 87% used [0x00000007abd80000,0x00000007abdf0000,0x00000007abe00000)
  to   space 2048K, 0% used [0x00000007aba00000,0x00000007aba00000,0x00000007abc00000)
 ParOldGen       total 113664K, used 113507K [0x0000000700000000, 0x0000000706f00000, 0x00000007aab00000)
  object space 113664K, 99% used [0x0000000700000000,0x0000000706ed8c88,0x0000000706f00000)
 Metaspace       used 68464K, committed 70016K, reserved 1114112K
  class space    used 7086K, committed 7808K, reserved 1048576K

Card table byte_map: [0x00000236da700000,0x00000236daf10000] _byte_map_base: 0x00000236d6f00000

Marking Bits: (ParMarkBitMap*) 0x00007ff89d4b44a0
 Begin Bits: [0x00000236daf10000, 0x00000236def10000)
 End Bits:   [0x00000236def10000, 0x00000236e2f10000)

Polling page: 0x00000236c6380000

Metaspace:

Usage:
  Non-class:     59.94 MB used.
      Class:      6.92 MB used.
       Both:     66.86 MB used.

Virtual space:
  Non-class space:       64.00 MB reserved,      60.75 MB ( 95%) committed,  1 nodes.
      Class space:        1.00 GB reserved,       7.62 MB ( <1%) committed,  1 nodes.
             Both:        1.06 GB reserved,      68.38 MB (  6%) committed. 

Chunk freelists:
   Non-Class:  2.70 MB
       Class:  8.39 MB
        Both:  11.09 MB

MaxMetaspaceSize: unlimited
CompressedClassSpaceSize: 1.00 GB
Initial GC threshold: 21.00 MB
Current GC threshold: 97.31 MB
CDS: on
 - commit_granule_bytes: 65536.
 - commit_granule_words: 8192.
 - virtual_space_node_default_size: 8388608.
 - enlarge_chunks_in_place: 1.
 - use_allocation_guard: 0.


Internal statistics:

num_allocs_failed_limit: 9.
num_arena_births: 1282.
num_arena_deaths: 30.
num_vsnodes_births: 2.
num_vsnodes_deaths: 0.
num_space_committed: 1094.
num_space_uncommitted: 0.
num_chunks_returned_to_freelist: 40.
num_chunks_taken_from_freelist: 4606.
num_chunk_merges: 15.
num_chunk_splits: 2769.
num_chunks_enlarged: 1553.
num_inconsistent_stats: 0.

CodeHeap 'non-profiled nmethods': size=120000Kb used=8739Kb max_used=8739Kb free=111260Kb
 bounds [0x00000236d31d0000, 0x00000236d3a60000, 0x00000236da700000]
CodeHeap 'profiled nmethods': size=120000Kb used=32258Kb max_used=32258Kb free=87742Kb
 bounds [0x00000236cb700000, 0x00000236cd690000, 0x00000236d2c30000]
CodeHeap 'non-nmethods': size=5760Kb used=1434Kb max_used=1507Kb free=4326Kb
 bounds [0x00000236d2c30000, 0x00000236d2ea0000, 0x00000236d31d0000]
CodeCache: size=245760Kb, used=42431Kb, max_used=42504Kb, free=203328Kb
 total_blobs=15095, nmethods=14351, adapters=647, full_count=0
Compilation: enabled, stopped_count=0, restarted_count=0

Compilation events (20 events):
Event: 93.556 Thread 0x00000236c85b1b00 14990       3       sun.security.util.ManifestEntryVerifier::update (48 bytes)
Event: 93.558 Thread 0x00000236c85b1b00 nmethod 14990 0x00000236cd676990 code [0x00000236cd676b80, 0x00000236cd6772c0]
Event: 93.558 Thread 0x00000236c85b1b00 14991       3       org.eclipse.osgi.internal.container.ComputeNodeOrder$Digraph::addEdge (67 bytes)
Event: 93.558 Thread 0x00000236c85b1b00 nmethod 14991 0x00000236cd677590 code [0x00000236cd6777a0, 0x00000236cd677ea0]
Event: 93.559 Thread 0x00000236c85b1b00 14992       3       org.eclipse.osgi.internal.container.ComputeNodeOrder$Digraph::addVertex (60 bytes)
Event: 93.559 Thread 0x00000236c85b1b00 nmethod 14992 0x00000236cd678090 code [0x00000236cd6782a0, 0x00000236cd678998]
Event: 93.559 Thread 0x00000236c85b1b00 14993       3       org.eclipse.osgi.internal.container.ComputeNodeOrder$Digraph$Vertex::<init> (33 bytes)
Event: 93.560 Thread 0x00000236c85b1b00 nmethod 14993 0x00000236cd678c10 code [0x00000236cd678dc0, 0x00000236cd679050]
Event: 93.583 Thread 0x00000236c85b1b00 14994       3       org.eclipse.core.runtime.ServiceCaller$ReferenceAndService::bundleChanged (32 bytes)
Event: 93.585 Thread 0x00000236c85b1b00 nmethod 14994 0x00000236cd679190 code [0x00000236cd6793c0, 0x00000236cd679b88]
Event: 93.586 Thread 0x00000236c85b1b00 14995       3       org.osgi.util.tracker.BundleTracker$Tracked::bundleChanged (48 bytes)
Event: 93.586 Thread 0x00000236c85b1b00 nmethod 14995 0x00000236cd679f90 code [0x00000236cd67a180, 0x00000236cd67a5e8]
Event: 93.586 Thread 0x00000236c85b1b00 14996       3       java.util.concurrent.Executors$RunnableAdapter::call (14 bytes)
Event: 93.587 Thread 0x00000236c85b1b00 nmethod 14996 0x00000236cd67a790 code [0x00000236cd67a940, 0x00000236cd67ab30]
Event: 93.593 Thread 0x00000236c85b1b00 14997       3       org.eclipse.osgi.framework.util.ArrayMap::getValue (11 bytes)
Event: 93.593 Thread 0x00000236c85b1b00 nmethod 14997 0x00000236cd67ac10 code [0x00000236cd67adc0, 0x00000236cd67afa0]
Event: 93.599 Thread 0x00000236c85b1b00 14998       3       org.eclipse.osgi.internal.serviceregistry.ServiceRegistry::hasListenServicePermission (53 bytes)
Event: 93.602 Thread 0x00000236c85b1b00 nmethod 14998 0x00000236cd67b090 code [0x00000236cd67b2c0, 0x00000236cd67b9f8]
Event: 93.602 Thread 0x00000236c85b1b00 14999       3       org.eclipse.osgi.internal.serviceregistry.FilteredServiceListener::filterMatch (96 bytes)
Event: 93.604 Thread 0x00000236c85b1b00 nmethod 14999 0x00000236cd67bd10 code [0x00000236cd67bfe0, 0x00000236cd67d4d8]

GC Heap History (20 events):
Event: 62.456 GC heap before
{Heap before GC invocations=94 (full 3):
 PSYoungGen      total 16896K, used 16432K [0x00000007aab00000, 0x00000007abe80000, 0x0000000800000000)
  eden space 13824K, 100% used [0x00000007aab00000,0x00000007ab880000,0x00000007ab880000)
  from space 3072K, 84% used [0x00000007abb80000,0x00000007abe0c010,0x00000007abe80000)
  to   space 3072K, 0% used [0x00000007ab880000,0x00000007ab880000,0x00000007abb80000)
 ParOldGen       total 102400K, used 101995K [0x0000000700000000, 0x0000000706400000, 0x00000007aab00000)
  object space 102400K, 99% used [0x0000000700000000,0x000000070639ae40,0x0000000706400000)
 Metaspace       used 68014K, committed 69632K, reserved 1114112K
  class space    used 7057K, committed 7808K, reserved 1048576K
}
Event: 62.461 GC heap after
{Heap after GC invocations=94 (full 3):
 PSYoungGen      total 16896K, used 2688K [0x00000007aab00000, 0x00000007abe80000, 0x0000000800000000)
  eden space 13824K, 0% used [0x00000007aab00000,0x00000007aab00000,0x00000007ab880000)
  from space 3072K, 87% used [0x00000007ab880000,0x00000007abb20000,0x00000007abb80000)
  to   space 3072K, 0% used [0x00000007abb80000,0x00000007abb80000,0x00000007abe80000)
 ParOldGen       total 102912K, used 102563K [0x0000000700000000, 0x0000000706480000, 0x00000007aab00000)
  object space 102912K, 99% used [0x0000000700000000,0x0000000706428e60,0x0000000706480000)
 Metaspace       used 68014K, committed 69632K, reserved 1114112K
  class space    used 7057K, committed 7808K, reserved 1048576K
}
Event: 62.795 GC heap before
{Heap before GC invocations=95 (full 3):
 PSYoungGen      total 16896K, used 16512K [0x00000007aab00000, 0x00000007abe80000, 0x0000000800000000)
  eden space 13824K, 100% used [0x00000007aab00000,0x00000007ab880000,0x00000007ab880000)
  from space 3072K, 87% used [0x00000007ab880000,0x00000007abb20000,0x00000007abb80000)
  to   space 3072K, 0% used [0x00000007abb80000,0x00000007abb80000,0x00000007abe80000)
 ParOldGen       total 102912K, used 102563K [0x0000000700000000, 0x0000000706480000, 0x00000007aab00000)
  object space 102912K, 99% used [0x0000000700000000,0x0000000706428e60,0x0000000706480000)
 Metaspace       used 68030K, committed 69632K, reserved 1114112K
  class space    used 7057K, committed 7808K, reserved 1048576K
}
Event: 62.799 GC heap after
{Heap after GC invocations=95 (full 3):
 PSYoungGen      total 14848K, used 704K [0x00000007aab00000, 0x00000007abc80000, 0x0000000800000000)
  eden space 13824K, 0% used [0x00000007aab00000,0x00000007aab00000,0x00000007ab880000)
  from space 1024K, 68% used [0x00000007abb80000,0x00000007abc30000,0x00000007abc80000)
  to   space 1536K, 0% used [0x00000007ab980000,0x00000007ab980000,0x00000007abb00000)
 ParOldGen       total 105472K, used 105017K [0x0000000700000000, 0x0000000706700000, 0x00000007aab00000)
  object space 105472K, 99% used [0x0000000700000000,0x000000070668e4e8,0x0000000706700000)
 Metaspace       used 68030K, committed 69632K, reserved 1114112K
  class space    used 7057K, committed 7808K, reserved 1048576K
}
Event: 63.302 GC heap before
{Heap before GC invocations=96 (full 3):
 PSYoungGen      total 14848K, used 14528K [0x00000007aab00000, 0x00000007abc80000, 0x0000000800000000)
  eden space 13824K, 100% used [0x00000007aab00000,0x00000007ab880000,0x00000007ab880000)
  from space 1024K, 68% used [0x00000007abb80000,0x00000007abc30000,0x00000007abc80000)
  to   space 1536K, 0% used [0x00000007ab980000,0x00000007ab980000,0x00000007abb00000)
 ParOldGen       total 105472K, used 105017K [0x0000000700000000, 0x0000000706700000, 0x00000007aab00000)
  object space 105472K, 99% used [0x0000000700000000,0x000000070668e4e8,0x0000000706700000)
 Metaspace       used 68072K, committed 69696K, reserved 1114112K
  class space    used 7057K, committed 7808K, reserved 1048576K
}
Event: 63.305 GC heap after
{Heap after GC invocations=96 (full 3):
 PSYoungGen      total 15360K, used 448K [0x00000007aab00000, 0x00000007abc00000, 0x0000000800000000)
  eden space 13824K, 0% used [0x00000007aab00000,0x00000007aab00000,0x00000007ab880000)
  from space 1536K, 29% used [0x00000007ab980000,0x00000007ab9f0000,0x00000007abb00000)
  to   space 1024K, 0% used [0x00000007abb00000,0x00000007abb00000,0x00000007abc00000)
 ParOldGen       total 105472K, used 105465K [0x0000000700000000, 0x0000000706700000, 0x00000007aab00000)
  object space 105472K, 99% used [0x0000000700000000,0x00000007066fe530,0x0000000706700000)
 Metaspace       used 68072K, committed 69696K, reserved 1114112K
  class space    used 7057K, committed 7808K, reserved 1048576K
}
Event: 63.482 GC heap before
{Heap before GC invocations=97 (full 3):
 PSYoungGen      total 15360K, used 14272K [0x00000007aab00000, 0x00000007abc00000, 0x0000000800000000)
  eden space 13824K, 100% used [0x00000007aab00000,0x00000007ab880000,0x00000007ab880000)
  from space 1536K, 29% used [0x00000007ab980000,0x00000007ab9f0000,0x00000007abb00000)
  to   space 1024K, 0% used [0x00000007abb00000,0x00000007abb00000,0x00000007abc00000)
 ParOldGen       total 105472K, used 105465K [0x0000000700000000, 0x0000000706700000, 0x00000007aab00000)
  object space 105472K, 99% used [0x0000000700000000,0x00000007066fe530,0x0000000706700000)
 Metaspace       used 68088K, committed 69696K, reserved 1114112K
  class space    used 7058K, committed 7808K, reserved 1048576K
}
Event: 63.484 GC heap after
{Heap after GC invocations=97 (full 3):
 PSYoungGen      total 14848K, used 1024K [0x00000007aab00000, 0x00000007abd80000, 0x0000000800000000)
  eden space 13824K, 0% used [0x00000007aab00000,0x00000007aab00000,0x00000007ab880000)
  from space 1024K, 100% used [0x00000007abb00000,0x00000007abc00000,0x00000007abc00000)
  to   space 2560K, 0% used [0x00000007ab880000,0x00000007ab880000,0x00000007abb00000)
 ParOldGen       total 106496K, used 106265K [0x0000000700000000, 0x0000000706800000, 0x00000007aab00000)
  object space 106496K, 99% used [0x0000000700000000,0x00000007067c6530,0x0000000706800000)
 Metaspace       used 68088K, committed 69696K, reserved 1114112K
  class space    used 7058K, committed 7808K, reserved 1048576K
}
Event: 64.288 GC heap before
{Heap before GC invocations=98 (full 3):
 PSYoungGen      total 14848K, used 14848K [0x00000007aab00000, 0x00000007abd80000, 0x0000000800000000)
  eden space 13824K, 100% used [0x00000007aab00000,0x00000007ab880000,0x00000007ab880000)
  from space 1024K, 100% used [0x00000007abb00000,0x00000007abc00000,0x00000007abc00000)
  to   space 2560K, 0% used [0x00000007ab880000,0x00000007ab880000,0x00000007abb00000)
 ParOldGen       total 106496K, used 106265K [0x0000000700000000, 0x0000000706800000, 0x00000007aab00000)
  object space 106496K, 99% used [0x0000000700000000,0x00000007067c6530,0x0000000706800000)
 Metaspace       used 68101K, committed 69696K, reserved 1114112K
  class space    used 7058K, committed 7808K, reserved 1048576K
}
Event: 64.294 GC heap after
{Heap after GC invocations=98 (full 3):
 PSYoungGen      total 16384K, used 2560K [0x00000007aab00000, 0x00000007ac080000, 0x0000000800000000)
  eden space 13824K, 0% used [0x00000007aab00000,0x00000007aab00000,0x00000007ab880000)
  from space 2560K, 100% used [0x00000007ab880000,0x00000007abb00000,0x00000007abb00000)
  to   space 4096K, 0% used [0x00000007abc80000,0x00000007abc80000,0x00000007ac080000)
 ParOldGen       total 107520K, used 107390K [0x0000000700000000, 0x0000000706900000, 0x00000007aab00000)
  object space 107520K, 99% used [0x0000000700000000,0x00000007068df9e0,0x0000000706900000)
 Metaspace       used 68101K, committed 69696K, reserved 1114112K
  class space    used 7058K, committed 7808K, reserved 1048576K
}
Event: 64.993 GC heap before
{Heap before GC invocations=99 (full 3):
 PSYoungGen      total 16384K, used 16384K [0x00000007aab00000, 0x00000007ac080000, 0x0000000800000000)
  eden space 13824K, 100% used [0x00000007aab00000,0x00000007ab880000,0x00000007ab880000)
  from space 2560K, 100% used [0x00000007ab880000,0x00000007abb00000,0x00000007abb00000)
  to   space 4096K, 0% used [0x00000007abc80000,0x00000007abc80000,0x00000007ac080000)
 ParOldGen       total 107520K, used 107390K [0x0000000700000000, 0x0000000706900000, 0x00000007aab00000)
  object space 107520K, 99% used [0x0000000700000000,0x00000007068df9e0,0x0000000706900000)
 Metaspace       used 68122K, committed 69696K, reserved 1114112K
  class space    used 7058K, committed 7808K, reserved 1048576K
}
Event: 64.998 GC heap after
{Heap after GC invocations=99 (full 3):
 PSYoungGen      total 15872K, used 1824K [0x00000007aab00000, 0x00000007abe80000, 0x0000000800000000)
  eden space 13824K, 0% used [0x00000007aab00000,0x00000007aab00000,0x00000007ab880000)
  from space 2048K, 89% used [0x00000007abc80000,0x00000007abe48000,0x00000007abe80000)
  to   space 2560K, 0% used [0x00000007ab980000,0x00000007ab980000,0x00000007abc00000)
 ParOldGen       total 108544K, used 108526K [0x0000000700000000, 0x0000000706a00000, 0x00000007aab00000)
  object space 108544K, 99% used [0x0000000700000000,0x00000007069fba10,0x0000000706a00000)
 Metaspace       used 68122K, committed 69696K, reserved 1114112K
  class space    used 7058K, committed 7808K, reserved 1048576K
}
Event: 70.040 GC heap before
{Heap before GC invocations=100 (full 3):
 PSYoungGen      total 15872K, used 15648K [0x00000007aab00000, 0x00000007abe80000, 0x0000000800000000)
  eden space 13824K, 100% used [0x00000007aab00000,0x00000007ab880000,0x00000007ab880000)
  from space 2048K, 89% used [0x00000007abc80000,0x00000007abe48000,0x00000007abe80000)
  to   space 2560K, 0% used [0x00000007ab980000,0x00000007ab980000,0x00000007abc00000)
 ParOldGen       total 108544K, used 108526K [0x0000000700000000, 0x0000000706a00000, 0x00000007aab00000)
  object space 108544K, 99% used [0x0000000700000000,0x00000007069fba10,0x0000000706a00000)
 Metaspace       used 68157K, committed 69760K, reserved 1114112K
  class space    used 7058K, committed 7808K, reserved 1048576K
}
Event: 70.043 GC heap after
{Heap after GC invocations=100 (full 3):
 PSYoungGen      total 15872K, used 2016K [0x00000007aab00000, 0x00000007abd80000, 0x0000000800000000)
  eden space 13824K, 0% used [0x00000007aab00000,0x00000007aab00000,0x00000007ab880000)
  from space 2048K, 98% used [0x00000007ab980000,0x00000007abb78000,0x00000007abb80000)
  to   space 2048K, 0% used [0x00000007abb80000,0x00000007abb80000,0x00000007abd80000)
 ParOldGen       total 109056K, used 108640K [0x0000000700000000, 0x0000000706a80000, 0x00000007aab00000)
  object space 109056K, 99% used [0x0000000700000000,0x0000000706a18270,0x0000000706a80000)
 Metaspace       used 68157K, committed 69760K, reserved 1114112K
  class space    used 7058K, committed 7808K, reserved 1048576K
}
Event: 70.847 GC heap before
{Heap before GC invocations=101 (full 3):
 PSYoungGen      total 15872K, used 15840K [0x00000007aab00000, 0x00000007abd80000, 0x0000000800000000)
  eden space 13824K, 100% used [0x00000007aab00000,0x00000007ab880000,0x00000007ab880000)
  from space 2048K, 98% used [0x00000007ab980000,0x00000007abb78000,0x00000007abb80000)
  to   space 2048K, 0% used [0x00000007abb80000,0x00000007abb80000,0x00000007abd80000)
 ParOldGen       total 109056K, used 108640K [0x0000000700000000, 0x0000000706a80000, 0x00000007aab00000)
  object space 109056K, 99% used [0x0000000700000000,0x0000000706a18270,0x0000000706a80000)
 Metaspace       used 68195K, committed 69760K, reserved 1114112K
  class space    used 7058K, committed 7808K, reserved 1048576K
}
Event: 70.850 GC heap after
{Heap after GC invocations=101 (full 3):
 PSYoungGen      total 15872K, used 2048K [0x00000007aab00000, 0x00000007abd80000, 0x0000000800000000)
  eden space 13824K, 0% used [0x00000007aab00000,0x00000007aab00000,0x00000007ab880000)
  from space 2048K, 100% used [0x00000007abb80000,0x00000007abd80000,0x00000007abd80000)
  to   space 2560K, 0% used [0x00000007ab880000,0x00000007ab880000,0x00000007abb00000)
 ParOldGen       total 109056K, used 108864K [0x0000000700000000, 0x0000000706a80000, 0x00000007aab00000)
  object space 109056K, 99% used [0x0000000700000000,0x0000000706a50270,0x0000000706a80000)
 Metaspace       used 68195K, committed 69760K, reserved 1114112K
  class space    used 7058K, committed 7808K, reserved 1048576K
}
Event: 71.625 GC heap before
{Heap before GC invocations=102 (full 3):
 PSYoungGen      total 15872K, used 15872K [0x00000007aab00000, 0x00000007abd80000, 0x0000000800000000)
  eden space 13824K, 100% used [0x00000007aab00000,0x00000007ab880000,0x00000007ab880000)
  from space 2048K, 100% used [0x00000007abb80000,0x00000007abd80000,0x00000007abd80000)
  to   space 2560K, 0% used [0x00000007ab880000,0x00000007ab880000,0x00000007abb00000)
 ParOldGen       total 109056K, used 108864K [0x0000000700000000, 0x0000000706a80000, 0x00000007aab00000)
  object space 109056K, 99% used [0x0000000700000000,0x0000000706a50270,0x0000000706a80000)
 Metaspace       used 68248K, committed 69824K, reserved 1114112K
  class space    used 7058K, committed 7808K, reserved 1048576K
}
Event: 71.629 GC heap after
{Heap after GC invocations=102 (full 3):
 PSYoungGen      total 16384K, used 2560K [0x00000007aab00000, 0x00000007ac280000, 0x0000000800000000)
  eden space 13824K, 0% used [0x00000007aab00000,0x00000007aab00000,0x00000007ab880000)
  from space 2560K, 100% used [0x00000007ab880000,0x00000007abb00000,0x00000007abb00000)
  to   space 5120K, 0% used [0x00000007abd80000,0x00000007abd80000,0x00000007ac280000)
 ParOldGen       total 111104K, used 110930K [0x0000000700000000, 0x0000000706c80000, 0x00000007aab00000)
  object space 111104K, 99% used [0x0000000700000000,0x0000000706c54908,0x0000000706c80000)
 Metaspace       used 68248K, committed 69824K, reserved 1114112K
  class space    used 7058K, committed 7808K, reserved 1048576K
}
Event: 93.287 GC heap before
{Heap before GC invocations=103 (full 3):
 PSYoungGen      total 16384K, used 16384K [0x00000007aab00000, 0x00000007ac280000, 0x0000000800000000)
  eden space 13824K, 100% used [0x00000007aab00000,0x00000007ab880000,0x00000007ab880000)
  from space 2560K, 100% used [0x00000007ab880000,0x00000007abb00000,0x00000007abb00000)
  to   space 5120K, 0% used [0x00000007abd80000,0x00000007abd80000,0x00000007ac280000)
 ParOldGen       total 111104K, used 110930K [0x0000000700000000, 0x0000000706c80000, 0x00000007aab00000)
  object space 111104K, 99% used [0x0000000700000000,0x0000000706c54908,0x0000000706c80000)
 Metaspace       used 68386K, committed 70016K, reserved 1114112K
  class space    used 7073K, committed 7808K, reserved 1048576K
}
Event: 93.319 GC heap after
{Heap after GC invocations=103 (full 3):
 PSYoungGen      total 14336K, used 448K [0x00000007aab00000, 0x00000007abe00000, 0x0000000800000000)
  eden space 13824K, 0% used [0x00000007aab00000,0x00000007aab00000,0x00000007ab880000)
  from space 512K, 87% used [0x00000007abd80000,0x00000007abdf0000,0x00000007abe00000)
  to   space 2048K, 0% used [0x00000007aba00000,0x00000007aba00000,0x00000007abc00000)
 ParOldGen       total 113664K, used 113507K [0x0000000700000000, 0x0000000706f00000, 0x00000007aab00000)
  object space 113664K, 99% used [0x0000000700000000,0x0000000706ed8c88,0x0000000706f00000)
 Metaspace       used 68386K, committed 70016K, reserved 1114112K
  class space    used 7073K, committed 7808K, reserved 1048576K
}

Dll operation events (20 events):
Event: 0.255 Attempting to load shared library C:\Users\Admin\.vscode\extensions\redhat.java-1.56.0-win32-x64\jre\21.0.12.1-win32-x86_64\bin\instrument.dll
Event: 0.255 Loaded shared library C:\Users\Admin\.vscode\extensions\redhat.java-1.56.0-win32-x64\jre\21.0.12.1-win32-x86_64\bin\instrument.dll
Event: 0.264 Attempting to load shared library C:\Users\Admin\.vscode\extensions\redhat.java-1.56.0-win32-x64\jre\21.0.12.1-win32-x86_64\bin\net.dll
Event: 0.266 Loaded shared library C:\Users\Admin\.vscode\extensions\redhat.java-1.56.0-win32-x64\jre\21.0.12.1-win32-x86_64\bin\net.dll
Event: 0.271 Attempting to load shared library C:\Users\Admin\.vscode\extensions\redhat.java-1.56.0-win32-x64\jre\21.0.12.1-win32-x86_64\bin\nio.dll
Event: 0.272 Loaded shared library C:\Users\Admin\.vscode\extensions\redhat.java-1.56.0-win32-x64\jre\21.0.12.1-win32-x86_64\bin\nio.dll
Event: 0.283 Attempting to load shared library C:\Users\Admin\.vscode\extensions\redhat.java-1.56.0-win32-x64\jre\21.0.12.1-win32-x86_64\bin\zip.dll
Event: 0.283 Loaded shared library C:\Users\Admin\.vscode\extensions\redhat.java-1.56.0-win32-x64\jre\21.0.12.1-win32-x86_64\bin\zip.dll
Event: 0.360 Attempting to load shared library C:\Users\Admin\.vscode\extensions\redhat.java-1.56.0-win32-x64\jre\21.0.12.1-win32-x86_64\bin\jimage.dll
Event: 0.360 Loaded shared library C:\Users\Admin\.vscode\extensions\redhat.java-1.56.0-win32-x64\jre\21.0.12.1-win32-x86_64\bin\jimage.dll
Event: 0.683 Attempting to load shared library c:\Users\Admin\.vscode\extensions\redhat.java-1.56.0-win32-x64\jre\21.0.12.1-win32-x86_64\bin\verify.dll
Event: 0.688 Loaded shared library c:\Users\Admin\.vscode\extensions\redhat.java-1.56.0-win32-x64\jre\21.0.12.1-win32-x86_64\bin\verify.dll
Event: 3.629 Attempting to load shared library C:\Users\Admin\AppData\Roaming\Code\User\globalStorage\redhat.java\1.56.0\config_win\org.eclipse.equinox.launcher\org.eclipse.equinox.launcher.win32.win32.x86_64_1.3.100.v20260804-1928\eclipse_11924.dll
Event: 3.634 Loaded shared library C:\Users\Admin\AppData\Roaming\Code\User\globalStorage\redhat.java\1.56.0\config_win\org.eclipse.equinox.launcher\org.eclipse.equinox.launcher.win32.win32.x86_64_1.3.100.v20260804-1928\eclipse_11924.dll
Event: 7.603 Attempting to load shared library C:\Users\Admin\.vscode\extensions\redhat.java-1.56.0-win32-x64\jre\21.0.12.1-win32-x86_64\bin\management.dll
Event: 7.610 Loaded shared library C:\Users\Admin\.vscode\extensions\redhat.java-1.56.0-win32-x64\jre\21.0.12.1-win32-x86_64\bin\management.dll
Event: 7.616 Attempting to load shared library C:\Users\Admin\.vscode\extensions\redhat.java-1.56.0-win32-x64\jre\21.0.12.1-win32-x86_64\bin\management_ext.dll
Event: 7.618 Loaded shared library C:\Users\Admin\.vscode\extensions\redhat.java-1.56.0-win32-x64\jre\21.0.12.1-win32-x86_64\bin\management_ext.dll
Event: 10.455 Attempting to load shared library C:\Users\Admin\AppData\Local\Temp\jna-63116079\jna12919087364622839679.dll
Event: 10.590 Loaded shared library C:\Users\Admin\AppData\Local\Temp\jna-63116079\jna12919087364622839679.dll

Deoptimization events (20 events):
Event: 93.206 Thread 0x00000236ea2e2e60 Uncommon trap: trap_request=0xffffffc6 fr.pc=0x00000236d3828ac4 relative=0x0000000000000404
Event: 93.206 Thread 0x00000236ea2e2e60 Uncommon trap: reason=bimorphic_or_optimized_type_check action=maybe_recompile pc=0x00000236d3828ac4 method=java.io.DataOutputStream.writeByte(I)V @ 5 c2
Event: 93.206 Thread 0x00000236ea2e2e60 DEOPT PACKING pc=0x00000236d3828ac4 sp=0x000000e179dff0f0
Event: 93.206 Thread 0x00000236ea2e2e60 DEOPT UNPACKING pc=0x00000236d2c83aa2 sp=0x000000e179dff0a8 mode 2
Event: 93.214 Thread 0x00000236ea2e2e60 Uncommon trap: trap_request=0xffffffc6 fr.pc=0x00000236d3828ac4 relative=0x0000000000000404
Event: 93.214 Thread 0x00000236ea2e2e60 Uncommon trap: reason=bimorphic_or_optimized_type_check action=maybe_recompile pc=0x00000236d3828ac4 method=java.io.DataOutputStream.writeByte(I)V @ 5 c2
Event: 93.214 Thread 0x00000236ea2e2e60 DEOPT PACKING pc=0x00000236d3828ac4 sp=0x000000e179dff060
Event: 93.214 Thread 0x00000236ea2e2e60 DEOPT UNPACKING pc=0x00000236d2c83aa2 sp=0x000000e179dff018 mode 2
Event: 93.214 Thread 0x00000236ea2e2e60 Uncommon trap: trap_request=0xffffffc6 fr.pc=0x00000236d3828ac4 relative=0x0000000000000404
Event: 93.214 Thread 0x00000236ea2e2e60 Uncommon trap: reason=bimorphic_or_optimized_type_check action=maybe_recompile pc=0x00000236d3828ac4 method=java.io.DataOutputStream.writeByte(I)V @ 5 c2
Event: 93.214 Thread 0x00000236ea2e2e60 DEOPT PACKING pc=0x00000236d3828ac4 sp=0x000000e179dff060
Event: 93.214 Thread 0x00000236ea2e2e60 DEOPT UNPACKING pc=0x00000236d2c83aa2 sp=0x000000e179dff018 mode 2
Event: 93.419 Thread 0x00000236ea2e2e60 Uncommon trap: trap_request=0xffffffbe fr.pc=0x00000236d362ea18 relative=0x0000000000000878
Event: 93.419 Thread 0x00000236ea2e2e60 Uncommon trap: reason=profile_predicate action=maybe_recompile pc=0x00000236d362ea18 method=java.util.Properties.load0(Ljava/util/Properties$LineReader;)V @ 14 c2
Event: 93.419 Thread 0x00000236ea2e2e60 DEOPT PACKING pc=0x00000236d362ea18 sp=0x000000e179dff120
Event: 93.419 Thread 0x00000236ea2e2e60 DEOPT UNPACKING pc=0x00000236d2c83aa2 sp=0x000000e179dff0c0 mode 2
Event: 93.603 Thread 0x00000236f6f5a2b0 Uncommon trap: trap_request=0xfffffff4 fr.pc=0x00000236d33a20e4 relative=0x0000000000001144
Event: 93.603 Thread 0x00000236f6f5a2b0 Uncommon trap: reason=null_check action=make_not_entrant pc=0x00000236d33a20e4 method=org.apache.aries.spifly.BaseActivator.getWeavingData(Lorg/osgi/framework/Bundle;)Ljava/util/Set; @ 10 c2
Event: 93.603 Thread 0x00000236f6f5a2b0 DEOPT PACKING pc=0x00000236d33a20e4 sp=0x000000e17ccfd5a0
Event: 93.603 Thread 0x00000236f6f5a2b0 DEOPT UNPACKING pc=0x00000236d2c83aa2 sp=0x000000e17ccfd378 mode 2

Classes loaded (20 events):
Event: 53.588 Loading class java/lang/StringLatin1$LinesSpliterator
Event: 53.588 Loading class java/lang/StringLatin1$LinesSpliterator done
Event: 55.427 Loading class jdk/internal/module/IllegalAccessLogger
Event: 55.427 Loading class jdk/internal/module/IllegalAccessLogger done
Event: 56.330 Loading class jdk/internal/module/IllegalAccessLogger
Event: 56.330 Loading class jdk/internal/module/IllegalAccessLogger done
Event: 57.105 Loading class sun/nio/ch/SocketOutputStream
Event: 57.106 Loading class sun/nio/ch/SocketOutputStream done
Event: 57.224 Loading class org/xml/sax/SAXParseException
Event: 57.225 Loading class org/xml/sax/SAXParseException done
Event: 58.769 Loading class jdk/internal/module/IllegalAccessLogger
Event: 58.769 Loading class jdk/internal/module/IllegalAccessLogger done
Event: 59.397 Loading class jdk/internal/module/IllegalAccessLogger
Event: 59.397 Loading class jdk/internal/module/IllegalAccessLogger done
Event: 92.806 Loading class java/util/concurrent/ConcurrentHashMap$EntrySpliterator
Event: 92.814 Loading class java/util/concurrent/ConcurrentHashMap$EntrySpliterator done
Event: 93.040 Loading class java/util/zip/Deflater
Event: 93.060 Loading class java/util/zip/Deflater done
Event: 93.073 Loading class java/util/zip/Deflater$DeflaterZStreamRef
Event: 93.077 Loading class java/util/zip/Deflater$DeflaterZStreamRef done

Classes unloaded (15 events):
Event: 9.051 Thread 0x00000236e38f48b0 Unloading class 0x00000236811a3800 'java/lang/invoke/LambdaForm$MH+0x00000236811a3800'
Event: 9.051 Thread 0x00000236e38f48b0 Unloading class 0x00000236811a3400 'java/lang/invoke/LambdaForm$MH+0x00000236811a3400'
Event: 9.051 Thread 0x00000236e38f48b0 Unloading class 0x00000236811a3000 'java/lang/invoke/LambdaForm$MH+0x00000236811a3000'
Event: 9.051 Thread 0x00000236e38f48b0 Unloading class 0x00000236811a2c00 'java/lang/invoke/LambdaForm$MH+0x00000236811a2c00'
Event: 9.051 Thread 0x00000236e38f48b0 Unloading class 0x00000236811a2800 'java/lang/invoke/LambdaForm$BMH+0x00000236811a2800'
Event: 9.051 Thread 0x00000236e38f48b0 Unloading class 0x00000236811a2400 'java/lang/invoke/LambdaForm$DMH+0x00000236811a2400'
Event: 9.051 Thread 0x00000236e38f48b0 Unloading class 0x00000236811a1000 'java/lang/invoke/LambdaForm$DMH+0x00000236811a1000'
Event: 10.845 Thread 0x00000236e38f48b0 Unloading class 0x00000236812e9800 'java/lang/invoke/LambdaForm$MH+0x00000236812e9800'
Event: 10.845 Thread 0x00000236e38f48b0 Unloading class 0x00000236812e8c00 'java/lang/invoke/LambdaForm$MH+0x00000236812e8c00'
Event: 10.845 Thread 0x00000236e38f48b0 Unloading class 0x00000236812e8400 'java/lang/invoke/LambdaForm$MH+0x00000236812e8400'
Event: 10.845 Thread 0x00000236e38f48b0 Unloading class 0x00000236812e7c00 'java/lang/invoke/LambdaForm$MH+0x00000236812e7c00'
Event: 10.845 Thread 0x00000236e38f48b0 Unloading class 0x00000236812e7800 'java/lang/invoke/LambdaForm$DMH+0x00000236812e7800'
Event: 10.845 Thread 0x00000236e38f48b0 Unloading class 0x00000236812e6c00 'java/lang/invoke/LambdaForm$MH+0x00000236812e6c00'
Event: 10.845 Thread 0x00000236e38f48b0 Unloading class 0x00000236812e3000 'java/lang/invoke/LambdaForm$MH+0x00000236812e3000'
Event: 36.187 Thread 0x00000236e38f48b0 Unloading class 0x00000236815d0000 'java/lang/invoke/LambdaForm$DMH+0x00000236815d0000'

Classes redefined (0 events):
No events

Internal exceptions (20 events):
Event: 59.762 Thread 0x00000236ea2e27d0 Exception <a 'java/io/IOException'{0x00000007ab075940}> (0x00000007ab075940) 
thrown [s\src\hotspot\share\prims\jni.cpp, line 520]
Event: 59.762 Thread 0x00000236ea2e27d0 Exception <a 'java/io/IOException'{0x00000007ab075f08}> (0x00000007ab075f08) 
thrown [s\src\hotspot\share\prims\jni.cpp, line 520]
Event: 59.762 Thread 0x00000236ea2e27d0 Exception <a 'java/io/IOException'{0x00000007ab0764d0}> (0x00000007ab0764d0) 
thrown [s\src\hotspot\share\prims\jni.cpp, line 520]
Event: 91.928 Thread 0x00000236ea2e2e60 Exception <a 'sun/nio/fs/WindowsException'{0x00000007aac9c6d0}> (0x00000007aac9c6d0) 
thrown [s\src\hotspot\share\prims\jni.cpp, line 520]
Event: 91.931 Thread 0x00000236ea2e2e60 Exception <a 'sun/nio/fs/WindowsException'{0x00000007aac9cfc0}> (0x00000007aac9cfc0) 
thrown [s\src\hotspot\share\prims\jni.cpp, line 520]
Event: 93.272 Thread 0x00000236ea2e2e60 Exception <a 'java/lang/NoSuchMethodError'{0x00000007ab870300}: 'java.lang.Object java.lang.invoke.DirectMethodHandle$Holder.newInvokeSpecial(java.lang.Object, java.lang.Object, java.lang.Object, java.lang.Object, java.lang.Object, java.lang.Object, java.lang.Object, java.lang.Object, java.lang.Object, java.lang.Object)'> (0x00000007ab870300) 
thrown [s\src\hotspot\share\interpreter\linkResolver.cpp, line 773]
Event: 93.343 Thread 0x00000236ea2e3b80 Exception <a 'sun/nio/fs/WindowsException'{0x00000007aab167f0}> (0x00000007aab167f0) 
thrown [s\src\hotspot\share\prims\jni.cpp, line 520]
Event: 93.442 Thread 0x00000236ea2e3b80 Exception <a 'sun/nio/fs/WindowsException'{0x00000007aab1dff8}> (0x00000007aab1dff8) 
thrown [s\src\hotspot\share\prims\jni.cpp, line 520]
Event: 93.542 Thread 0x00000236ea2e2e60 Exception <a 'java/io/IOException'{0x00000007aab76b40}> (0x00000007aab76b40) 
thrown [s\src\hotspot\share\prims\jni.cpp, line 520]
Event: 93.542 Thread 0x00000236ea2e2e60 Exception <a 'java/io/IOException'{0x00000007aab76e58}> (0x00000007aab76e58) 
thrown [s\src\hotspot\share\prims\jni.cpp, line 520]
Event: 93.542 Thread 0x00000236ea2e2e60 Exception <a 'java/io/IOException'{0x00000007aab77170}> (0x00000007aab77170) 
thrown [s\src\hotspot\share\prims\jni.cpp, line 520]
Event: 93.543 Thread 0x00000236ea2e2e60 Exception <a 'java/io/IOException'{0x00000007aab77b78}> (0x00000007aab77b78) 
thrown [s\src\hotspot\share\prims\jni.cpp, line 520]
Event: 93.543 Thread 0x00000236ea2e2e60 Exception <a 'java/io/IOException'{0x00000007aab77e90}> (0x00000007aab77e90) 
thrown [s\src\hotspot\share\prims\jni.cpp, line 520]
Event: 93.543 Thread 0x00000236ea2e2e60 Exception <a 'java/io/IOException'{0x00000007aab781a8}> (0x00000007aab781a8) 
thrown [s\src\hotspot\share\prims\jni.cpp, line 520]
Event: 93.546 Thread 0x00000236ea2e2e60 Exception <a 'java/io/IOException'{0x00000007aab78f58}> (0x00000007aab78f58) 
thrown [s\src\hotspot\share\prims\jni.cpp, line 520]
Event: 93.546 Thread 0x00000236ea2e2e60 Exception <a 'java/io/IOException'{0x00000007aab79270}> (0x00000007aab79270) 
thrown [s\src\hotspot\share\prims\jni.cpp, line 520]
Event: 93.546 Thread 0x00000236ea2e2e60 Exception <a 'java/io/IOException'{0x00000007aab79588}> (0x00000007aab79588) 
thrown [s\src\hotspot\share\prims\jni.cpp, line 520]
Event: 93.547 Thread 0x00000236ea2e2e60 Exception <a 'java/io/IOException'{0x00000007aab7a020}> (0x00000007aab7a020) 
thrown [s\src\hotspot\share\prims\jni.cpp, line 520]
Event: 93.547 Thread 0x00000236ea2e2e60 Exception <a 'java/io/IOException'{0x00000007aab7a338}> (0x00000007aab7a338) 
thrown [s\src\hotspot\share\prims\jni.cpp, line 520]
Event: 93.547 Thread 0x00000236ea2e2e60 Exception <a 'java/io/IOException'{0x00000007aab7a650}> (0x00000007aab7a650) 
thrown [s\src\hotspot\share\prims\jni.cpp, line 520]

ZGC Phase Switch (0 events):
No events

VM Operations (20 events):
Event: 66.002 Executing safepoint VM operation: Cleanup
Event: 66.002 Executing safepoint VM operation: Cleanup done
Event: 68.012 Executing safepoint VM operation: Cleanup
Event: 68.246 Executing safepoint VM operation: Cleanup done
Event: 69.247 Executing safepoint VM operation: Cleanup
Event: 69.293 Executing safepoint VM operation: Cleanup done
Event: 70.040 Executing safepoint VM operation: ParallelGCFailedAllocation (Allocation Failure)
Event: 70.043 Executing safepoint VM operation: ParallelGCFailedAllocation (Allocation Failure) done
Event: 70.846 Executing safepoint VM operation: ParallelGCFailedAllocation (Allocation Failure)
Event: 70.850 Executing safepoint VM operation: ParallelGCFailedAllocation (Allocation Failure) done
Event: 71.624 Executing safepoint VM operation: ParallelGCFailedAllocation (Allocation Failure)
Event: 71.629 Executing safepoint VM operation: ParallelGCFailedAllocation (Allocation Failure) done
Event: 72.631 Executing safepoint VM operation: Cleanup
Event: 72.631 Executing safepoint VM operation: Cleanup done
Event: 91.757 Executing safepoint VM operation: Cleanup
Event: 91.804 Executing safepoint VM operation: Cleanup done
Event: 92.813 Executing safepoint VM operation: Cleanup
Event: 92.829 Executing safepoint VM operation: Cleanup done
Event: 93.287 Executing safepoint VM operation: ParallelGCFailedAllocation (Allocation Failure)
Event: 93.319 Executing safepoint VM operation: ParallelGCFailedAllocation (Allocation Failure) done

Memory protections (0 events):
No events

Nmethod flushes (20 events):
Event: 36.243 Thread 0x00000236e38f48b0 flushing  nmethod 0x00000236cbf5b710
Event: 36.243 Thread 0x00000236e38f48b0 flushing  nmethod 0x00000236cbf60990
Event: 36.243 Thread 0x00000236e38f48b0 flushing  nmethod 0x00000236cbf61b10
Event: 36.243 Thread 0x00000236e38f48b0 flushing  nmethod 0x00000236cbf66890
Event: 36.243 Thread 0x00000236e38f48b0 flushing  nmethod 0x00000236cbf67b90
Event: 36.243 Thread 0x00000236e38f48b0 flushing  nmethod 0x00000236cbf6a810
Event: 36.243 Thread 0x00000236e38f48b0 flushing  nmethod 0x00000236cbf7d690
Event: 36.243 Thread 0x00000236e38f48b0 flushing  nmethod 0x00000236cbf7db90
Event: 36.243 Thread 0x00000236e38f48b0 flushing  nmethod 0x00000236cbf7e110
Event: 36.243 Thread 0x00000236e38f48b0 flushing  nmethod 0x00000236cbf81e90
Event: 36.243 Thread 0x00000236e38f48b0 flushing  nmethod 0x00000236cbf8c090
Event: 36.243 Thread 0x00000236e38f48b0 flushing  nmethod 0x00000236cbf8e490
Event: 36.243 Thread 0x00000236e38f48b0 flushing  nmethod 0x00000236cbf8eb10
Event: 36.243 Thread 0x00000236e38f48b0 flushing  nmethod 0x00000236cbf8f310
Event: 36.243 Thread 0x00000236e38f48b0 flushing  nmethod 0x00000236cbf9d510
Event: 36.243 Thread 0x00000236e38f48b0 flushing  nmethod 0x00000236cbf9f610
Event: 36.243 Thread 0x00000236e38f48b0 flushing  nmethod 0x00000236cbfa3a90
Event: 36.243 Thread 0x00000236e38f48b0 flushing  nmethod 0x00000236cbfc0890
Event: 36.243 Thread 0x00000236e38f48b0 flushing  nmethod 0x00000236cbfc2e90
Event: 36.243 Thread 0x00000236e38f48b0 flushing  nmethod 0x00000236cbfd3f10

Events (20 events):
Event: 56.684 Thread 0x00000236ea2e2e60 Thread added: 0x00000236f6f57b50
Event: 56.684 Thread 0x00000236ea2e2e60 Thread added: 0x00000236f6f5a2b0
Event: 56.704 Thread 0x00000236ea2e2e60 Thread added: 0x00000236f6f58870
Event: 56.704 Thread 0x00000236ea2e2e60 Thread added: 0x00000236f6f56e30
Event: 56.705 Thread 0x00000236ea2e2e60 Thread added: 0x00000236f6f5b660
Event: 56.866 Thread 0x00000236f6f57b50 Thread exited: 0x00000236f6f57b50
Event: 56.866 Thread 0x00000236f6f58870 Thread exited: 0x00000236f6f58870
Event: 56.866 Thread 0x00000236f6f5a2b0 Thread exited: 0x00000236f6f5a2b0
Event: 56.866 Thread 0x00000236f6f5b660 Thread exited: 0x00000236f6f5b660
Event: 56.866 Thread 0x00000236f6f56e30 Thread exited: 0x00000236f6f56e30
Event: 59.402 Thread 0x00000236c85b1b00 Thread added: 0x00000236f6a17210
Event: 60.059 Thread 0x00000236f6a17210 Thread exited: 0x00000236f6a17210
Event: 91.335 Thread 0x00000236ea2e1ab0 Thread added: 0x00000236f6f59590
Event: 91.837 Thread 0x00000236ea2e2e60 Thread added: 0x00000236f6f581e0
Event: 91.869 Thread 0x00000236f6f581e0 Thread exited: 0x00000236f6f581e0
Event: 93.027 Thread 0x00000236ea2e2e60 Thread added: 0x00000236f6f5a2b0
Event: 93.131 Thread 0x00000236f6f5a2b0 Thread exited: 0x00000236f6f5a2b0
Event: 93.330 Thread 0x00000236ea2e2e60 Thread added: 0x00000236f6f581e0
Event: 93.368 Thread 0x00000236f6f581e0 Thread exited: 0x00000236f6f581e0
Event: 93.486 Thread 0x00000236c84fd880 Thread added: 0x00000236f6f5a2b0


Dynamic libraries:
0x00007ff735100000 - 0x00007ff73510e000 	c:\Users\Admin\.vscode\extensions\redhat.java-1.56.0-win32-x64\jre\21.0.12.1-win32-x86_64\bin\java.exe
0x00007ff9d2500000 - 0x00007ff9d2767000 	C:\WINDOWS\SYSTEM32\ntdll.dll
0x00007ff9d06b0000 - 0x00007ff9d077b000 	C:\WINDOWS\System32\KERNEL32.DLL
0x00007ff9cf920000 - 0x00007ff9cfd22000 	C:\WINDOWS\System32\KERNELBASE.dll
0x00007ff9cf700000 - 0x00007ff9cf84c000 	C:\WINDOWS\System32\ucrtbase.dll
0x00007ff9be0c0000 - 0x00007ff9be0de000 	c:\Users\Admin\.vscode\extensions\redhat.java-1.56.0-win32-x64\jre\21.0.12.1-win32-x86_64\bin\VCRUNTIME140.dll
0x00007ff9c7bb0000 - 0x00007ff9c7bc8000 	c:\Users\Admin\.vscode\extensions\redhat.java-1.56.0-win32-x64\jre\21.0.12.1-win32-x86_64\bin\jli.dll
0x00007ff9d0b30000 - 0x00007ff9d0cff000 	C:\WINDOWS\System32\USER32.dll
0x00007ff9cfd30000 - 0x00007ff9cfd57000 	C:\WINDOWS\System32\win32u.dll
0x00007ff9d08d0000 - 0x00007ff9d08fb000 	C:\WINDOWS\System32\GDI32.dll
0x00007ff9b8ed0000 - 0x00007ff9b9160000 	C:\WINDOWS\WinSxS\amd64_microsoft.windows.common-controls_6595b64144ccf1df_6.0.26100.9278_none_3e0d1ba8e3303201\COMCTL32.dll
0x00007ff9cfd60000 - 0x00007ff9cfe89000 	C:\WINDOWS\System32\gdi32full.dll
0x00007ff9cffe0000 - 0x00007ff9d0083000 	C:\WINDOWS\System32\msvcp_win.dll
0x00007ff9d18a0000 - 0x00007ff9d1949000 	C:\WINDOWS\System32\msvcrt.dll
0x00007ff9d0780000 - 0x00007ff9d07b1000 	C:\WINDOWS\System32\IMM32.DLL
0x00007ff9c7af0000 - 0x00007ff9c7afc000 	c:\Users\Admin\.vscode\extensions\redhat.java-1.56.0-win32-x64\jre\21.0.12.1-win32-x86_64\bin\vcruntime140_1.dll
0x00007ff97fcd0000 - 0x00007ff97fd5d000 	c:\Users\Admin\.vscode\extensions\redhat.java-1.56.0-win32-x64\jre\21.0.12.1-win32-x86_64\bin\msvcp140.dll
0x00007ff89c7f0000 - 0x00007ff89d592000 	c:\Users\Admin\.vscode\extensions\redhat.java-1.56.0-win32-x64\jre\21.0.12.1-win32-x86_64\bin\server\jvm.dll
0x00007ff9d1790000 - 0x00007ff9d184c000 	C:\WINDOWS\System32\ADVAPI32.dll
0x00007ff9d0900000 - 0x00007ff9d09a9000 	C:\WINDOWS\System32\sechost.dll
0x00007ff9d1570000 - 0x00007ff9d1688000 	C:\WINDOWS\System32\RPCRT4.dll
0x00007ff9d0220000 - 0x00007ff9d02a0000 	C:\WINDOWS\System32\WS2_32.dll
0x00007ff9cf560000 - 0x00007ff9cf5be000 	C:\WINDOWS\SYSTEM32\POWRPROF.dll
0x00007ff9c6c80000 - 0x00007ff9c6cb6000 	C:\WINDOWS\SYSTEM32\WINMM.dll
0x00007ff9c6cc0000 - 0x00007ff9c6ccb000 	C:\WINDOWS\SYSTEM32\VERSION.dll
0x00007ff9cf540000 - 0x00007ff9cf555000 	C:\WINDOWS\SYSTEM32\UMPDC.dll
0x00007ff9ce390000 - 0x00007ff9ce3ab000 	C:\WINDOWS\SYSTEM32\kernel.appcore.dll
0x00007ff9c7bf0000 - 0x00007ff9c7bfa000 	c:\Users\Admin\.vscode\extensions\redhat.java-1.56.0-win32-x64\jre\21.0.12.1-win32-x86_64\bin\jimage.dll
0x00007ff9cce60000 - 0x00007ff9cd0ac000 	C:\WINDOWS\SYSTEM32\DBGHELP.DLL
0x00007ff9d02c0000 - 0x00007ff9d0645000 	C:\WINDOWS\System32\combase.dll
0x00007ff9d09d0000 - 0x00007ff9d0aa9000 	C:\WINDOWS\System32\OLEAUT32.dll
0x00007ff9bff00000 - 0x00007ff9bff3b000 	C:\WINDOWS\SYSTEM32\dbgcore.DLL
0x00007ff9cff20000 - 0x00007ff9cffcc000 	C:\WINDOWS\System32\bcryptPrimitives.dll
0x00007ff9c7be0000 - 0x00007ff9c7bef000 	c:\Users\Admin\.vscode\extensions\redhat.java-1.56.0-win32-x64\jre\21.0.12.1-win32-x86_64\bin\instrument.dll
0x00007ff9bb550000 - 0x00007ff9bb570000 	c:\Users\Admin\.vscode\extensions\redhat.java-1.56.0-win32-x64\jre\21.0.12.1-win32-x86_64\bin\java.dll
0x00007ff9d0d10000 - 0x00007ff9d14a8000 	C:\WINDOWS\System32\SHELL32.dll
0x00007ff9cd120000 - 0x00007ff9cd9ce000 	C:\WINDOWS\SYSTEM32\windows.storage.dll
0x00007ff9d1690000 - 0x00007ff9d178b000 	C:\WINDOWS\System32\SHCORE.dll
0x00007ff9d2110000 - 0x00007ff9d2176000 	C:\WINDOWS\System32\shlwapi.dll
0x00007ff9cf620000 - 0x00007ff9cf649000 	C:\WINDOWS\SYSTEM32\profapi.dll
0x00007ff9a93d0000 - 0x00007ff9a93e8000 	c:\Users\Admin\.vscode\extensions\redhat.java-1.56.0-win32-x64\jre\21.0.12.1-win32-x86_64\bin\zip.dll
0x00007ff9c7bd0000 - 0x00007ff9c7be0000 	C:\Users\Admin\.vscode\extensions\redhat.java-1.56.0-win32-x64\jre\21.0.12.1-win32-x86_64\bin\net.dll
0x00007ff9c87a0000 - 0x00007ff9c88ca000 	C:\WINDOWS\SYSTEM32\WINHTTP.dll
0x00007ff9ce930000 - 0x00007ff9ce99c000 	C:\WINDOWS\system32\mswsock.dll
0x00007ff9a49d0000 - 0x00007ff9a49e6000 	C:\Users\Admin\.vscode\extensions\redhat.java-1.56.0-win32-x64\jre\21.0.12.1-win32-x86_64\bin\nio.dll
0x00007ff9bf910000 - 0x00007ff9bf920000 	c:\Users\Admin\.vscode\extensions\redhat.java-1.56.0-win32-x64\jre\21.0.12.1-win32-x86_64\bin\verify.dll
0x00007ff97b660000 - 0x00007ff97b6a5000 	C:\Users\Admin\AppData\Roaming\Code\User\globalStorage\redhat.java\1.56.0\config_win\org.eclipse.equinox.launcher\org.eclipse.equinox.launcher.win32.win32.x86_64_1.3.100.v20260804-1928\eclipse_11924.dll
0x00007ff9d1f70000 - 0x00007ff9d210a000 	C:\WINDOWS\System32\ole32.dll
0x00007ff9bf5d0000 - 0x00007ff9bf5da000 	C:\Users\Admin\.vscode\extensions\redhat.java-1.56.0-win32-x64\jre\21.0.12.1-win32-x86_64\bin\management.dll
0x00007ff9be0b0000 - 0x00007ff9be0bc000 	C:\Users\Admin\.vscode\extensions\redhat.java-1.56.0-win32-x64\jre\21.0.12.1-win32-x86_64\bin\management_ext.dll
0x00007ff9d02b0000 - 0x00007ff9d02b8000 	C:\WINDOWS\System32\PSAPI.DLL
0x00007ff9ced50000 - 0x00007ff9ced6b000 	C:\WINDOWS\SYSTEM32\CRYPTSP.dll
0x00007ff9ce2f0000 - 0x00007ff9ce329000 	C:\WINDOWS\system32\rsaenh.dll
0x00007ff9ce9e0000 - 0x00007ff9cea14000 	C:\WINDOWS\SYSTEM32\USERENV.dll
0x00007ff9cf5f0000 - 0x00007ff9cf61a000 	C:\WINDOWS\SYSTEM32\bcrypt.dll
0x00007ff9ceb90000 - 0x00007ff9ceb9c000 	C:\WINDOWS\SYSTEM32\CRYPTBASE.dll
0x00007ff9cdd40000 - 0x00007ff9cdd73000 	C:\WINDOWS\SYSTEM32\IPHLPAPI.DLL
0x00007ff9d07c0000 - 0x00007ff9d07ca000 	C:\WINDOWS\System32\NSI.dll
0x00007ff96bcb0000 - 0x00007ff96bcf9000 	C:\Users\Admin\AppData\Local\Temp\jna-63116079\jna12919087364622839679.dll
0x00007ff9c8960000 - 0x00007ff9c897d000 	C:\WINDOWS\SYSTEM32\dhcpcsvc6.DLL
0x00007ff9c8930000 - 0x00007ff9c8955000 	C:\WINDOWS\SYSTEM32\dhcpcsvc.DLL
0x00007ff9ce4c0000 - 0x00007ff9ce4f6000 	C:\WINDOWS\SYSTEM32\ntmarta.dll

JVMTI agents:
c:\Users\Admin\.vscode\extensions\redhat.java-1.56.0-win32-x64\lombok\lombok-1.18.39-4050.jar path:c:\Users\Admin\.vscode\extensions\redhat.java-1.56.0-win32-x64\jre\21.0.12.1-win32-x86_64\bin\instrument.dll, loaded, initialized, instrumentlib options:none

dbghelp: loaded successfully - version: 4.0.5 - missing functions: none
symbol engine: initialized successfully - sym options: 0x614 - pdb path: .;c:\Users\Admin\.vscode\extensions\redhat.java-1.56.0-win32-x64\jre\21.0.12.1-win32-x86_64\bin;C:\WINDOWS\SYSTEM32;C:\WINDOWS\WinSxS\amd64_microsoft.windows.common-controls_6595b64144ccf1df_6.0.26100.9278_none_3e0d1ba8e3303201;c:\Users\Admin\.vscode\extensions\redhat.java-1.56.0-win32-x64\jre\21.0.12.1-win32-x86_64\bin\server;C:\Users\Admin\AppData\Roaming\Code\User\globalStorage\redhat.java\1.56.0\config_win\org.eclipse.equinox.launcher\org.eclipse.equinox.launcher.win32.win32.x86_64_1.3.100.v20260804-1928;C:\Users\Admin\AppData\Local\Temp\jna-63116079

VM Arguments:
jvm_args: --add-modules=ALL-SYSTEM --add-opens=java.base/java.util=ALL-UNNAMED --add-opens=java.base/java.lang=ALL-UNNAMED --add-opens=java.base/sun.nio.fs=ALL-UNNAMED -Declipse.application=org.eclipse.jdt.ls.core.id1 -Dosgi.bundles.defaultStartLevel=4 -Declipse.product=org.eclipse.jdt.ls.core.product -Djava.import.generatesMetadataFilesAtProjectRoot=false -Dm2e.project.cache.size=50 -DDetectVMInstallationsJob.disabled=true -Dfile.encoding=utf8 -XX:+UseParallelGC -XX:GCTimeRatio=4 -XX:AdaptiveSizePolicyWeight=90 -Dsun.zip.disableMemoryMapping=true -Xmx4G -Xms100m -Xlog:disable -javaagent:c:\Users\Admin\.vscode\extensions\redhat.java-1.56.0-win32-x64\lombok\lombok-1.18.39-4050.jar -XX:+HeapDumpOnOutOfMemoryError -XX:HeapDumpPath=c:\Users\Admin\AppData\Roaming\Code\User\workspaceStorage\8298593a17c31f0a0d427157eb77951d\redhat.java -Daether.dependencyCollector.impl=bf 
java_command: c:\Users\Admin\.vscode\extensions\redhat.java-1.56.0-win32-x64\server\plugins\org.eclipse.equinox.launcher_1.8.0.v20260804-1928.jar -configuration c:\Users\Admin\AppData\Roaming\Code\User\globalStorage\redhat.java\1.56.0\config_win -data c:\Users\Admin\AppData\Roaming\Code\User\workspaceStorage\8298593a17c31f0a0d427157eb77951d\redhat.java\jdt_ws --stdio
java_class_path (initial): c:\Users\Admin\.vscode\extensions\redhat.java-1.56.0-win32-x64\server\plugins\org.eclipse.equinox.launcher_1.8.0.v20260804-1928.jar
Launcher Type: SUN_STANDARD

[Global flags]
    uintx AdaptiveSizePolicyWeight                 = 90                                        {product} {command line}
     intx CICompilerCount                          = 4                                         {product} {ergonomic}
    uintx GCTimeRatio                              = 4                                         {product} {command line}
     bool HeapDumpOnOutOfMemoryError               = true                                   {manageable} {command line}
    ccstr HeapDumpPath                             = c:\Users\Admin\AppData\Roaming\Code\User\workspaceStorage\8298593a17c31f0a0d427157eb77951d\redhat.java         {manageable} {command line}
   size_t InitialHeapSize                          = 104857600                                 {product} {command line}
   size_t MaxHeapSize                              = 4294967296                                {product} {command line}
   size_t MaxNewSize                               = 1431306240                                {product} {ergonomic}
   size_t MinHeapDeltaBytes                        = 524288                                    {product} {ergonomic}
   size_t MinHeapSize                              = 104857600                                 {product} {command line}
   size_t NewSize                                  = 34603008                                  {product} {ergonomic}
    uintx NonNMethodCodeHeapSize                   = 5839372                                {pd product} {ergonomic}
    uintx NonProfiledCodeHeapSize                  = 122909434                              {pd product} {ergonomic}
   size_t OldSize                                  = 70254592                                  {product} {ergonomic}
    uintx ProfiledCodeHeapSize                     = 122909434                              {pd product} {ergonomic}
    uintx ReservedCodeCacheSize                    = 251658240                              {pd product} {ergonomic}
     bool SegmentedCodeCache                       = true                                      {product} {ergonomic}
   size_t SoftMaxHeapSize                          = 4294967296                             {manageable} {ergonomic}
     bool UseCompressedOops                        = true                           {product lp64_product} {ergonomic}
     bool UseLargePagesIndividualAllocation        = false                                  {pd product} {ergonomic}
     bool UseParallelGC                            = true                                      {product} {command line}

Logging:
Log output configuration:
 #0: stdout all=off uptime,level,tags foldmultilines=false
 #1: stderr all=off uptime,level,tags foldmultilines=false

Release file:
JAVA_VERSION="21.0.12.1" 
MODULES="java.base java.compiler java.datatransfer java.xml java.prefs java.desktop java.instrument java.logging java.management java.security.sasl java.naming java.rmi java.management.rmi java.net.http java.scripting java.security.jgss java.transaction.xa java.sql java.sql.rowset java.xml.crypto java.se java.smartcardio jdk.accessibility jdk.internal.jvmstat jdk.attach jdk.charsets jdk.internal.opt jdk.zipfs jdk.compiler jdk.crypto.ec jdk.crypto.cryptoki jdk.crypto.mscapi jdk.dynalink jdk.internal.ed jdk.editpad jdk.hotspot.agent jdk.httpserver jdk.internal.le jdk.internal.vm.ci jdk.internal.vm.compiler jdk.internal.vm.compiler.management jdk.jartool jdk.javadoc jdk.jcmd jdk.management jdk.management.agent jdk.jconsole jdk.jdeps jdk.jdwp.agent jdk.jdi jdk.jfr jdk.jshell jdk.jsobject jdk.jstatd jdk.localedata jdk.management.jfr jdk.naming.dns jdk.naming.rmi jdk.net jdk.nio.mapmode jdk.random jdk.sctp jdk.security.auth jdk.security.jgss jdk.unsupported jdk.unsupported.desktop jdk.xml.dom" 

Environment Variables:
PATH=C:\Program Files\Common Files\Oracle\Java\javapath;C:\WINDOWS\system32;C:\WINDOWS;C:\WINDOWS\System32\Wbem;C:\WINDOWS\System32\WindowsPowerShell\v1.0\;C:\WINDOWS\System32\OpenSSH\;C:\Program Files\MATLAB\R2024b\bin;C:\Program Files\Microsoft SQL Server\150\Tools\Binn\;C:\Program Files\dotnet\;C:\Program Files\Microsoft SQL Server\170\Tools\Binn\;C:\Program Files\nodejs\;C:\Program Files\Git\cmd;C:\Program Files\Amazon\AWSCLIV2\;C:\Users\Admin\AppData\Local\Microsoft\WindowsApps;C:\Users\Admin\.dotnet\tools;C:\Users\Admin\AppData\Local\GitHubDesktop\bin;C:\Users\Admin\AppData\Local\Programs\Microsoft VS Code\bin;C:\Users\Admin\AppData\Local\Python\bin;C:\Users\Admin\AppData\Local\Programs\DockerDesktop\resources\bin;C:\Users\Admin\AppData\Roaming\npm
USERNAME=Admin
OS=Windows_NT
PROCESSOR_IDENTIFIER=AMD64 Family 25 Model 80 Stepping 0, AuthenticAMD
TMP=C:\Users\Admin\AppData\Local\Temp
TEMP=C:\Users\Admin\AppData\Local\Temp




Periodic native trim disabled

---------------  S Y S T E M  ---------------

OS:
 Windows 11 , 64 bit Build 26100 (10.0.26100.9444)
OS uptime: 1 days 12:30 hours
Hyper-V role detected

CPU: total 12 (initial active 12) (12 cores per cpu, 2 threads per core) family 25 model 80 stepping 0 microcode 0xa500014, cx8, cmov, fxsr, ht, mmx, 3dnowpref, sse, sse2, sse3, ssse3, sse4a, sse4.1, sse4.2, popcnt, lzcnt, tsc, tscinvbit, avx, avx2, aes, erms, clmul, bmi1, bmi2, adx, sha, fma, vzeroupper, clflush, clflushopt, hv, rdtscp, rdpid, fsrm, f16c, cet_ss
Processor Information for the first 12 processors :
  Max Mhz: 2000, Current Mhz: 1890, Mhz Limit: 2000

Memory: 4k page, system-wide physical 7489M (89M free)
TotalPageFile size 30017M (AvailPageFile size 0M)
current process WorkingSet (physical memory assigned to process): 135M, peak: 288M
current process commit charge ("private bytes"): 506M, peak: 527M

vm_info: OpenJDK 64-Bit Server VM (21.0.12.1+1-LTS) for windows-amd64 JRE (21.0.12.1+1-LTS), built on 2026-08-18T00:00:00Z by "admin" with MS VC++ 17.12 (VS2022)

END.
