#
# There is insufficient memory for the Java Runtime Environment to continue.
# Native memory allocation (malloc) failed to allocate 1581536 bytes. Error detail: Chunk::new
# Possible reasons:
#   The system is out of physical RAM or swap space
#   This process is running with CompressedOops enabled, and the Java Heap may be blocking the growth of the native heap
# Possible solutions:
#   Reduce memory load on the system
#   Increase physical memory or swap space
#   Check if swap backing store is full
#   Decrease Java heap size (-Xmx/-Xms)
#   Decrease number of Java threads
#   Decrease Java thread stack sizes (-Xss)
#   Set larger code cache with -XX:ReservedCodeCacheSize=
#   JVM is running with Zero Based Compressed Oops mode in which the Java heap is
#     placed in the first 32GB address space. The Java Heap base address is the
#     maximum limit for the native heap growth. Please use -XX:HeapBaseMinAddress
#     to set the Java Heap base and to place the Java Heap above 32GB virtual address.
# This output file may be truncated or incomplete.
#
#  Out of Memory Error (arena.cpp:168), pid=25144, tid=36684
#
# JRE version: OpenJDK Runtime Environment Temurin-21.0.12.1+1 (21.0.12.1+1) (build 21.0.12.1+1-LTS)
# Java VM: OpenJDK 64-Bit Server VM Temurin-21.0.12.1+1 (21.0.12.1+1-LTS, mixed mode, sharing, tiered, compressed oops, compressed class ptrs, parallel gc, windows-amd64)
# No core dump will be written. Minidumps are not enabled by default on client versions of Windows
#

---------------  S U M M A R Y ------------

Command Line: --add-modules=ALL-SYSTEM --add-opens=java.base/java.util=ALL-UNNAMED --add-opens=java.base/java.lang=ALL-UNNAMED --add-opens=java.base/sun.nio.fs=ALL-UNNAMED -Declipse.application=org.eclipse.jdt.ls.core.id1 -Dosgi.bundles.defaultStartLevel=4 -Declipse.product=org.eclipse.jdt.ls.core.product -Djava.import.generatesMetadataFilesAtProjectRoot=false -Dm2e.project.cache.size=50 -DDetectVMInstallationsJob.disabled=true -Dfile.encoding=utf8 -XX:+UseParallelGC -XX:GCTimeRatio=4 -XX:AdaptiveSizePolicyWeight=90 -Dsun.zip.disableMemoryMapping=true -Xmx4G -Xms100m -Xlog:disable -javaagent:c:\Users\Admin\.vscode\extensions\redhat.java-1.56.0-win32-x64\lombok\lombok-1.18.39-4050.jar -XX:+HeapDumpOnOutOfMemoryError -XX:HeapDumpPath=c:\Users\Admin\AppData\Roaming\Code\User\workspaceStorage\8298593a17c31f0a0d427157eb77951d\redhat.java -Daether.dependencyCollector.impl=bf c:\Users\Admin\.vscode\extensions\redhat.java-1.56.0-win32-x64\server\plugins\org.eclipse.equinox.launcher_1.8.0.v20260804-1928.jar -configuration c:\Users\Admin\AppData\Roaming\Code\User\globalStorage\redhat.java\1.56.0\config_win -data c:\Users\Admin\AppData\Roaming\Code\User\workspaceStorage\8298593a17c31f0a0d427157eb77951d\redhat.java\jdt_ws --stdio

Host: AMD Ryzen 5 7530U with Radeon Graphics         , 12 cores, 7G,  Windows 11 , 64 bit Build 26100 (10.0.26100.9444)
Time: Fri Sep 18 21:52:10 2026 South Africa Standard Time elapsed time: 36.466072 seconds (0d 0h 0m 36s)

---------------  T H R E A D  ---------------

Current thread (0x000002a2d68a6660):  JavaThread "C2 CompilerThread0" daemon [_thread_in_native, id=36684, stack(0x000000c159a00000,0x000000c159b00000) (1024K)]


Current CompileTask:
C2:36466 7760 % !   4       org.eclipse.jdt.internal.compiler.classfmt.ClassFileReader::<init> @ 81 (1968 bytes)

Stack: [0x000000c159a00000,0x000000c159b00000]
Native frames: (J=compiled Java code, j=interpreted, Vv=VM code, C=native code)
V  [jvm.dll+0x6d83e9]
V  [jvm.dll+0x8b5736]
V  [jvm.dll+0x8b7cee]
V  [jvm.dll+0x8b83d3]
V  [jvm.dll+0x284596]
V  [jvm.dll+0xc685d]
V  [jvm.dll+0xc6da1]
V  [jvm.dll+0x2fb5ae]
V  [jvm.dll+0x5fee94]
V  [jvm.dll+0x255d67]
V  [jvm.dll+0x25612d]
V  [jvm.dll+0x24e6a0]
V  [jvm.dll+0x24bbe6]
V  [jvm.dll+0x1cb4ae]
V  [jvm.dll+0x25baad]
V  [jvm.dll+0x25a03a]
V  [jvm.dll+0x3f8aae]
V  [jvm.dll+0x8600cd]
V  [jvm.dll+0x6d6c1d]
C  [ucrtbase.dll+0x2cd30]
C  [KERNEL32.DLL+0x2cd87]
C  [ntdll.dll+0xacaec]


---------------  P R O C E S S  ---------------

Threads class SMR info:
_java_thread_list=0x000002a2fbcadde0, length=29, elements={
0x000002a2d67eda60, 0x000002a2f1bfe8a0, 0x000002a2d6893ce0, 0x000002a2d6895c50,
0x000002a2d6897fa0, 0x000002a2d689bfd0, 0x000002a2d68a38a0, 0x000002a2d68a6660,
0x000002a2f3061f80, 0x000002a2f3271b80, 0x000002a2f32e9ec0, 0x000002a2f87f16f0,
0x000002a2f873a930, 0x000002a2f870a690, 0x000002a2f8782cb0, 0x000002a2f8e4f100,
0x000002a2f8f53af0, 0x000002a2f86a1070, 0x000002a2f3352e50, 0x000002a2f3354200,
0x000002a2f33534e0, 0x000002a2f930be60, 0x000002a2f930aab0, 0x000002a2f930a420,
0x000002a2f930cb80, 0x000002a2f930c4f0, 0x000002a2f930d210, 0x000002a2f930b140,
0x000002a2f9309d90
}

Java Threads: ( => current thread )
  0x000002a2d67eda60 JavaThread "main"                              [_thread_blocked, id=36608, stack(0x000000c159000000,0x000000c159100000) (1024K)]
  0x000002a2f1bfe8a0 JavaThread "Reference Handler"          daemon [_thread_blocked, id=36096, stack(0x000000c159400000,0x000000c159500000) (1024K)]
  0x000002a2d6893ce0 JavaThread "Finalizer"                  daemon [_thread_blocked, id=36088, stack(0x000000c159500000,0x000000c159600000) (1024K)]
  0x000002a2d6895c50 JavaThread "Signal Dispatcher"          daemon [_thread_blocked, id=27540, stack(0x000000c159600000,0x000000c159700000) (1024K)]
  0x000002a2d6897fa0 JavaThread "Attach Listener"            daemon [_thread_blocked, id=16200, stack(0x000000c159700000,0x000000c159800000) (1024K)]
  0x000002a2d689bfd0 JavaThread "Service Thread"             daemon [_thread_blocked, id=34532, stack(0x000000c159800000,0x000000c159900000) (1024K)]
  0x000002a2d68a38a0 JavaThread "Monitor Deflation Thread"   daemon [_thread_blocked, id=36644, stack(0x000000c159900000,0x000000c159a00000) (1024K)]
=>0x000002a2d68a6660 JavaThread "C2 CompilerThread0"         daemon [_thread_in_native, id=36684, stack(0x000000c159a00000,0x000000c159b00000) (1024K)]
  0x000002a2f3061f80 JavaThread "C1 CompilerThread0"         daemon [_thread_blocked, id=15256, stack(0x000000c159b00000,0x000000c159c00000) (1024K)]
  0x000002a2f3271b80 JavaThread "Common-Cleaner"             daemon [_thread_blocked, id=17420, stack(0x000000c159c00000,0x000000c159d00000) (1024K)]
  0x000002a2f32e9ec0 JavaThread "Notification Thread"        daemon [_thread_blocked, id=24132, stack(0x000000c159e00000,0x000000c159f00000) (1024K)]
  0x000002a2f87f16f0 JavaThread "Active Thread: Equinox Container: c2d59cad-9a79-4c92-ad20-367b055c93bc"        [_thread_blocked, id=30196, stack(0x000000c159d00000,0x000000c159e00000) (1024K)]
  0x000002a2f873a930 JavaThread "Refresh Thread: Equinox Container: c2d59cad-9a79-4c92-ad20-367b055c93bc" daemon [_thread_blocked, id=33684, stack(0x000000c15a600000,0x000000c15a700000) (1024K)]
  0x000002a2f870a690 JavaThread "Framework Event Dispatcher: Equinox Container: c2d59cad-9a79-4c92-ad20-367b055c93bc" daemon [_thread_blocked, id=18616, stack(0x000000c15a700000,0x000000c15a800000) (1024K)]
  0x000002a2f8782cb0 JavaThread "Start Level: Equinox Container: c2d59cad-9a79-4c92-ad20-367b055c93bc" daemon [_thread_blocked, id=26760, stack(0x000000c15a800000,0x000000c15a900000) (1024K)]
  0x000002a2f8e4f100 JavaThread "Bundle File Closer"         daemon [_thread_blocked, id=12028, stack(0x000000c15ab00000,0x000000c15ac00000) (1024K)]
  0x000002a2f8f53af0 JavaThread "SCR Component Actor"        daemon [_thread_blocked, id=34256, stack(0x000000c15ac00000,0x000000c15ad00000) (1024K)]
  0x000002a2f86a1070 JavaThread "Worker-JM"                         [_thread_blocked, id=5412, stack(0x000000c15ae00000,0x000000c15af00000) (1024K)]
  0x000002a2f3352e50 JavaThread "JNA Cleaner"                daemon [_thread_blocked, id=23676, stack(0x000000c15ad00000,0x000000c15ae00000) (1024K)]
  0x000002a2f3354200 JavaThread "Worker-0"                          [_thread_blocked, id=10732, stack(0x000000c15af00000,0x000000c15b000000) (1024K)]
  0x000002a2f33534e0 JavaThread "Worker-1: Initialize workspace"        [_thread_blocked, id=35180, stack(0x000000c15b000000,0x000000c15b100000) (1024K)]
  0x000002a2f930be60 JavaThread "Java indexing"              daemon [_thread_in_native, id=35408, stack(0x000000c15b200000,0x000000c15b300000) (1024K)]
  0x000002a2f930aab0 JavaThread "Worker-2: Java indexing... "        [_thread_blocked, id=21472, stack(0x000000c15b300000,0x000000c15b400000) (1024K)]
  0x000002a2f930a420 JavaThread "Worker-3"                          [_thread_blocked, id=9700, stack(0x000000c15b700000,0x000000c15b800000) (1024K)]
  0x000002a2f930cb80 JavaThread "Worker-4"                          [_thread_blocked, id=23184, stack(0x000000c15b800000,0x000000c15b900000) (1024K)]
  0x000002a2f930c4f0 JavaThread "pool-2-thread-1"                   [_thread_blocked, id=36292, stack(0x000000c15b900000,0x000000c15ba00000) (1024K)]
  0x000002a2f930d210 JavaThread "WorkspaceEventsHandler"            [_thread_blocked, id=28472, stack(0x000000c15ba00000,0x000000c15bb00000) (1024K)]
  0x000002a2f930b140 JavaThread "pool-1-thread-1"                   [_thread_blocked, id=5860, stack(0x000000c15bb00000,0x000000c15bc00000) (1024K)]
  0x000002a2f9309d90 JavaThread "ForkJoinPool.commonPool-worker-1" daemon [_thread_blocked, id=2600, stack(0x000000c15bc00000,0x000000c15bd00000) (1024K)]
Total: 29

Other Threads:
  0x000002a2d6890a10 VMThread "VM Thread"                           [id=35984, stack(0x000000c159300000,0x000000c159400000) (1024K)]
  0x000002a2f1adca00 WatcherThread "VM Periodic Task Thread"        [id=36848, stack(0x000000c159200000,0x000000c159300000) (1024K)]
  0x000002a2d680bb40 WorkerThread "GC Thread#0"                     [id=35972, stack(0x000000c159100000,0x000000c159200000) (1024K)]
  0x000002a2f328b2a0 WorkerThread "GC Thread#1"                     [id=34488, stack(0x000000c159f00000,0x000000c15a000000) (1024K)]
  0x000002a2f32898d0 WorkerThread "GC Thread#2"                     [id=31864, stack(0x000000c15a000000,0x000000c15a100000) (1024K)]
  0x000002a2f3289c80 WorkerThread "GC Thread#3"                     [id=20400, stack(0x000000c15a100000,0x000000c15a200000) (1024K)]
  0x000002a2f328a030 WorkerThread "GC Thread#4"                     [id=25096, stack(0x000000c15a200000,0x000000c15a300000) (1024K)]
  0x000002a2f328a3e0 WorkerThread "GC Thread#5"                     [id=35420, stack(0x000000c15a300000,0x000000c15a400000) (1024K)]
  0x000002a2f328a790 WorkerThread "GC Thread#6"                     [id=28256, stack(0x000000c15a400000,0x000000c15a500000) (1024K)]
  0x000002a2f8734d10 WorkerThread "GC Thread#7"                     [id=11572, stack(0x000000c15a500000,0x000000c15a600000) (1024K)]
  0x000002a2f87380b0 WorkerThread "GC Thread#8"                     [id=33120, stack(0x000000c15a900000,0x000000c15aa00000) (1024K)]
  0x000002a2f8735820 WorkerThread "GC Thread#9"                     [id=36000, stack(0x000000c15aa00000,0x000000c15ab00000) (1024K)]
Total: 12

Threads with active compile tasks:
C2 CompilerThread0  36556 7760 % !   4       org.eclipse.jdt.internal.compiler.classfmt.ClassFileReader::<init> @ 81 (1968 bytes)
Total: 1

VM state: not at safepoint (normal execution)

VM Mutex/Monitor currently owned by a thread: None

Heap address: 0x0000000700000000, size: 4096 MB, Compressed Oops mode: Zero based, Oop shift amount: 3

CDS archive(s) mapped at: [0x000002a280000000-0x000002a280ba0000-0x000002a280ba0000), size 12189696, SharedBaseAddress: 0x000002a280000000, ArchiveRelocationMode: 1.
Compressed class space mapped at: 0x000002a281000000-0x000002a2c1000000, reserved size: 1073741824
Narrow klass base: 0x000002a280000000, Narrow klass shift: 0, Narrow klass range: 0x100000000

GC Precious Log:
 CardTable entry size: 512
 CPUs: 12 total, 12 available
 Memory: 7489M
 Large Page Support: Disabled
 NUMA Support: Disabled
 Compressed Oops: Enabled (Zero based)
 Alignments: Space 512K, Generation 512K, Heap 2M
 Heap Min Capacity: 100M
 Heap Initial Capacity: 100M
 Heap Max Capacity: 4G
 Pre-touch: Disabled
 Parallel Workers: 10

Heap:
 PSYoungGen      total 2560K, used 1584K [0x00000007aab00000, 0x00000007aae80000, 0x0000000800000000)
  eden space 2048K, 57% used [0x00000007aab00000,0x00000007aac24180,0x00000007aad00000)
  from space 512K, 81% used [0x00000007aae00000,0x00000007aae68000,0x00000007aae80000)
  to   space 512K, 0% used [0x00000007aad80000,0x00000007aad80000,0x00000007aae00000)
 ParOldGen       total 392704K, used 392682K [0x0000000700000000, 0x0000000717f80000, 0x00000007aab00000)
  object space 392704K, 99% used [0x0000000700000000,0x0000000717f7aae8,0x0000000717f80000)
 Metaspace       used 49717K, committed 51072K, reserved 1114112K
  class space    used 5392K, committed 5952K, reserved 1048576K

Card table byte_map: [0x000002a2e89f0000,0x000002a2e9200000] _byte_map_base: 0x000002a2e51f0000

Marking Bits: (ParMarkBitMap*) 0x00007ff8ba6f44a0
 Begin Bits: [0x000002a2e9200000, 0x000002a2ed200000)
 End Bits:   [0x000002a2ed200000, 0x000002a2f1200000)

Polling page: 0x000002a2d45f0000

Metaspace:

Usage:
  Non-class:     43.29 MB used.
      Class:      5.27 MB used.
       Both:     48.55 MB used.

Virtual space:
  Non-class space:       64.00 MB reserved,      44.06 MB ( 69%) committed,  1 nodes.
      Class space:        1.00 GB reserved,       5.81 MB ( <1%) committed,  1 nodes.
             Both:        1.06 GB reserved,      49.88 MB (  5%) committed. 

Chunk freelists:
   Non-Class:  3.75 MB
       Class:  10.06 MB
        Both:  13.81 MB

MaxMetaspaceSize: unlimited
CompressedClassSpaceSize: 1.00 GB
Initial GC threshold: 21.00 MB
Current GC threshold: 82.50 MB
CDS: on
 - commit_granule_bytes: 65536.
 - commit_granule_words: 8192.
 - virtual_space_node_default_size: 8388608.
 - enlarge_chunks_in_place: 1.
 - use_allocation_guard: 0.


Internal statistics:

num_allocs_failed_limit: 6.
num_arena_births: 1036.
num_arena_deaths: 14.
num_vsnodes_births: 2.
num_vsnodes_deaths: 0.
num_space_committed: 798.
num_space_uncommitted: 0.
num_chunks_returned_to_freelist: 20.
num_chunks_taken_from_freelist: 3393.
num_chunk_merges: 8.
num_chunk_splits: 2052.
num_chunks_enlarged: 1099.
num_inconsistent_stats: 0.

CodeHeap 'non-profiled nmethods': size=120000Kb used=4840Kb max_used=4840Kb free=115159Kb
 bounds [0x000002a2e14c0000, 0x000002a2e1980000, 0x000002a2e89f0000]
CodeHeap 'profiled nmethods': size=120000Kb used=14583Kb max_used=14583Kb free=105416Kb
 bounds [0x000002a2d99f0000, 0x000002a2da830000, 0x000002a2e0f20000]
CodeHeap 'non-nmethods': size=5760Kb used=1385Kb max_used=1474Kb free=4374Kb
 bounds [0x000002a2e0f20000, 0x000002a2e1190000, 0x000002a2e14c0000]
CodeCache: size=245760Kb, used=20808Kb, max_used=20897Kb, free=224949Kb
 total_blobs=7737, nmethods=7049, adapters=593, full_count=0
Compilation: enabled, stopped_count=0, restarted_count=0

Compilation events (20 events):
Event: 35.664 Thread 0x000002a2d68a6660 nmethod 7555% 0x000002a2e1972e90 code [0x000002a2e1973120, 0x000002a2e1975038]
Event: 35.665 Thread 0x000002a2d68a6660 7757       4       java.util.zip.InflaterInputStream::<init> (70 bytes)
Event: 35.669 Thread 0x000002a2d68a6660 nmethod 7757 0x000002a2e1975b10 code [0x000002a2e1975cc0, 0x000002a2e1975fe8]
Event: 35.669 Thread 0x000002a2d68a6660 7514       4       org.eclipse.jdt.core.search.SearchDocument::removeAllIndexEntries (19 bytes)
Event: 35.678 Thread 0x000002a2d68a6660 nmethod 7514 0x000002a2e1976190 code [0x000002a2e1976340, 0x000002a2e1976658]
Event: 35.678 Thread 0x000002a2d68a6660 7758       4       jdk.internal.ref.CleanerImpl$PhantomCleanableRef::performCleanup (10 bytes)
Event: 35.687 Thread 0x000002a2d68a6660 nmethod 7758 0x000002a2e1976890 code [0x000002a2e1976a80, 0x000002a2e19772b8]
Event: 35.688 Thread 0x000002a2d68a6660 7515       4       org.eclipse.jdt.internal.core.index.Index::remove (9 bytes)
Event: 35.691 Thread 0x000002a2d68a6660 nmethod 7515 0x000002a2e1977790 code [0x000002a2e1977940, 0x000002a2e1977bb0]
Event: 35.691 Thread 0x000002a2d68a6660 7527       4       org.eclipse.jdt.internal.core.search.JavaSearchDocument::<init> (12 bytes)
Event: 35.692 Thread 0x000002a2d68a6660 nmethod 7527 0x000002a2e1977d10 code [0x000002a2e1977ea0, 0x000002a2e1977f68]
Event: 35.715 Thread 0x000002a2d68a6660 7759   !   4       java.util.zip.ZipFile$ZipFileInflaterInputStream::close (67 bytes)
Event: 35.755 Thread 0x000002a2d68a6660 nmethod 7759 0x000002a2e1978010 code [0x000002a2e19782c0, 0x000002a2e19796d8]
Event: 35.755 Thread 0x000002a2d68a6660 7760 % !   4       org.eclipse.jdt.internal.compiler.classfmt.ClassFileReader::<init> @ 81 (1968 bytes)
Event: 35.972 Thread 0x000002a2f3061f80 7769       3       org.eclipse.jdt.internal.compiler.classfmt.MethodInfo::decodeTypeAnnotations (88 bytes)
Event: 35.973 Thread 0x000002a2f3061f80 nmethod 7769 0x000002a2da82c990 code [0x000002a2da82cb80, 0x000002a2da82d208]
Event: 36.069 Thread 0x000002a2f3061f80 7770       3       org.eclipse.jdt.internal.compiler.impl.IntConstant::fromValue (213 bytes)
Event: 36.070 Thread 0x000002a2f3061f80 nmethod 7770 0x000002a2da82d490 code [0x000002a2da82d6e0, 0x000002a2da82de38]
Event: 36.303 Thread 0x000002a2f3061f80 7774       3       org.eclipse.jdt.ls.core.internal.handlers.ProgressReporterManager$ProgressReporter::sendProgress (78 bytes)
Event: 36.305 Thread 0x000002a2f3061f80 nmethod 7774 0x000002a2da82df90 code [0x000002a2da82e1a0, 0x000002a2da82e808]

GC Heap History (20 events):
Event: 35.968 GC heap before
{Heap before GC invocations=443 (full 3):
 PSYoungGen      total 3584K, used 3488K [0x00000007aab00000, 0x00000007ab000000, 0x0000000800000000)
  eden space 3072K, 100% used [0x00000007aab00000,0x00000007aae00000,0x00000007aae00000)
  from space 512K, 81% used [0x00000007aae00000,0x00000007aae68000,0x00000007aae80000)
  to   space 512K, 0% used [0x00000007aaf80000,0x00000007aaf80000,0x00000007ab000000)
 ParOldGen       total 388608K, used 388273K [0x0000000700000000, 0x0000000717b80000, 0x00000007aab00000)
  object space 388608K, 99% used [0x0000000700000000,0x0000000717b2c730,0x0000000717b80000)
 Metaspace       used 49715K, committed 51072K, reserved 1114112K
  class space    used 5392K, committed 5952K, reserved 1048576K
}
Event: 35.970 GC heap after
{Heap after GC invocations=443 (full 3):
 PSYoungGen      total 3584K, used 512K [0x00000007aab00000, 0x00000007ab000000, 0x0000000800000000)
  eden space 3072K, 0% used [0x00000007aab00000,0x00000007aab00000,0x00000007aae00000)
  from space 512K, 100% used [0x00000007aaf80000,0x00000007ab000000,0x00000007ab000000)
  to   space 1024K, 0% used [0x00000007aae00000,0x00000007aae00000,0x00000007aaf00000)
 ParOldGen       total 389120K, used 388647K [0x0000000700000000, 0x0000000717c00000, 0x00000007aab00000)
  object space 389120K, 99% used [0x0000000700000000,0x0000000717b89d40,0x0000000717c00000)
 Metaspace       used 49715K, committed 51072K, reserved 1114112K
  class space    used 5392K, committed 5952K, reserved 1048576K
}
Event: 36.011 GC heap before
{Heap before GC invocations=444 (full 3):
 PSYoungGen      total 3584K, used 3584K [0x00000007aab00000, 0x00000007ab000000, 0x0000000800000000)
  eden space 3072K, 100% used [0x00000007aab00000,0x00000007aae00000,0x00000007aae00000)
  from space 512K, 100% used [0x00000007aaf80000,0x00000007ab000000,0x00000007ab000000)
  to   space 1024K, 0% used [0x00000007aae00000,0x00000007aae00000,0x00000007aaf00000)
 ParOldGen       total 389120K, used 388647K [0x0000000700000000, 0x0000000717c00000, 0x00000007aab00000)
  object space 389120K, 99% used [0x0000000700000000,0x0000000717b89d40,0x0000000717c00000)
 Metaspace       used 49715K, committed 51072K, reserved 1114112K
  class space    used 5392K, committed 5952K, reserved 1048576K
}
Event: 36.013 GC heap after
{Heap after GC invocations=444 (full 3):
 PSYoungGen      total 4096K, used 480K [0x00000007aab00000, 0x00000007ab000000, 0x0000000800000000)
  eden space 3072K, 0% used [0x00000007aab00000,0x00000007aab00000,0x00000007aae00000)
  from space 1024K, 46% used [0x00000007aae00000,0x00000007aae78000,0x00000007aaf00000)
  to   space 512K, 0% used [0x00000007aaf80000,0x00000007aaf80000,0x00000007ab000000)
 ParOldGen       total 389120K, used 389015K [0x0000000700000000, 0x0000000717c00000, 0x00000007aab00000)
  object space 389120K, 99% used [0x0000000700000000,0x0000000717be5d40,0x0000000717c00000)
 Metaspace       used 49715K, committed 51072K, reserved 1114112K
  class space    used 5392K, committed 5952K, reserved 1048576K
}
Event: 36.036 GC heap before
{Heap before GC invocations=445 (full 3):
 PSYoungGen      total 4096K, used 3552K [0x00000007aab00000, 0x00000007ab000000, 0x0000000800000000)
  eden space 3072K, 100% used [0x00000007aab00000,0x00000007aae00000,0x00000007aae00000)
  from space 1024K, 46% used [0x00000007aae00000,0x00000007aae78000,0x00000007aaf00000)
  to   space 512K, 0% used [0x00000007aaf80000,0x00000007aaf80000,0x00000007ab000000)
 ParOldGen       total 389120K, used 389015K [0x0000000700000000, 0x0000000717c00000, 0x00000007aab00000)
  object space 389120K, 99% used [0x0000000700000000,0x0000000717be5d40,0x0000000717c00000)
 Metaspace       used 49715K, committed 51072K, reserved 1114112K
  class space    used 5392K, committed 5952K, reserved 1048576K
}
Event: 36.038 GC heap after
{Heap after GC invocations=445 (full 3):
 PSYoungGen      total 3584K, used 512K [0x00000007aab00000, 0x00000007ab000000, 0x0000000800000000)
  eden space 3072K, 0% used [0x00000007aab00000,0x00000007aab00000,0x00000007aae00000)
  from space 512K, 100% used [0x00000007aaf80000,0x00000007ab000000,0x00000007ab000000)
  to   space 1024K, 0% used [0x00000007aae00000,0x00000007aae00000,0x00000007aaf00000)
 ParOldGen       total 389632K, used 389383K [0x0000000700000000, 0x0000000717c80000, 0x00000007aab00000)
  object space 389632K, 99% used [0x0000000700000000,0x0000000717c41d40,0x0000000717c80000)
 Metaspace       used 49715K, committed 51072K, reserved 1114112K
  class space    used 5392K, committed 5952K, reserved 1048576K
}
Event: 36.061 GC heap before
{Heap before GC invocations=446 (full 3):
 PSYoungGen      total 3584K, used 3584K [0x00000007aab00000, 0x00000007ab000000, 0x0000000800000000)
  eden space 3072K, 100% used [0x00000007aab00000,0x00000007aae00000,0x00000007aae00000)
  from space 512K, 100% used [0x00000007aaf80000,0x00000007ab000000,0x00000007ab000000)
  to   space 1024K, 0% used [0x00000007aae00000,0x00000007aae00000,0x00000007aaf00000)
 ParOldGen       total 389632K, used 389383K [0x0000000700000000, 0x0000000717c80000, 0x00000007aab00000)
  object space 389632K, 99% used [0x0000000700000000,0x0000000717c41d40,0x0000000717c80000)
 Metaspace       used 49715K, committed 51072K, reserved 1114112K
  class space    used 5392K, committed 5952K, reserved 1048576K
}
Event: 36.063 GC heap after
{Heap after GC invocations=446 (full 3):
 PSYoungGen      total 4096K, used 416K [0x00000007aab00000, 0x00000007ab000000, 0x0000000800000000)
  eden space 3072K, 0% used [0x00000007aab00000,0x00000007aab00000,0x00000007aae00000)
  from space 1024K, 40% used [0x00000007aae00000,0x00000007aae68000,0x00000007aaf00000)
  to   space 1024K, 0% used [0x00000007aaf00000,0x00000007aaf00000,0x00000007ab000000)
 ParOldGen       total 390144K, used 389767K [0x0000000700000000, 0x0000000717d00000, 0x00000007aab00000)
  object space 390144K, 99% used [0x0000000700000000,0x0000000717ca1d40,0x0000000717d00000)
 Metaspace       used 49715K, committed 51072K, reserved 1114112K
  class space    used 5392K, committed 5952K, reserved 1048576K
}
Event: 36.099 GC heap before
{Heap before GC invocations=447 (full 3):
 PSYoungGen      total 4096K, used 3482K [0x00000007aab00000, 0x00000007ab000000, 0x0000000800000000)
  eden space 3072K, 99% used [0x00000007aab00000,0x00000007aadfe8d8,0x00000007aae00000)
  from space 1024K, 40% used [0x00000007aae00000,0x00000007aae68000,0x00000007aaf00000)
  to   space 1024K, 0% used [0x00000007aaf00000,0x00000007aaf00000,0x00000007ab000000)
 ParOldGen       total 390144K, used 389767K [0x0000000700000000, 0x0000000717d00000, 0x00000007aab00000)
  object space 390144K, 99% used [0x0000000700000000,0x0000000717ca1d40,0x0000000717d00000)
 Metaspace       used 49715K, committed 51072K, reserved 1114112K
  class space    used 5392K, committed 5952K, reserved 1048576K
}
Event: 36.103 GC heap after
{Heap after GC invocations=447 (full 3):
 PSYoungGen      total 3072K, used 993K [0x00000007aab00000, 0x00000007ab200000, 0x0000000800000000)
  eden space 2048K, 0% used [0x00000007aab00000,0x00000007aab00000,0x00000007aad00000)
  from space 1024K, 96% used [0x00000007aaf00000,0x00000007aaff8400,0x00000007ab000000)
  to   space 2048K, 0% used [0x00000007aad00000,0x00000007aad00000,0x00000007aaf00000)
 ParOldGen       total 390656K, used 390351K [0x0000000700000000, 0x0000000717d80000, 0x00000007aab00000)
  object space 390656K, 99% used [0x0000000700000000,0x0000000717d33d40,0x0000000717d80000)
 Metaspace       used 49715K, committed 51072K, reserved 1114112K
  class space    used 5392K, committed 5952K, reserved 1048576K
}
Event: 36.342 GC heap before
{Heap before GC invocations=448 (full 3):
 PSYoungGen      total 3072K, used 3041K [0x00000007aab00000, 0x00000007ab200000, 0x0000000800000000)
  eden space 2048K, 100% used [0x00000007aab00000,0x00000007aad00000,0x00000007aad00000)
  from space 1024K, 96% used [0x00000007aaf00000,0x00000007aaff8400,0x00000007ab000000)
  to   space 2048K, 0% used [0x00000007aad00000,0x00000007aad00000,0x00000007aaf00000)
 ParOldGen       total 390656K, used 390351K [0x0000000700000000, 0x0000000717d80000, 0x00000007aab00000)
  object space 390656K, 99% used [0x0000000700000000,0x0000000717d33d40,0x0000000717d80000)
 Metaspace       used 49717K, committed 51072K, reserved 1114112K
  class space    used 5392K, committed 5952K, reserved 1048576K
}
Event: 36.345 GC heap after
{Heap after GC invocations=448 (full 3):
 PSYoungGen      total 3072K, used 584K [0x00000007aab00000, 0x00000007aaf80000, 0x0000000800000000)
  eden space 2048K, 0% used [0x00000007aab00000,0x00000007aab00000,0x00000007aad00000)
  from space 1024K, 57% used [0x00000007aad00000,0x00000007aad921c8,0x00000007aae00000)
  to   space 1024K, 0% used [0x00000007aae80000,0x00000007aae80000,0x00000007aaf80000)
 ParOldGen       total 390656K, used 390591K [0x0000000700000000, 0x0000000717d80000, 0x00000007aab00000)
  object space 390656K, 99% used [0x0000000700000000,0x0000000717d6fd40,0x0000000717d80000)
 Metaspace       used 49717K, committed 51072K, reserved 1114112K
  class space    used 5392K, committed 5952K, reserved 1048576K
}
Event: 36.361 GC heap before
{Heap before GC invocations=449 (full 3):
 PSYoungGen      total 3072K, used 2632K [0x00000007aab00000, 0x00000007aaf80000, 0x0000000800000000)
  eden space 2048K, 100% used [0x00000007aab00000,0x00000007aad00000,0x00000007aad00000)
  from space 1024K, 57% used [0x00000007aad00000,0x00000007aad921c8,0x00000007aae00000)
  to   space 1024K, 0% used [0x00000007aae80000,0x00000007aae80000,0x00000007aaf80000)
 ParOldGen       total 390656K, used 390591K [0x0000000700000000, 0x0000000717d80000, 0x00000007aab00000)
  object space 390656K, 99% used [0x0000000700000000,0x0000000717d6fd40,0x0000000717d80000)
 Metaspace       used 49717K, committed 51072K, reserved 1114112K
  class space    used 5392K, committed 5952K, reserved 1048576K
}
Event: 36.364 GC heap after
{Heap after GC invocations=449 (full 3):
 PSYoungGen      total 3072K, used 829K [0x00000007aab00000, 0x00000007aaf80000, 0x0000000800000000)
  eden space 2048K, 0% used [0x00000007aab00000,0x00000007aab00000,0x00000007aad00000)
  from space 1024K, 81% used [0x00000007aae80000,0x00000007aaf4f7c0,0x00000007aaf80000)
  to   space 1024K, 0% used [0x00000007aad00000,0x00000007aad00000,0x00000007aae00000)
 ParOldGen       total 390656K, used 390591K [0x0000000700000000, 0x0000000717d80000, 0x00000007aab00000)
  object space 390656K, 99% used [0x0000000700000000,0x0000000717d6fd40,0x0000000717d80000)
 Metaspace       used 49717K, committed 51072K, reserved 1114112K
  class space    used 5392K, committed 5952K, reserved 1048576K
}
Event: 36.387 GC heap before
{Heap before GC invocations=450 (full 3):
 PSYoungGen      total 3072K, used 2877K [0x00000007aab00000, 0x00000007aaf80000, 0x0000000800000000)
  eden space 2048K, 100% used [0x00000007aab00000,0x00000007aad00000,0x00000007aad00000)
  from space 1024K, 81% used [0x00000007aae80000,0x00000007aaf4f7c0,0x00000007aaf80000)
  to   space 1024K, 0% used [0x00000007aad00000,0x00000007aad00000,0x00000007aae00000)
 ParOldGen       total 390656K, used 390591K [0x0000000700000000, 0x0000000717d80000, 0x00000007aab00000)
  object space 390656K, 99% used [0x0000000700000000,0x0000000717d6fd40,0x0000000717d80000)
 Metaspace       used 49717K, committed 51072K, reserved 1114112K
  class space    used 5392K, committed 5952K, reserved 1048576K
}
Event: 36.390 GC heap after
{Heap after GC invocations=450 (full 3):
 PSYoungGen      total 3072K, used 699K [0x00000007aab00000, 0x00000007aaf00000, 0x0000000800000000)
  eden space 2048K, 0% used [0x00000007aab00000,0x00000007aab00000,0x00000007aad00000)
  from space 1024K, 68% used [0x00000007aad00000,0x00000007aadaec08,0x00000007aae00000)
  to   space 1024K, 0% used [0x00000007aae00000,0x00000007aae00000,0x00000007aaf00000)
 ParOldGen       total 391168K, used 390977K [0x0000000700000000, 0x0000000717e00000, 0x00000007aab00000)
  object space 391168K, 99% used [0x0000000700000000,0x0000000717dd06d8,0x0000000717e00000)
 Metaspace       used 49717K, committed 51072K, reserved 1114112K
  class space    used 5392K, committed 5952K, reserved 1048576K
}
Event: 36.414 GC heap before
{Heap before GC invocations=451 (full 3):
 PSYoungGen      total 3072K, used 2747K [0x00000007aab00000, 0x00000007aaf00000, 0x0000000800000000)
  eden space 2048K, 100% used [0x00000007aab00000,0x00000007aad00000,0x00000007aad00000)
  from space 1024K, 68% used [0x00000007aad00000,0x00000007aadaec08,0x00000007aae00000)
  to   space 1024K, 0% used [0x00000007aae00000,0x00000007aae00000,0x00000007aaf00000)
 ParOldGen       total 391168K, used 390977K [0x0000000700000000, 0x0000000717e00000, 0x00000007aab00000)
  object space 391168K, 99% used [0x0000000700000000,0x0000000717dd06d8,0x0000000717e00000)
 Metaspace       used 49717K, committed 51072K, reserved 1114112K
  class space    used 5392K, committed 5952K, reserved 1048576K
}
Event: 36.417 GC heap after
{Heap after GC invocations=451 (full 3):
 PSYoungGen      total 2560K, used 384K [0x00000007aab00000, 0x00000007aae80000, 0x0000000800000000)
  eden space 2048K, 0% used [0x00000007aab00000,0x00000007aab00000,0x00000007aad00000)
  from space 512K, 75% used [0x00000007aae00000,0x00000007aae60000,0x00000007aae80000)
  to   space 512K, 0% used [0x00000007aad80000,0x00000007aad80000,0x00000007aae00000)
 ParOldGen       total 391680K, used 391556K [0x0000000700000000, 0x0000000717e80000, 0x00000007aab00000)
  object space 391680K, 99% used [0x0000000700000000,0x0000000717e612e0,0x0000000717e80000)
 Metaspace       used 49717K, committed 51072K, reserved 1114112K
  class space    used 5392K, committed 5952K, reserved 1048576K
}
Event: 36.437 GC heap before
{Heap before GC invocations=452 (full 3):
 PSYoungGen      total 2560K, used 2432K [0x00000007aab00000, 0x00000007aae80000, 0x0000000800000000)
  eden space 2048K, 100% used [0x00000007aab00000,0x00000007aad00000,0x00000007aad00000)
  from space 512K, 75% used [0x00000007aae00000,0x00000007aae60000,0x00000007aae80000)
  to   space 512K, 0% used [0x00000007aad80000,0x00000007aad80000,0x00000007aae00000)
 ParOldGen       total 391680K, used 391556K [0x0000000700000000, 0x0000000717e80000, 0x00000007aab00000)
  object space 391680K, 99% used [0x0000000700000000,0x0000000717e612e0,0x0000000717e80000)
 Metaspace       used 49717K, committed 51072K, reserved 1114112K
  class space    used 5392K, committed 5952K, reserved 1048576K
}
Event: 36.440 GC heap after
{Heap after GC invocations=452 (full 3):
 PSYoungGen      total 2560K, used 480K [0x00000007aab00000, 0x00000007aae80000, 0x0000000800000000)
  eden space 2048K, 0% used [0x00000007aab00000,0x00000007aab00000,0x00000007aad00000)
  from space 512K, 93% used [0x00000007aad80000,0x00000007aadf8000,0x00000007aae00000)
  to   space 512K, 0% used [0x00000007aae00000,0x00000007aae00000,0x00000007aae80000)
 ParOldGen       total 392192K, used 391820K [0x0000000700000000, 0x0000000717f00000, 0x00000007aab00000)
  object space 392192K, 99% used [0x0000000700000000,0x0000000717ea32e0,0x0000000717f00000)
 Metaspace       used 49717K, committed 51072K, reserved 1114112K
  class space    used 5392K, committed 5952K, reserved 1048576K
}

Dll operation events (20 events):
Event: 0.021 Attempting to load shared library c:\Users\Admin\.vscode\extensions\redhat.java-1.56.0-win32-x64\jre\21.0.12.1-win32-x86_64\bin\java.dll
Event: 0.021 Loaded shared library c:\Users\Admin\.vscode\extensions\redhat.java-1.56.0-win32-x64\jre\21.0.12.1-win32-x86_64\bin\java.dll
Event: 0.133 Attempting to load shared library c:\Users\Admin\.vscode\extensions\redhat.java-1.56.0-win32-x64\jre\21.0.12.1-win32-x86_64\bin\zip.dll
Event: 0.134 Loaded shared library c:\Users\Admin\.vscode\extensions\redhat.java-1.56.0-win32-x64\jre\21.0.12.1-win32-x86_64\bin\zip.dll
Event: 0.166 Attempting to load shared library C:\Users\Admin\.vscode\extensions\redhat.java-1.56.0-win32-x64\jre\21.0.12.1-win32-x86_64\bin\instrument.dll
Event: 0.166 Loaded shared library C:\Users\Admin\.vscode\extensions\redhat.java-1.56.0-win32-x64\jre\21.0.12.1-win32-x86_64\bin\instrument.dll
Event: 0.175 Attempting to load shared library C:\Users\Admin\.vscode\extensions\redhat.java-1.56.0-win32-x64\jre\21.0.12.1-win32-x86_64\bin\net.dll
Event: 0.178 Loaded shared library C:\Users\Admin\.vscode\extensions\redhat.java-1.56.0-win32-x64\jre\21.0.12.1-win32-x86_64\bin\net.dll
Event: 0.183 Attempting to load shared library C:\Users\Admin\.vscode\extensions\redhat.java-1.56.0-win32-x64\jre\21.0.12.1-win32-x86_64\bin\nio.dll
Event: 0.184 Loaded shared library C:\Users\Admin\.vscode\extensions\redhat.java-1.56.0-win32-x64\jre\21.0.12.1-win32-x86_64\bin\nio.dll
Event: 0.192 Attempting to load shared library C:\Users\Admin\.vscode\extensions\redhat.java-1.56.0-win32-x64\jre\21.0.12.1-win32-x86_64\bin\zip.dll
Event: 0.192 Loaded shared library C:\Users\Admin\.vscode\extensions\redhat.java-1.56.0-win32-x64\jre\21.0.12.1-win32-x86_64\bin\zip.dll
Event: 0.229 Attempting to load shared library C:\Users\Admin\.vscode\extensions\redhat.java-1.56.0-win32-x64\jre\21.0.12.1-win32-x86_64\bin\jimage.dll
Event: 0.229 Loaded shared library C:\Users\Admin\.vscode\extensions\redhat.java-1.56.0-win32-x64\jre\21.0.12.1-win32-x86_64\bin\jimage.dll
Event: 0.361 Attempting to load shared library c:\Users\Admin\.vscode\extensions\redhat.java-1.56.0-win32-x64\jre\21.0.12.1-win32-x86_64\bin\verify.dll
Event: 0.362 Loaded shared library c:\Users\Admin\.vscode\extensions\redhat.java-1.56.0-win32-x64\jre\21.0.12.1-win32-x86_64\bin\verify.dll
Event: 3.731 Attempting to load shared library C:\Users\Admin\AppData\Roaming\Code\User\globalStorage\redhat.java\1.56.0\config_win\org.eclipse.equinox.launcher\org.eclipse.equinox.launcher.win32.win32.x86_64_1.3.100.v20260804-1928\eclipse_11924.dll
Event: 3.737 Loaded shared library C:\Users\Admin\AppData\Roaming\Code\User\globalStorage\redhat.java\1.56.0\config_win\org.eclipse.equinox.launcher\org.eclipse.equinox.launcher.win32.win32.x86_64_1.3.100.v20260804-1928\eclipse_11924.dll
Event: 8.906 Attempting to load shared library C:\Users\Admin\AppData\Local\Temp\jna-63116079\jna3963525554094937499.dll
Event: 10.168 Loaded shared library C:\Users\Admin\AppData\Local\Temp\jna-63116079\jna3963525554094937499.dll

Deoptimization events (20 events):
Event: 34.493 Thread 0x000002a2f930be60 DEOPT PACKING pc=0x000002a2e1689b18 sp=0x000000c15b2ff1a0
Event: 34.493 Thread 0x000002a2f930be60 DEOPT UNPACKING pc=0x000002a2e0f73aa2 sp=0x000000c15b2ff140 mode 2
Event: 34.875 Thread 0x000002a2f930be60 Uncommon trap: trap_request=0xffffff45 fr.pc=0x000002a2e19554cc relative=0x0000000000000acc
Event: 34.875 Thread 0x000002a2f930be60 Uncommon trap: reason=unstable_if action=reinterpret pc=0x000002a2e19554cc method=org.eclipse.jdt.internal.compiler.parser.Scanner.internalScanIdentifierOrKeyword(II[C)Lorg/eclipse/jdt/internal/compiler/parser/TerminalToken; @ 1057 c2
Event: 34.875 Thread 0x000002a2f930be60 DEOPT PACKING pc=0x000002a2e19554cc sp=0x000000c15b2ff290
Event: 34.875 Thread 0x000002a2f930be60 DEOPT UNPACKING pc=0x000002a2e0f73aa2 sp=0x000000c15b2ff218 mode 2
Event: 35.254 Thread 0x000002a2f930be60 Uncommon trap: trap_request=0xffffff45 fr.pc=0x000002a2e18e28a8 relative=0x00000000000076c8
Event: 35.254 Thread 0x000002a2f930be60 Uncommon trap: reason=unstable_if action=reinterpret pc=0x000002a2e18e28a8 method=org.eclipse.jdt.internal.compiler.classfmt.ClassFileReader.<init>([B[CZ)V @ 1364 c2
Event: 35.255 Thread 0x000002a2f930be60 DEOPT PACKING pc=0x000002a2e18e28a8 sp=0x000000c15b2ff0d0
Event: 35.255 Thread 0x000002a2f930be60 DEOPT UNPACKING pc=0x000002a2e0f73aa2 sp=0x000000c15b2ff080 mode 2
Event: 35.257 Thread 0x000002a2f930be60 Uncommon trap: trap_request=0xffffff45 fr.pc=0x000002a2e193cb80 relative=0x0000000000002580
Event: 35.257 Thread 0x000002a2f930be60 Uncommon trap: reason=unstable_if action=reinterpret pc=0x000002a2e193cb80 method=org.eclipse.jdt.internal.compiler.classfmt.MethodInfo.createMethod([B[IIJ)Lorg/eclipse/jdt/internal/compiler/classfmt/MethodInfo; @ 289 c2
Event: 35.257 Thread 0x000002a2f930be60 DEOPT PACKING pc=0x000002a2e193cb80 sp=0x000000c15b2ff000
Event: 35.257 Thread 0x000002a2f930be60 DEOPT UNPACKING pc=0x000002a2e0f73aa2 sp=0x000000c15b2fef80 mode 2
Event: 35.257 Thread 0x000002a2f930be60 Uncommon trap: trap_request=0xffffff45 fr.pc=0x000002a2e17b6b44 relative=0x0000000000007924
Event: 35.257 Thread 0x000002a2f930be60 Uncommon trap: reason=unstable_if action=reinterpret pc=0x000002a2e17b6b44 method=org.eclipse.jdt.internal.compiler.classfmt.ClassFileReader.<init>([B[CZ)V @ 1364 c2
Event: 35.257 Thread 0x000002a2f930be60 DEOPT PACKING pc=0x000002a2e17b6b44 sp=0x000000c15b2ff0c0
Event: 35.257 Thread 0x000002a2f930be60 DEOPT UNPACKING pc=0x000002a2e0f73aa2 sp=0x000000c15b2ff080 mode 2
Event: 36.432 Thread 0x000002a2f930be60 DEOPT PACKING pc=0x000002a2d9c3c28b sp=0x000000c15b2ff2f0
Event: 36.432 Thread 0x000002a2f930be60 DEOPT UNPACKING pc=0x000002a2e0f74242 sp=0x000000c15b2fe790 mode 0

Classes loaded (20 events):
Event: 33.363 Loading class sun/util/locale/provider/TimeZoneNameProviderImpl done
Event: 33.363 Loading class sun/util/cldr/CLDRTimeZoneNameProviderImpl done
Event: 33.377 Loading class sun/util/locale/provider/BaseLocaleDataMetaInfo
Event: 33.380 Loading class sun/util/locale/provider/BaseLocaleDataMetaInfo done
Event: 33.399 Loading class sun/util/resources/cldr/TimeZoneNames
Event: 33.407 Loading class sun/util/resources/TimeZoneNamesBundle
Event: 33.410 Loading class sun/util/resources/OpenListResourceBundle
Event: 33.411 Loading class sun/util/resources/OpenListResourceBundle done
Event: 33.411 Loading class sun/util/resources/TimeZoneNamesBundle done
Event: 33.412 Loading class sun/util/resources/cldr/TimeZoneNames done
Event: 33.415 Loading class sun/util/resources/cldr/TimeZoneNames_en
Event: 33.447 Loading class sun/util/resources/cldr/TimeZoneNames_en done
Event: 33.458 Loading class sun/util/resources/cldr/TimeZoneNames_en_US
Event: 33.458 Loading class sun/util/resources/cldr/TimeZoneNames_en_US done
Event: 33.468 Loading class sun/util/cldr/CLDRBaseLocaleDataMetaInfo$TZCanonicalIDMapHolder
Event: 33.482 Loading class sun/util/cldr/CLDRBaseLocaleDataMetaInfo$TZCanonicalIDMapHolder done
Event: 33.491 Loading class sun/util/resources/TimeZoneNames
Event: 33.498 Loading class sun/util/resources/TimeZoneNames done
Event: 33.498 Loading class sun/util/resources/TimeZoneNames_en
Event: 33.499 Loading class sun/util/resources/TimeZoneNames_en done

Classes unloaded (7 events):
Event: 11.154 Thread 0x000002a2d6890a10 Unloading class 0x000002a2811a4800 'java/lang/invoke/LambdaForm$MH+0x000002a2811a4800'
Event: 11.154 Thread 0x000002a2d6890a10 Unloading class 0x000002a2811a4400 'java/lang/invoke/LambdaForm$MH+0x000002a2811a4400'
Event: 11.154 Thread 0x000002a2d6890a10 Unloading class 0x000002a2811a4000 'java/lang/invoke/LambdaForm$MH+0x000002a2811a4000'
Event: 11.154 Thread 0x000002a2d6890a10 Unloading class 0x000002a2811a3c00 'java/lang/invoke/LambdaForm$MH+0x000002a2811a3c00'
Event: 11.154 Thread 0x000002a2d6890a10 Unloading class 0x000002a2811a3800 'java/lang/invoke/LambdaForm$BMH+0x000002a2811a3800'
Event: 11.154 Thread 0x000002a2d6890a10 Unloading class 0x000002a2811a3400 'java/lang/invoke/LambdaForm$DMH+0x000002a2811a3400'
Event: 11.154 Thread 0x000002a2d6890a10 Unloading class 0x000002a2811a2000 'java/lang/invoke/LambdaForm$DMH+0x000002a2811a2000'

Classes redefined (0 events):
No events

Internal exceptions (20 events):
Event: 17.393 Thread 0x000002a2f930b140 Exception <a 'sun/nio/fs/WindowsException'{0x00000007ab6a82e8}> (0x00000007ab6a82e8) 
thrown [s\src\hotspot\share\prims\jni.cpp, line 520]
Event: 17.395 Thread 0x000002a2f930b140 Exception <a 'sun/nio/fs/WindowsException'{0x00000007ab6d6ef8}> (0x00000007ab6d6ef8) 
thrown [s\src\hotspot\share\prims\jni.cpp, line 520]
Event: 17.395 Thread 0x000002a2f930b140 Exception <a 'sun/nio/fs/WindowsException'{0x00000007ab6d7538}> (0x00000007ab6d7538) 
thrown [s\src\hotspot\share\prims\jni.cpp, line 520]
Event: 17.639 Thread 0x000002a2f930b140 Exception <a 'java/lang/IncompatibleClassChangeError'{0x00000007ab739570}: Found class java.lang.Object, but interface was expected> (0x00000007ab739570) 
thrown [s\src\hotspot\share\interpreter\linkResolver.cpp, line 840]
Event: 30.769 Thread 0x000002a2f930be60 Exception <a 'sun/nio/fs/WindowsException'{0x00000007aab6d208}> (0x00000007aab6d208) 
thrown [s\src\hotspot\share\prims\jni.cpp, line 520]
Event: 30.877 Thread 0x000002a2f930be60 Exception <a 'sun/nio/fs/WindowsException'{0x00000007aab25b18}> (0x00000007aab25b18) 
thrown [s\src\hotspot\share\prims\jni.cpp, line 520]
Event: 30.902 Thread 0x000002a2f930be60 Exception <a 'sun/nio/fs/WindowsException'{0x00000007aab3e068}> (0x00000007aab3e068) 
thrown [s\src\hotspot\share\prims\jni.cpp, line 520]
Event: 31.053 Thread 0x000002a2f930be60 Exception <a 'sun/nio/fs/WindowsException'{0x00000007aab62b20}> (0x00000007aab62b20) 
thrown [s\src\hotspot\share\prims\jni.cpp, line 520]
Event: 32.264 Thread 0x000002a2f930be60 Exception <a 'sun/nio/fs/WindowsException'{0x00000007aab4cf38}> (0x00000007aab4cf38) 
thrown [s\src\hotspot\share\prims\jni.cpp, line 520]
Event: 32.350 Thread 0x000002a2f930be60 Exception <a 'sun/nio/fs/WindowsException'{0x00000007aabcb3a8}> (0x00000007aabcb3a8) 
thrown [s\src\hotspot\share\prims\jni.cpp, line 520]
Event: 32.602 Thread 0x000002a2f930be60 Exception <a 'sun/nio/fs/WindowsException'{0x00000007aac01fc8}> (0x00000007aac01fc8) 
thrown [s\src\hotspot\share\prims\jni.cpp, line 520]
Event: 32.623 Thread 0x000002a2f930be60 Exception <a 'sun/nio/fs/WindowsException'{0x00000007aac18bb8}> (0x00000007aac18bb8) 
thrown [s\src\hotspot\share\prims\jni.cpp, line 520]
Event: 32.647 Thread 0x000002a2f930be60 Exception <a 'sun/nio/fs/WindowsException'{0x00000007aac2eec0}> (0x00000007aac2eec0) 
thrown [s\src\hotspot\share\prims\jni.cpp, line 520]
Event: 32.821 Thread 0x000002a2f930be60 Exception <a 'sun/nio/fs/WindowsException'{0x00000007aab7e8b0}> (0x00000007aab7e8b0) 
thrown [s\src\hotspot\share\prims\jni.cpp, line 520]
Event: 34.319 Thread 0x000002a2f930be60 Exception <a 'sun/nio/fs/WindowsException'{0x00000007aabf3110}> (0x00000007aabf3110) 
thrown [s\src\hotspot\share\prims\jni.cpp, line 520]
Event: 34.486 Thread 0x000002a2f930be60 Exception <a 'sun/nio/fs/WindowsException'{0x00000007aab04700}> (0x00000007aab04700) 
thrown [s\src\hotspot\share\prims\jni.cpp, line 520]
Event: 34.639 Thread 0x000002a2f930be60 Exception <a 'sun/nio/fs/WindowsException'{0x00000007aab16678}> (0x00000007aab16678) 
thrown [s\src\hotspot\share\prims\jni.cpp, line 520]
Event: 34.766 Thread 0x000002a2f930be60 Exception <a 'sun/nio/fs/WindowsException'{0x00000007aab57640}> (0x00000007aab57640) 
thrown [s\src\hotspot\share\prims\jni.cpp, line 520]
Event: 35.443 Thread 0x000002a2f930be60 Exception <a 'sun/nio/fs/WindowsException'{0x00000007aabfb1f8}> (0x00000007aabfb1f8) 
thrown [s\src\hotspot\share\prims\jni.cpp, line 520]
Event: 36.291 Thread 0x000002a2f930be60 Exception <a 'sun/nio/fs/WindowsException'{0x00000007aabd7e10}> (0x00000007aabd7e10) 
thrown [s\src\hotspot\share\prims\jni.cpp, line 520]

ZGC Phase Switch (0 events):
No events

VM Operations (20 events):
Event: 35.968 Executing safepoint VM operation: ParallelGCFailedAllocation (Allocation Failure)
Event: 35.970 Executing safepoint VM operation: ParallelGCFailedAllocation (Allocation Failure) done
Event: 36.011 Executing safepoint VM operation: ParallelGCFailedAllocation (Allocation Failure)
Event: 36.013 Executing safepoint VM operation: ParallelGCFailedAllocation (Allocation Failure) done
Event: 36.036 Executing safepoint VM operation: ParallelGCFailedAllocation (Allocation Failure)
Event: 36.038 Executing safepoint VM operation: ParallelGCFailedAllocation (Allocation Failure) done
Event: 36.061 Executing safepoint VM operation: ParallelGCFailedAllocation (Allocation Failure)
Event: 36.063 Executing safepoint VM operation: ParallelGCFailedAllocation (Allocation Failure) done
Event: 36.099 Executing safepoint VM operation: ParallelGCFailedAllocation (Allocation Failure)
Event: 36.103 Executing safepoint VM operation: ParallelGCFailedAllocation (Allocation Failure) done
Event: 36.342 Executing safepoint VM operation: ParallelGCFailedAllocation (Allocation Failure)
Event: 36.345 Executing safepoint VM operation: ParallelGCFailedAllocation (Allocation Failure) done
Event: 36.361 Executing safepoint VM operation: ParallelGCFailedAllocation (Allocation Failure)
Event: 36.364 Executing safepoint VM operation: ParallelGCFailedAllocation (Allocation Failure) done
Event: 36.387 Executing safepoint VM operation: ParallelGCFailedAllocation (Allocation Failure)
Event: 36.390 Executing safepoint VM operation: ParallelGCFailedAllocation (Allocation Failure) done
Event: 36.414 Executing safepoint VM operation: ParallelGCFailedAllocation (Allocation Failure)
Event: 36.417 Executing safepoint VM operation: ParallelGCFailedAllocation (Allocation Failure) done
Event: 36.437 Executing safepoint VM operation: ParallelGCFailedAllocation (Allocation Failure)
Event: 36.440 Executing safepoint VM operation: ParallelGCFailedAllocation (Allocation Failure) done

Memory protections (0 events):
No events

Nmethod flushes (20 events):
Event: 27.950 Thread 0x000002a2d6890a10 flushing  nmethod 0x000002a2da1d4f90
Event: 27.950 Thread 0x000002a2d6890a10 flushing  nmethod 0x000002a2da1fdc90
Event: 27.950 Thread 0x000002a2d6890a10 flushing  nmethod 0x000002a2da260090
Event: 27.950 Thread 0x000002a2d6890a10 flushing  nmethod 0x000002a2da274690
Event: 27.950 Thread 0x000002a2d6890a10 flushing  nmethod 0x000002a2da288e90
Event: 27.950 Thread 0x000002a2d6890a10 flushing  nmethod 0x000002a2da28e190
Event: 27.950 Thread 0x000002a2d6890a10 flushing  nmethod 0x000002a2da28f610
Event: 27.950 Thread 0x000002a2d6890a10 flushing  nmethod 0x000002a2da290810
Event: 27.950 Thread 0x000002a2d6890a10 flushing  nmethod 0x000002a2da2bce10
Event: 27.950 Thread 0x000002a2d6890a10 flushing  nmethod 0x000002a2da2bd510
Event: 27.950 Thread 0x000002a2d6890a10 flushing  nmethod 0x000002a2da2bdb10
Event: 27.950 Thread 0x000002a2d6890a10 flushing  nmethod 0x000002a2da2be390
Event: 27.950 Thread 0x000002a2d6890a10 flushing  nmethod 0x000002a2da2c1d10
Event: 27.950 Thread 0x000002a2d6890a10 flushing  nmethod 0x000002a2da2ce110
Event: 27.950 Thread 0x000002a2d6890a10 flushing  nmethod 0x000002a2da2d3f90
Event: 27.950 Thread 0x000002a2d6890a10 flushing  nmethod 0x000002a2da2e2490
Event: 27.950 Thread 0x000002a2d6890a10 flushing  nmethod 0x000002a2da2ef910
Event: 27.950 Thread 0x000002a2d6890a10 flushing  nmethod 0x000002a2da31db90
Event: 27.950 Thread 0x000002a2d6890a10 flushing  nmethod 0x000002a2da324210
Event: 27.950 Thread 0x000002a2d6890a10 flushing  nmethod 0x000002a2da32e310

Events (20 events):
Event: 7.566 Thread 0x000002a2f3061f80 Thread added: 0x000002a2f8b4d090
Event: 7.929 Thread 0x000002a2f8782cb0 Thread added: 0x000002a2f86a1070
Event: 8.494 Thread 0x000002a2f8b4d090 Thread exited: 0x000002a2f8b4d090
Event: 10.218 Thread 0x000002a2f8782cb0 Thread added: 0x000002a2f3352e50
Event: 10.280 Thread 0x000002a2f8782cb0 Thread added: 0x000002a2f3354200
Event: 10.318 Thread 0x000002a2f8782cb0 Thread added: 0x000002a2f33534e0
Event: 10.513 Thread 0x000002a2f3061f80 Thread added: 0x000002a2f8b4f2a0
Event: 11.678 Thread 0x000002a2f8b4f2a0 Thread exited: 0x000002a2f8b4f2a0
Event: 12.068 Thread 0x000002a2f3061f80 Thread added: 0x000002a2f8b50040
Event: 12.277 Thread 0x000002a2f8782cb0 Thread added: 0x000002a2f930be60
Event: 12.459 Thread 0x000002a2f3354200 Thread added: 0x000002a2f930aab0
Event: 12.761 Thread 0x000002a2f3354200 Thread added: 0x000002a2f930a420
Event: 12.836 Thread 0x000002a2f930a420 Thread added: 0x000002a2f930cb80
Event: 12.980 Thread 0x000002a2d67eda60 Thread added: 0x000002a2f930c4f0
Event: 13.305 Thread 0x000002a2d67eda60 Thread added: 0x000002a2f930d210
Event: 13.306 Thread 0x000002a2d67eda60 Thread added: 0x000002a2f930b140
Event: 15.709 Thread 0x000002a2f930a420 Thread added: 0x000002a2f9309d90
Event: 17.326 Thread 0x000002a2f9309d90 Thread exited: 0x000002a2f9309d90
Event: 17.647 Thread 0x000002a2f930b140 Thread added: 0x000002a2f9309d90
Event: 23.336 Thread 0x000002a2f8b50040 Thread exited: 0x000002a2f8b50040


Dynamic libraries:
0x00007ff643a00000 - 0x00007ff643a0e000 	c:\Users\Admin\.vscode\extensions\redhat.java-1.56.0-win32-x64\jre\21.0.12.1-win32-x86_64\bin\java.exe
0x00007ff9d2500000 - 0x00007ff9d2767000 	C:\WINDOWS\SYSTEM32\ntdll.dll
0x00007ff9d06b0000 - 0x00007ff9d077b000 	C:\WINDOWS\System32\KERNEL32.DLL
0x00007ff9cf920000 - 0x00007ff9cfd22000 	C:\WINDOWS\System32\KERNELBASE.dll
0x00007ff9cf700000 - 0x00007ff9cf84c000 	C:\WINDOWS\System32\ucrtbase.dll
0x00007ff9bf600000 - 0x00007ff9bf61e000 	c:\Users\Admin\.vscode\extensions\redhat.java-1.56.0-win32-x64\jre\21.0.12.1-win32-x86_64\bin\VCRUNTIME140.dll
0x00007ff9bf620000 - 0x00007ff9bf638000 	c:\Users\Admin\.vscode\extensions\redhat.java-1.56.0-win32-x64\jre\21.0.12.1-win32-x86_64\bin\jli.dll
0x00007ff9d0b30000 - 0x00007ff9d0cff000 	C:\WINDOWS\System32\USER32.dll
0x00007ff9cfd30000 - 0x00007ff9cfd57000 	C:\WINDOWS\System32\win32u.dll
0x00007ff9b8ed0000 - 0x00007ff9b9160000 	C:\WINDOWS\WinSxS\amd64_microsoft.windows.common-controls_6595b64144ccf1df_6.0.26100.9278_none_3e0d1ba8e3303201\COMCTL32.dll
0x00007ff9d08d0000 - 0x00007ff9d08fb000 	C:\WINDOWS\System32\GDI32.dll
0x00007ff9d18a0000 - 0x00007ff9d1949000 	C:\WINDOWS\System32\msvcrt.dll
0x00007ff9cfd60000 - 0x00007ff9cfe89000 	C:\WINDOWS\System32\gdi32full.dll
0x00007ff9cffe0000 - 0x00007ff9d0083000 	C:\WINDOWS\System32\msvcp_win.dll
0x00007ff9d0780000 - 0x00007ff9d07b1000 	C:\WINDOWS\System32\IMM32.DLL
0x00007ff9c7af0000 - 0x00007ff9c7afc000 	c:\Users\Admin\.vscode\extensions\redhat.java-1.56.0-win32-x64\jre\21.0.12.1-win32-x86_64\bin\vcruntime140_1.dll
0x00007ff96b830000 - 0x00007ff96b8bd000 	c:\Users\Admin\.vscode\extensions\redhat.java-1.56.0-win32-x64\jre\21.0.12.1-win32-x86_64\bin\msvcp140.dll
0x00007ff8b9a30000 - 0x00007ff8ba7d2000 	c:\Users\Admin\.vscode\extensions\redhat.java-1.56.0-win32-x64\jre\21.0.12.1-win32-x86_64\bin\server\jvm.dll
0x00007ff9d1790000 - 0x00007ff9d184c000 	C:\WINDOWS\System32\ADVAPI32.dll
0x00007ff9d0900000 - 0x00007ff9d09a9000 	C:\WINDOWS\System32\sechost.dll
0x00007ff9d1570000 - 0x00007ff9d1688000 	C:\WINDOWS\System32\RPCRT4.dll
0x00007ff9d0220000 - 0x00007ff9d02a0000 	C:\WINDOWS\System32\WS2_32.dll
0x00007ff9cf560000 - 0x00007ff9cf5be000 	C:\WINDOWS\SYSTEM32\POWRPROF.dll
0x00007ff9c6c80000 - 0x00007ff9c6cb6000 	C:\WINDOWS\SYSTEM32\WINMM.dll
0x00007ff9c6cc0000 - 0x00007ff9c6ccb000 	C:\WINDOWS\SYSTEM32\VERSION.dll
0x00007ff9cf540000 - 0x00007ff9cf555000 	C:\WINDOWS\SYSTEM32\UMPDC.dll
0x00007ff9ce390000 - 0x00007ff9ce3ab000 	C:\WINDOWS\SYSTEM32\kernel.appcore.dll
0x00007ff9bf910000 - 0x00007ff9bf91a000 	c:\Users\Admin\.vscode\extensions\redhat.java-1.56.0-win32-x64\jre\21.0.12.1-win32-x86_64\bin\jimage.dll
0x00007ff9cce60000 - 0x00007ff9cd0ac000 	C:\WINDOWS\SYSTEM32\DBGHELP.DLL
0x00007ff9d02c0000 - 0x00007ff9d0645000 	C:\WINDOWS\System32\combase.dll
0x00007ff9d09d0000 - 0x00007ff9d0aa9000 	C:\WINDOWS\System32\OLEAUT32.dll
0x00007ff9bff00000 - 0x00007ff9bff3b000 	C:\WINDOWS\SYSTEM32\dbgcore.DLL
0x00007ff9cff20000 - 0x00007ff9cffcc000 	C:\WINDOWS\System32\bcryptPrimitives.dll
0x00007ff9bf5f0000 - 0x00007ff9bf5ff000 	c:\Users\Admin\.vscode\extensions\redhat.java-1.56.0-win32-x64\jre\21.0.12.1-win32-x86_64\bin\instrument.dll
0x00007ff9ae890000 - 0x00007ff9ae8b0000 	c:\Users\Admin\.vscode\extensions\redhat.java-1.56.0-win32-x64\jre\21.0.12.1-win32-x86_64\bin\java.dll
0x00007ff9d0d10000 - 0x00007ff9d14a8000 	C:\WINDOWS\System32\SHELL32.dll
0x00007ff9cd120000 - 0x00007ff9cd9ce000 	C:\WINDOWS\SYSTEM32\windows.storage.dll
0x00007ff9d1690000 - 0x00007ff9d178b000 	C:\WINDOWS\System32\SHCORE.dll
0x00007ff9d2110000 - 0x00007ff9d2176000 	C:\WINDOWS\System32\shlwapi.dll
0x00007ff9cf620000 - 0x00007ff9cf649000 	C:\WINDOWS\SYSTEM32\profapi.dll
0x00007ff9ae870000 - 0x00007ff9ae888000 	c:\Users\Admin\.vscode\extensions\redhat.java-1.56.0-win32-x64\jre\21.0.12.1-win32-x86_64\bin\zip.dll
0x00007ff9be060000 - 0x00007ff9be070000 	C:\Users\Admin\.vscode\extensions\redhat.java-1.56.0-win32-x64\jre\21.0.12.1-win32-x86_64\bin\net.dll
0x00007ff9c87a0000 - 0x00007ff9c88ca000 	C:\WINDOWS\SYSTEM32\WINHTTP.dll
0x00007ff9ce930000 - 0x00007ff9ce99c000 	C:\WINDOWS\system32\mswsock.dll
0x00007ff9aaf20000 - 0x00007ff9aaf36000 	C:\Users\Admin\.vscode\extensions\redhat.java-1.56.0-win32-x64\jre\21.0.12.1-win32-x86_64\bin\nio.dll
0x00007ff9ba560000 - 0x00007ff9ba570000 	c:\Users\Admin\.vscode\extensions\redhat.java-1.56.0-win32-x64\jre\21.0.12.1-win32-x86_64\bin\verify.dll
0x00007ff97b570000 - 0x00007ff97b5b5000 	C:\Users\Admin\AppData\Roaming\Code\User\globalStorage\redhat.java\1.56.0\config_win\org.eclipse.equinox.launcher\org.eclipse.equinox.launcher.win32.win32.x86_64_1.3.100.v20260804-1928\eclipse_11924.dll
0x00007ff9d1f70000 - 0x00007ff9d210a000 	C:\WINDOWS\System32\ole32.dll
0x00007ff9ced50000 - 0x00007ff9ced6b000 	C:\WINDOWS\SYSTEM32\CRYPTSP.dll
0x00007ff9ce2f0000 - 0x00007ff9ce329000 	C:\WINDOWS\system32\rsaenh.dll
0x00007ff9ce9e0000 - 0x00007ff9cea14000 	C:\WINDOWS\SYSTEM32\USERENV.dll
0x00007ff9cf5f0000 - 0x00007ff9cf61a000 	C:\WINDOWS\SYSTEM32\bcrypt.dll
0x00007ff9ceb90000 - 0x00007ff9ceb9c000 	C:\WINDOWS\SYSTEM32\CRYPTBASE.dll
0x00007ff9cdd40000 - 0x00007ff9cdd73000 	C:\WINDOWS\SYSTEM32\IPHLPAPI.DLL
0x00007ff9d07c0000 - 0x00007ff9d07ca000 	C:\WINDOWS\System32\NSI.dll
0x00007ff97b190000 - 0x00007ff97b1d9000 	C:\Users\Admin\AppData\Local\Temp\jna-63116079\jna3963525554094937499.dll
0x00007ff9d02b0000 - 0x00007ff9d02b8000 	C:\WINDOWS\System32\PSAPI.DLL
0x00007ff9c8960000 - 0x00007ff9c897d000 	C:\WINDOWS\SYSTEM32\dhcpcsvc6.DLL
0x00007ff9c8930000 - 0x00007ff9c8955000 	C:\WINDOWS\SYSTEM32\dhcpcsvc.DLL

JVMTI agents:
c:\Users\Admin\.vscode\extensions\redhat.java-1.56.0-win32-x64\lombok\lombok-1.18.39-4050.jar path:c:\Users\Admin\.vscode\extensions\redhat.java-1.56.0-win32-x64\jre\21.0.12.1-win32-x86_64\bin\instrument.dll, loaded, initialized, instrumentlib options:none

dbghelp: loaded successfully - version: 4.0.5 - missing functions: none
symbol engine: initialized successfully - sym options: 0x614 - pdb path: .;c:\Users\Admin\.vscode\extensions\redhat.java-1.56.0-win32-x64\jre\21.0.12.1-win32-x86_64\bin;C:\WINDOWS\SYSTEM32;C:\WINDOWS\WinSxS\amd64_microsoft.windows.common-controls_6595b64144ccf1df_6.0.26100.9278_none_3e0d1ba8e3303201;c:\Users\Admin\.vscode\extensions\redhat.java-1.56.0-win32-x64\jre\21.0.12.1-win32-x86_64\bin\server;C:\Users\Admin\AppData\Roaming\Code\User\globalStorage\redhat.java\1.56.0\config_win\org.eclipse.equinox.launcher\org.eclipse.equinox.launcher.win32.win32.x86_64_1.3.100.v20260804-1928;C:\Users\Admin\AppData\Local\Temp\jna-63116079

VM Arguments:
jvm_args: --add-modules=ALL-SYSTEM --add-opens=java.base/java.util=ALL-UNNAMED --add-opens=java.base/java.lang=ALL-UNNAMED --add-opens=java.base/sun.nio.fs=ALL-UNNAMED -Declipse.application=org.eclipse.jdt.ls.core.id1 -Dosgi.bundles.defaultStartLevel=4 -Declipse.product=org.eclipse.jdt.ls.core.product -Djava.import.generatesMetadataFilesAtProjectRoot=false -Dm2e.project.cache.size=50 -DDetectVMInstallationsJob.disabled=true -Dfile.encoding=utf8 -XX:+UseParallelGC -XX:GCTimeRatio=4 -XX:AdaptiveSizePolicyWeight=90 -Dsun.zip.disableMemoryMapping=true -Xmx4G -Xms100m -Xlog:disable -javaagent:c:\Users\Admin\.vscode\extensions\redhat.java-1.56.0-win32-x64\lombok\lombok-1.18.39-4050.jar -XX:+HeapDumpOnOutOfMemoryError -XX:HeapDumpPath=c:\Users\Admin\AppData\Roaming\Code\User\workspaceStorage\8298593a17c31f0a0d427157eb77951d\redhat.java -Daether.dependencyCollector.impl=bf 
java_command: c:\Users\Admin\.vscode\extensions\redhat.java-1.56.0-win32-x64\server\plugins\org.eclipse.equinox.launcher_1.8.0.v20260804-1928.jar -configuration c:\Users\Admin\AppData\Roaming\Code\User\globalStorage\redhat.java\1.56.0\config_win -data c:\Users\Admin\AppData\Roaming\Code\User\workspaceStorage\8298593a17c31f0a0d427157eb77951d\redhat.java\jdt_ws --stdio
java_class_path (initial): c:\Users\Admin\.vscode\extensions\redhat.java-1.56.0-win32-x64\server\plugins\org.eclipse.equinox.launcher_1.8.0.v20260804-1928.jar
Launcher Type: SUN_STANDARD

[Global flags]
    uintx AdaptiveSizePolicyWeight                 = 90                                        {product} {command line}
     intx CICompilerCount                          = 4                                         {product} {ergonomic}
    uintx GCTimeRatio                              = 4                                         {product} {command line}
     bool HeapDumpOnOutOfMemoryError               = true                                   {manageable} {command line}
    ccstr HeapDumpPath                             = c:\Users\Admin\AppData\Roaming\Code\User\workspaceStorage\8298593a17c31f0a0d427157eb77951d\redhat.java         {manageable} {command line}
   size_t InitialHeapSize                          = 104857600                                 {product} {command line}
   size_t MaxHeapSize                              = 4294967296                                {product} {command line}
   size_t MaxNewSize                               = 1431306240                                {product} {ergonomic}
   size_t MinHeapDeltaBytes                        = 524288                                    {product} {ergonomic}
   size_t MinHeapSize                              = 104857600                                 {product} {command line}
   size_t NewSize                                  = 34603008                                  {product} {ergonomic}
    uintx NonNMethodCodeHeapSize                   = 5839372                                {pd product} {ergonomic}
    uintx NonProfiledCodeHeapSize                  = 122909434                              {pd product} {ergonomic}
   size_t OldSize                                  = 70254592                                  {product} {ergonomic}
    uintx ProfiledCodeHeapSize                     = 122909434                              {pd product} {ergonomic}
    uintx ReservedCodeCacheSize                    = 251658240                              {pd product} {ergonomic}
     bool SegmentedCodeCache                       = true                                      {product} {ergonomic}
   size_t SoftMaxHeapSize                          = 4294967296                             {manageable} {ergonomic}
     bool UseCompressedOops                        = true                           {product lp64_product} {ergonomic}
     bool UseLargePagesIndividualAllocation        = false                                  {pd product} {ergonomic}
     bool UseParallelGC                            = true                                      {product} {command line}

Logging:
Log output configuration:
 #0: stdout all=off uptime,level,tags foldmultilines=false
 #1: stderr all=off uptime,level,tags foldmultilines=false

Release file:
JAVA_VERSION="21.0.12.1" 
MODULES="java.base java.compiler java.datatransfer java.xml java.prefs java.desktop java.instrument java.logging java.management java.security.sasl java.naming java.rmi java.management.rmi java.net.http java.scripting java.security.jgss java.transaction.xa java.sql java.sql.rowset java.xml.crypto java.se java.smartcardio jdk.accessibility jdk.internal.jvmstat jdk.attach jdk.charsets jdk.internal.opt jdk.zipfs jdk.compiler jdk.crypto.ec jdk.crypto.cryptoki jdk.crypto.mscapi jdk.dynalink jdk.internal.ed jdk.editpad jdk.hotspot.agent jdk.httpserver jdk.internal.le jdk.internal.vm.ci jdk.internal.vm.compiler jdk.internal.vm.compiler.management jdk.jartool jdk.javadoc jdk.jcmd jdk.management jdk.management.agent jdk.jconsole jdk.jdeps jdk.jdwp.agent jdk.jdi jdk.jfr jdk.jshell jdk.jsobject jdk.jstatd jdk.localedata jdk.management.jfr jdk.naming.dns jdk.naming.rmi jdk.net jdk.nio.mapmode jdk.random jdk.sctp jdk.security.auth jdk.security.jgss jdk.unsupported jdk.unsupported.desktop jdk.xml.dom" 

Environment Variables:
PATH=C:\Program Files\Common Files\Oracle\Java\javapath;C:\WINDOWS\system32;C:\WINDOWS;C:\WINDOWS\System32\Wbem;C:\WINDOWS\System32\WindowsPowerShell\v1.0\;C:\WINDOWS\System32\OpenSSH\;C:\Program Files\MATLAB\R2024b\bin;C:\Program Files\Microsoft SQL Server\150\Tools\Binn\;C:\Program Files\dotnet\;C:\Program Files\Microsoft SQL Server\170\Tools\Binn\;C:\Program Files\nodejs\;C:\Program Files\Git\cmd;C:\Program Files\Amazon\AWSCLIV2\;C:\Users\Admin\AppData\Local\Microsoft\WindowsApps;C:\Users\Admin\.dotnet\tools;C:\Users\Admin\AppData\Local\GitHubDesktop\bin;C:\Users\Admin\AppData\Local\Programs\Microsoft VS Code\bin;C:\Users\Admin\AppData\Local\Python\bin;C:\Users\Admin\AppData\Local\Programs\DockerDesktop\resources\bin;C:\Users\Admin\AppData\Roaming\npm
USERNAME=Admin
OS=Windows_NT
PROCESSOR_IDENTIFIER=AMD64 Family 25 Model 80 Stepping 0, AuthenticAMD
TMP=C:\Users\Admin\AppData\Local\Temp
TEMP=C:\Users\Admin\AppData\Local\Temp




Periodic native trim disabled

---------------  S Y S T E M  ---------------

OS:
 Windows 11 , 64 bit Build 26100 (10.0.26100.9444)
OS uptime: 1 days 12:34 hours
Hyper-V role detected

CPU: total 12 (initial active 12) (12 cores per cpu, 2 threads per core) family 25 model 80 stepping 0 microcode 0xa500014, cx8, cmov, fxsr, ht, mmx, 3dnowpref, sse, sse2, sse3, ssse3, sse4a, sse4.1, sse4.2, popcnt, lzcnt, tsc, tscinvbit, avx, avx2, aes, erms, clmul, bmi1, bmi2, adx, sha, fma, vzeroupper, clflush, clflushopt, hv, rdtscp, rdpid, fsrm, f16c, cet_ss
Processor Information for the first 12 processors :
  Max Mhz: 2000, Current Mhz: 1890, Mhz Limit: 2000

Memory: 4k page, system-wide physical 7489M (20M free)
TotalPageFile size 30017M (AvailPageFile size 0M)
current process WorkingSet (physical memory assigned to process): 483M, peak: 495M
current process commit charge ("private bytes"): 702M, peak: 3056M

vm_info: OpenJDK 64-Bit Server VM (21.0.12.1+1-LTS) for windows-amd64 JRE (21.0.12.1+1-LTS), built on 2026-08-18T00:00:00Z by "admin" with MS VC++ 17.12 (VS2022)

END.
