#
# There is insufficient memory for the Java Runtime Environment to continue.
# Native memory allocation (malloc) failed to allocate 1140496 bytes. Error detail: Chunk::new
# Possible reasons:
#   The system is out of physical RAM or swap space
#   This process is running with CompressedOops enabled, and the Java Heap may be blocking the growth of the native heap
# Possible solutions:
#   Reduce memory load on the system
#   Increase physical memory or swap space
#   Check if swap backing store is full
#   Decrease Java heap size (-Xmx/-Xms)
#   Decrease number of Java threads
#   Decrease Java thread stack sizes (-Xss)
#   Set larger code cache with -XX:ReservedCodeCacheSize=
#   JVM is running with Zero Based Compressed Oops mode in which the Java heap is
#     placed in the first 32GB address space. The Java Heap base address is the
#     maximum limit for the native heap growth. Please use -XX:HeapBaseMinAddress
#     to set the Java Heap base and to place the Java Heap above 32GB virtual address.
# This output file may be truncated or incomplete.
#
#  Out of Memory Error (arena.cpp:168), pid=35068, tid=26828
#
# JRE version: OpenJDK Runtime Environment Temurin-21.0.12.1+1 (21.0.12.1+1) (build 21.0.12.1+1-LTS)
# Java VM: OpenJDK 64-Bit Server VM Temurin-21.0.12.1+1 (21.0.12.1+1-LTS, mixed mode, sharing, tiered, compressed oops, compressed class ptrs, parallel gc, windows-amd64)
# No core dump will be written. Minidumps are not enabled by default on client versions of Windows
#

---------------  S U M M A R Y ------------

Command Line: --add-modules=ALL-SYSTEM --add-opens=java.base/java.util=ALL-UNNAMED --add-opens=java.base/java.lang=ALL-UNNAMED --add-opens=java.base/sun.nio.fs=ALL-UNNAMED -Declipse.application=org.eclipse.jdt.ls.core.id1 -Dosgi.bundles.defaultStartLevel=4 -Declipse.product=org.eclipse.jdt.ls.core.product -Djava.import.generatesMetadataFilesAtProjectRoot=false -Dm2e.project.cache.size=50 -DDetectVMInstallationsJob.disabled=true -Dfile.encoding=utf8 -XX:+UseParallelGC -XX:GCTimeRatio=4 -XX:AdaptiveSizePolicyWeight=90 -Dsun.zip.disableMemoryMapping=true -Xmx4G -Xms100m -Xlog:disable -javaagent:c:\Users\Admin\.vscode\extensions\redhat.java-1.56.0-win32-x64\lombok\lombok-1.18.39-4050.jar c:\Users\Admin\.vscode\extensions\redhat.java-1.56.0-win32-x64\server\plugins\org.eclipse.equinox.launcher_1.8.0.v20260804-1928.jar -configuration c:\Users\Admin\AppData\Roaming\Code\User\globalStorage\redhat.java\1.56.0\config_ss_win -data c:\Users\Admin\AppData\Roaming\Code\User\workspaceStorage\8298593a17c31f0a0d427157eb77951d\redhat.java\ss_ws --pipe=\\.\pipe\lsp-10dbb6e9fa854ebc085472b030264fc5-sock

Host: AMD Ryzen 5 7530U with Radeon Graphics         , 12 cores, 7G,  Windows 11 , 64 bit Build 26100 (10.0.26100.9444)
Time: Fri Sep 18 21:50:32 2026 South Africa Standard Time elapsed time: 5.473611 seconds (0d 0h 0m 5s)

---------------  T H R E A D  ---------------

Current thread (0x000001837a93f150):  JavaThread "C2 CompilerThread0" daemon [_thread_in_native, id=26828, stack(0x0000004896b00000,0x0000004896c00000) (1024K)]


Current CompileTask:
C2:5473 2596       4       org.lombokweb.asm.ClassReader::readMethod (1070 bytes)

Stack: [0x0000004896b00000,0x0000004896c00000]
Native frames: (J=compiled Java code, j=interpreted, Vv=VM code, C=native code)
V  [jvm.dll+0x6d83e9]
V  [jvm.dll+0x8b5736]
V  [jvm.dll+0x8b7cee]
V  [jvm.dll+0x8b83d3]
V  [jvm.dll+0x284596]
V  [jvm.dll+0xc685d]
V  [jvm.dll+0xc6da1]
V  [jvm.dll+0x3bf151]
V  [jvm.dll+0x38b6d2]
V  [jvm.dll+0x38ab1a]
V  [jvm.dll+0x24c700]
V  [jvm.dll+0x24bce0]
V  [jvm.dll+0x1cb4ae]
V  [jvm.dll+0x25baad]
V  [jvm.dll+0x25a03a]
V  [jvm.dll+0x3f8aae]
V  [jvm.dll+0x8600cd]
V  [jvm.dll+0x6d6c1d]
C  [ucrtbase.dll+0x2cd30]
C  [KERNEL32.DLL+0x2cd87]
C  [ntdll.dll+0xacaec]


---------------  P R O C E S S  ---------------

Threads class SMR info:
_java_thread_list=0x0000018345b625c0, length=18, elements={
0x000001835e09cda0, 0x000001835e143370, 0x00000183794acb20, 0x000001835e147270,
0x000001835e14a2e0, 0x000001835e155050, 0x000001835e1586b0, 0x000001837a93f150,
0x000001837a998080, 0x000001835e156c70, 0x000001835e157300, 0x000001835e155f50,
0x000001835e157990, 0x000001835e158020, 0x000001835e158d40, 0x000001835e1558c0,
0x0000018345abe820, 0x0000018345abeeb0
}

Java Threads: ( => current thread )
  0x000001835e09cda0 JavaThread "main"                              [_thread_blocked, id=30428, stack(0x0000004896100000,0x0000004896200000) (1024K)]
  0x000001835e143370 JavaThread "Reference Handler"          daemon [_thread_blocked, id=31472, stack(0x0000004896500000,0x0000004896600000) (1024K)]
  0x00000183794acb20 JavaThread "Finalizer"                  daemon [_thread_blocked, id=35164, stack(0x0000004896600000,0x0000004896700000) (1024K)]
  0x000001835e147270 JavaThread "Signal Dispatcher"          daemon [_thread_blocked, id=30868, stack(0x0000004896700000,0x0000004896800000) (1024K)]
  0x000001835e14a2e0 JavaThread "Attach Listener"            daemon [_thread_blocked, id=6104, stack(0x0000004896800000,0x0000004896900000) (1024K)]
  0x000001835e155050 JavaThread "Service Thread"             daemon [_thread_blocked, id=20732, stack(0x0000004896900000,0x0000004896a00000) (1024K)]
  0x000001835e1586b0 JavaThread "Monitor Deflation Thread"   daemon [_thread_blocked, id=15808, stack(0x0000004896a00000,0x0000004896b00000) (1024K)]
=>0x000001837a93f150 JavaThread "C2 CompilerThread0"         daemon [_thread_in_native, id=26828, stack(0x0000004896b00000,0x0000004896c00000) (1024K)]
  0x000001837a998080 JavaThread "C1 CompilerThread0"         daemon [_thread_blocked, id=4584, stack(0x0000004896c00000,0x0000004896d00000) (1024K)]
  0x000001835e156c70 JavaThread "Common-Cleaner"             daemon [_thread_blocked, id=14460, stack(0x0000004896d00000,0x0000004896e00000) (1024K)]
  0x000001835e157300 JavaThread "Notification Thread"        daemon [_thread_blocked, id=22076, stack(0x0000004896e00000,0x0000004896f00000) (1024K)]
  0x000001835e155f50 JavaThread "Active Thread: Equinox Container: 1807ff17-5804-40b0-9acb-4830d0cec2ae"        [_thread_blocked, id=32940, stack(0x0000004897500000,0x0000004897600000) (1024K)]
  0x000001835e157990 JavaThread "Framework Event Dispatcher: Equinox Container: 1807ff17-5804-40b0-9acb-4830d0cec2ae" daemon [_thread_blocked, id=34064, stack(0x0000004897600000,0x0000004897700000) (1024K)]
  0x000001835e158020 JavaThread "Start Level: Equinox Container: 1807ff17-5804-40b0-9acb-4830d0cec2ae" daemon [_thread_in_native, id=25856, stack(0x0000004897700000,0x0000004897800000) (1024K)]
  0x000001835e158d40 JavaThread "SCR Component Actor"        daemon [_thread_blocked, id=14588, stack(0x0000004897900000,0x0000004897a00000) (1024K)]
  0x000001835e1558c0 JavaThread "Worker-JM"                         [_thread_blocked, id=23672, stack(0x0000004897a00000,0x0000004897b00000) (1024K)]
  0x0000018345abe820 JavaThread "Worker-0: Building"                [_thread_in_Java, id=17024, stack(0x0000004897d00000,0x0000004897e00000) (1024K)]
  0x0000018345abeeb0 JavaThread "Worker-1"                          [_thread_blocked, id=32668, stack(0x0000004897e00000,0x0000004897f00000) (1024K)]
Total: 18

Other Threads:
  0x000001835e13eb90 VMThread "VM Thread"                           [id=35160, stack(0x0000004896400000,0x0000004896500000) (1024K)]
  0x000001837938ca00 WatcherThread "VM Periodic Task Thread"        [id=32640, stack(0x0000004896300000,0x0000004896400000) (1024K)]
  0x000001835e0bb370 WorkerThread "GC Thread#0"                     [id=17668, stack(0x0000004896200000,0x0000004896300000) (1024K)]
  0x000001837abd9c60 WorkerThread "GC Thread#1"                     [id=35500, stack(0x0000004896f00000,0x0000004897000000) (1024K)]
  0x000001837abda010 WorkerThread "GC Thread#2"                     [id=35488, stack(0x0000004897000000,0x0000004897100000) (1024K)]
  0x000001837abda3c0 WorkerThread "GC Thread#3"                     [id=35476, stack(0x0000004897100000,0x0000004897200000) (1024K)]
  0x000001837abda770 WorkerThread "GC Thread#4"                     [id=17700, stack(0x0000004897200000,0x0000004897300000) (1024K)]
  0x000001837abd9500 WorkerThread "GC Thread#5"                     [id=2536, stack(0x0000004897300000,0x0000004897400000) (1024K)]
  0x000001837abdab20 WorkerThread "GC Thread#6"                     [id=22512, stack(0x0000004897400000,0x0000004897500000) (1024K)]
  0x00000183454b3960 WorkerThread "GC Thread#7"                     [id=34780, stack(0x0000004897800000,0x0000004897900000) (1024K)]
  0x00000183454b1f90 WorkerThread "GC Thread#8"                     [id=36252, stack(0x0000004897b00000,0x0000004897c00000) (1024K)]
  0x00000183454b10d0 WorkerThread "GC Thread#9"                     [id=29020, stack(0x0000004897c00000,0x0000004897d00000) (1024K)]
Total: 12

Threads with active compile tasks:
C2 CompilerThread0  5620 2596       4       org.lombokweb.asm.ClassReader::readMethod (1070 bytes)
Total: 1

VM state: not at safepoint (normal execution)

VM Mutex/Monitor currently owned by a thread: None

Heap address: 0x0000000700000000, size: 4096 MB, Compressed Oops mode: Zero based, Oop shift amount: 3

CDS archive(s) mapped at: [0x0000018300000000-0x0000018300ba0000-0x0000018300ba0000), size 12189696, SharedBaseAddress: 0x0000018300000000, ArchiveRelocationMode: 1.
Compressed class space mapped at: 0x0000018301000000-0x0000018341000000, reserved size: 1073741824
Narrow klass base: 0x0000018300000000, Narrow klass shift: 0, Narrow klass range: 0x100000000

GC Precious Log:
 CardTable entry size: 512
 CPUs: 12 total, 12 available
 Memory: 7489M
 Large Page Support: Disabled
 NUMA Support: Disabled
 Compressed Oops: Enabled (Zero based)
 Alignments: Space 512K, Generation 512K, Heap 2M
 Heap Min Capacity: 100M
 Heap Initial Capacity: 100M
 Heap Max Capacity: 4G
 Pre-touch: Disabled
 Parallel Workers: 10

Heap:
 PSYoungGen      total 29184K, used 18272K [0x00000007aab00000, 0x00000007ace80000, 0x0000000800000000)
  eden space 25088K, 56% used [0x00000007aab00000,0x00000007ab8d95f0,0x00000007ac380000)
  from space 4096K, 99% used [0x00000007ac400000,0x00000007ac7fedb8,0x00000007ac800000)
  to   space 5632K, 0% used [0x00000007ac900000,0x00000007ac900000,0x00000007ace80000)
 ParOldGen       total 68608K, used 5761K [0x0000000700000000, 0x0000000704300000, 0x00000007aab00000)
  object space 68608K, 8% used [0x0000000700000000,0x00000007005a05b8,0x0000000704300000)
 Metaspace       used 20731K, committed 21440K, reserved 1114112K
  class space    used 1993K, committed 2304K, reserved 1048576K

Card table byte_map: [0x00000183702a0000,0x0000018370ab0000] _byte_map_base: 0x000001836caa0000

Marking Bits: (ParMarkBitMap*) 0x00007ff8ba6f44a0
 Begin Bits: [0x0000018370ab0000, 0x0000018374ab0000)
 End Bits:   [0x0000018374ab0000, 0x0000018378ab0000)

Polling page: 0x000001835bd00000

Metaspace:

Usage:
  Non-class:     18.30 MB used.
      Class:      1.95 MB used.
       Both:     20.25 MB used.

Virtual space:
  Non-class space:       64.00 MB reserved,      18.69 MB ( 29%) committed,  1 nodes.
      Class space:        1.00 GB reserved,       2.25 MB ( <1%) committed,  1 nodes.
             Both:        1.06 GB reserved,      20.94 MB (  2%) committed. 

Chunk freelists:
   Non-Class:  12.59 MB
       Class:  13.81 MB
        Both:  26.39 MB

MaxMetaspaceSize: unlimited
CompressedClassSpaceSize: 1.00 GB
Initial GC threshold: 21.00 MB
Current GC threshold: 21.00 MB
CDS: on
 - commit_granule_bytes: 65536.
 - commit_granule_words: 8192.
 - virtual_space_node_default_size: 8388608.
 - enlarge_chunks_in_place: 1.
 - use_allocation_guard: 0.


Internal statistics:

num_allocs_failed_limit: 0.
num_arena_births: 476.
num_arena_deaths: 0.
num_vsnodes_births: 2.
num_vsnodes_deaths: 0.
num_space_committed: 335.
num_space_uncommitted: 0.
num_chunks_returned_to_freelist: 0.
num_chunks_taken_from_freelist: 1243.
num_chunk_merges: 0.
num_chunk_splits: 823.
num_chunks_enlarged: 541.
num_inconsistent_stats: 0.

CodeHeap 'non-profiled nmethods': size=120000Kb used=1031Kb max_used=1031Kb free=118969Kb
 bounds [0x0000018368d70000, 0x0000018368fe0000, 0x00000183702a0000]
CodeHeap 'profiled nmethods': size=120000Kb used=5308Kb max_used=5308Kb free=114691Kb
 bounds [0x00000183612a0000, 0x00000183617d0000, 0x00000183687d0000]
CodeHeap 'non-nmethods': size=5760Kb used=1307Kb max_used=1310Kb free=4452Kb
 bounds [0x00000183687d0000, 0x0000018368a40000, 0x0000018368d70000]
CodeCache: size=245760Kb, used=7646Kb, max_used=7649Kb, free=238112Kb
 total_blobs=3223, nmethods=2637, adapters=492, full_count=0
Compilation: enabled, stopped_count=0, restarted_count=0

Compilation events (20 events):
Event: 5.367 Thread 0x000001837a998080 2634       3       org.eclipse.core.internal.preferences.RootPreferences::node (7 bytes)
Event: 5.367 Thread 0x000001837a998080 nmethod 2634 0x00000183617c9090 code [0x00000183617c9240, 0x00000183617c9388]
Event: 5.367 Thread 0x000001837a998080 2636       3       org.eclipse.core.internal.preferences.DefaultPreferences::getLoadLevel (52 bytes)
Event: 5.368 Thread 0x000001837a998080 nmethod 2636 0x00000183617c9410 code [0x00000183617c9600, 0x00000183617c9c68]
Event: 5.368 Thread 0x000001837a998080 2631       3       org.eclipse.core.internal.preferences.DefaultPreferences::getScopeRelativePath (43 bytes)
Event: 5.369 Thread 0x000001837a998080 nmethod 2631 0x00000183617c9e90 code [0x00000183617ca0a0, 0x00000183617ca660]
Event: 5.369 Thread 0x000001837a998080 2635       3       org.eclipse.core.internal.preferences.RootPreferences::getNode (135 bytes)
Event: 5.371 Thread 0x000001837a998080 nmethod 2635 0x00000183617ca890 code [0x00000183617cabe0, 0x00000183617cbf88]
Event: 5.371 Thread 0x000001837a998080 2637   !   3       org.eclipse.core.internal.preferences.EclipsePreferences::getOrCreate (108 bytes)
Event: 5.373 Thread 0x000001837a998080 nmethod 2637 0x00000183617cc690 code [0x00000183617cc8e0, 0x00000183617cd3b0]
Event: 5.373 Thread 0x000001837a998080 2630       3       org.eclipse.core.internal.preferences.PreferencesService::getDefault (20 bytes)
Event: 5.373 Thread 0x000001837a998080 nmethod 2630 0x00000183617cd790 code [0x00000183617cd940, 0x00000183617cdb48]
Event: 5.407 Thread 0x000001837a998080 2638       3       org.eclipse.core.internal.registry.Handle::<init> (15 bytes)
Event: 5.407 Thread 0x000001837a998080 nmethod 2638 0x00000183617cdc10 code [0x00000183617cddc0, 0x00000183617cdf50]
Event: 5.408 Thread 0x000001837a998080 2639       3       java.lang.reflect.Field::checkAccess (32 bytes)
Event: 5.409 Thread 0x000001837a998080 nmethod 2639 0x00000183617ce010 code [0x00000183617ce1e0, 0x00000183617ce460]
Event: 5.409 Thread 0x000001837a998080 2640       3       java.lang.reflect.Field::getFieldAccessor (18 bytes)
Event: 5.409 Thread 0x000001837a998080 nmethod 2640 0x00000183617ce590 code [0x00000183617ce740, 0x00000183617ce8d0]
Event: 5.409 Thread 0x000001837a998080 2641       3       java.lang.invoke.DirectMethodHandle::checkCast (9 bytes)
Event: 5.410 Thread 0x000001837a998080 nmethod 2641 0x00000183617ce990 code [0x00000183617ceb40, 0x00000183617cede8]

GC Heap History (10 events):
Event: 1.517 GC heap before
{Heap before GC invocations=1 (full 0):
 PSYoungGen      total 29696K, used 25600K [0x00000007aab00000, 0x00000007acc00000, 0x0000000800000000)
  eden space 25600K, 100% used [0x00000007aab00000,0x00000007ac400000,0x00000007ac400000)
  from space 4096K, 0% used [0x00000007ac800000,0x00000007ac800000,0x00000007acc00000)
  to   space 4096K, 0% used [0x00000007ac400000,0x00000007ac400000,0x00000007ac800000)
 ParOldGen       total 68608K, used 0K [0x0000000700000000, 0x0000000704300000, 0x00000007aab00000)
  object space 68608K, 0% used [0x0000000700000000,0x0000000700000000,0x0000000704300000)
 Metaspace       used 4339K, committed 4544K, reserved 1114112K
  class space    used 474K, committed 576K, reserved 1048576K
}
Event: 1.531 GC heap after
{Heap after GC invocations=1 (full 0):
 PSYoungGen      total 29696K, used 3271K [0x00000007aab00000, 0x00000007acc00000, 0x0000000800000000)
  eden space 25600K, 0% used [0x00000007aab00000,0x00000007aab00000,0x00000007ac400000)
  from space 4096K, 79% used [0x00000007ac400000,0x00000007ac731e98,0x00000007ac800000)
  to   space 4096K, 0% used [0x00000007ac800000,0x00000007ac800000,0x00000007acc00000)
 ParOldGen       total 68608K, used 16K [0x0000000700000000, 0x0000000704300000, 0x00000007aab00000)
  object space 68608K, 0% used [0x0000000700000000,0x0000000700004000,0x0000000704300000)
 Metaspace       used 4339K, committed 4544K, reserved 1114112K
  class space    used 474K, committed 576K, reserved 1048576K
}
Event: 2.755 GC heap before
{Heap before GC invocations=2 (full 0):
 PSYoungGen      total 29696K, used 28871K [0x00000007aab00000, 0x00000007acc00000, 0x0000000800000000)
  eden space 25600K, 100% used [0x00000007aab00000,0x00000007ac400000,0x00000007ac400000)
  from space 4096K, 79% used [0x00000007ac400000,0x00000007ac731e98,0x00000007ac800000)
  to   space 4096K, 0% used [0x00000007ac800000,0x00000007ac800000,0x00000007acc00000)
 ParOldGen       total 68608K, used 16K [0x0000000700000000, 0x0000000704300000, 0x00000007aab00000)
  object space 68608K, 0% used [0x0000000700000000,0x0000000700004000,0x0000000704300000)
 Metaspace       used 8152K, committed 8384K, reserved 1114112K
  class space    used 859K, committed 960K, reserved 1048576K
}
Event: 2.764 GC heap after
{Heap after GC invocations=2 (full 0):
 PSYoungGen      total 29696K, used 4076K [0x00000007aab00000, 0x00000007acc00000, 0x0000000800000000)
  eden space 25600K, 0% used [0x00000007aab00000,0x00000007aab00000,0x00000007ac400000)
  from space 4096K, 99% used [0x00000007ac800000,0x00000007acbfb010,0x00000007acc00000)
  to   space 4096K, 0% used [0x00000007ac400000,0x00000007ac400000,0x00000007ac800000)
 ParOldGen       total 68608K, used 1065K [0x0000000700000000, 0x0000000704300000, 0x00000007aab00000)
  object space 68608K, 1% used [0x0000000700000000,0x000000070010a6c8,0x0000000704300000)
 Metaspace       used 8152K, committed 8384K, reserved 1114112K
  class space    used 859K, committed 960K, reserved 1048576K
}
Event: 3.866 GC heap before
{Heap before GC invocations=3 (full 0):
 PSYoungGen      total 29696K, used 29661K [0x00000007aab00000, 0x00000007acc00000, 0x0000000800000000)
  eden space 25600K, 99% used [0x00000007aab00000,0x00000007ac3fc3f8,0x00000007ac400000)
  from space 4096K, 99% used [0x00000007ac800000,0x00000007acbfb010,0x00000007acc00000)
  to   space 4096K, 0% used [0x00000007ac400000,0x00000007ac400000,0x00000007ac800000)
 ParOldGen       total 68608K, used 1065K [0x0000000700000000, 0x0000000704300000, 0x00000007aab00000)
  object space 68608K, 1% used [0x0000000700000000,0x000000070010a6c8,0x0000000704300000)
 Metaspace       used 12985K, committed 13504K, reserved 1114112K
  class space    used 1370K, committed 1664K, reserved 1048576K
}
Event: 3.874 GC heap after
{Heap after GC invocations=3 (full 0):
 PSYoungGen      total 29696K, used 4085K [0x00000007aab00000, 0x00000007acc00000, 0x0000000800000000)
  eden space 25600K, 0% used [0x00000007aab00000,0x00000007aab00000,0x00000007ac400000)
  from space 4096K, 99% used [0x00000007ac400000,0x00000007ac7fd578,0x00000007ac800000)
  to   space 4096K, 0% used [0x00000007ac800000,0x00000007ac800000,0x00000007acc00000)
 ParOldGen       total 68608K, used 2765K [0x0000000700000000, 0x0000000704300000, 0x00000007aab00000)
  object space 68608K, 4% used [0x0000000700000000,0x00000007002b3718,0x0000000704300000)
 Metaspace       used 12985K, committed 13504K, reserved 1114112K
  class space    used 1370K, committed 1664K, reserved 1048576K
}
Event: 4.746 GC heap before
{Heap before GC invocations=4 (full 0):
 PSYoungGen      total 29696K, used 29685K [0x00000007aab00000, 0x00000007acc00000, 0x0000000800000000)
  eden space 25600K, 100% used [0x00000007aab00000,0x00000007ac400000,0x00000007ac400000)
  from space 4096K, 99% used [0x00000007ac400000,0x00000007ac7fd578,0x00000007ac800000)
  to   space 4096K, 0% used [0x00000007ac800000,0x00000007ac800000,0x00000007acc00000)
 ParOldGen       total 68608K, used 2765K [0x0000000700000000, 0x0000000704300000, 0x00000007aab00000)
  object space 68608K, 4% used [0x0000000700000000,0x00000007002b3718,0x0000000704300000)
 Metaspace       used 16174K, committed 16768K, reserved 1114112K
  class space    used 1674K, committed 1920K, reserved 1048576K
}
Event: 4.752 GC heap after
{Heap after GC invocations=4 (full 0):
 PSYoungGen      total 29696K, used 4068K [0x00000007aab00000, 0x00000007acc00000, 0x0000000800000000)
  eden space 25600K, 0% used [0x00000007aab00000,0x00000007aab00000,0x00000007ac400000)
  from space 4096K, 99% used [0x00000007ac800000,0x00000007acbf91d8,0x00000007acc00000)
  to   space 4096K, 0% used [0x00000007ac400000,0x00000007ac400000,0x00000007ac800000)
 ParOldGen       total 68608K, used 5617K [0x0000000700000000, 0x0000000704300000, 0x00000007aab00000)
  object space 68608K, 8% used [0x0000000700000000,0x000000070057c5a8,0x0000000704300000)
 Metaspace       used 16174K, committed 16768K, reserved 1114112K
  class space    used 1674K, committed 1920K, reserved 1048576K
}
Event: 5.268 GC heap before
{Heap before GC invocations=5 (full 0):
 PSYoungGen      total 29696K, used 29668K [0x00000007aab00000, 0x00000007acc00000, 0x0000000800000000)
  eden space 25600K, 100% used [0x00000007aab00000,0x00000007ac400000,0x00000007ac400000)
  from space 4096K, 99% used [0x00000007ac800000,0x00000007acbf91d8,0x00000007acc00000)
  to   space 4096K, 0% used [0x00000007ac400000,0x00000007ac400000,0x00000007ac800000)
 ParOldGen       total 68608K, used 5617K [0x0000000700000000, 0x0000000704300000, 0x00000007aab00000)
  object space 68608K, 8% used [0x0000000700000000,0x000000070057c5a8,0x0000000704300000)
 Metaspace       used 20152K, committed 20800K, reserved 1114112K
  class space    used 1963K, committed 2240K, reserved 1048576K
}
Event: 5.272 GC heap after
{Heap after GC invocations=5 (full 0):
 PSYoungGen      total 29184K, used 4091K [0x00000007aab00000, 0x00000007ace80000, 0x0000000800000000)
  eden space 25088K, 0% used [0x00000007aab00000,0x00000007aab00000,0x00000007ac380000)
  from space 4096K, 99% used [0x00000007ac400000,0x00000007ac7fedb8,0x00000007ac800000)
  to   space 5632K, 0% used [0x00000007ac900000,0x00000007ac900000,0x00000007ace80000)
 ParOldGen       total 68608K, used 5761K [0x0000000700000000, 0x0000000704300000, 0x00000007aab00000)
  object space 68608K, 8% used [0x0000000700000000,0x00000007005a05b8,0x0000000704300000)
 Metaspace       used 20152K, committed 20800K, reserved 1114112K
  class space    used 1963K, committed 2240K, reserved 1048576K
}

Dll operation events (18 events):
Event: 0.022 Attempting to load shared library c:\Users\Admin\.vscode\extensions\redhat.java-1.56.0-win32-x64\jre\21.0.12.1-win32-x86_64\bin\java.dll
Event: 0.022 Loaded shared library c:\Users\Admin\.vscode\extensions\redhat.java-1.56.0-win32-x64\jre\21.0.12.1-win32-x86_64\bin\java.dll
Event: 0.196 Attempting to load shared library c:\Users\Admin\.vscode\extensions\redhat.java-1.56.0-win32-x64\jre\21.0.12.1-win32-x86_64\bin\zip.dll
Event: 0.197 Loaded shared library c:\Users\Admin\.vscode\extensions\redhat.java-1.56.0-win32-x64\jre\21.0.12.1-win32-x86_64\bin\zip.dll
Event: 0.241 Attempting to load shared library C:\Users\Admin\.vscode\extensions\redhat.java-1.56.0-win32-x64\jre\21.0.12.1-win32-x86_64\bin\instrument.dll
Event: 0.241 Loaded shared library C:\Users\Admin\.vscode\extensions\redhat.java-1.56.0-win32-x64\jre\21.0.12.1-win32-x86_64\bin\instrument.dll
Event: 0.250 Attempting to load shared library C:\Users\Admin\.vscode\extensions\redhat.java-1.56.0-win32-x64\jre\21.0.12.1-win32-x86_64\bin\net.dll
Event: 0.253 Loaded shared library C:\Users\Admin\.vscode\extensions\redhat.java-1.56.0-win32-x64\jre\21.0.12.1-win32-x86_64\bin\net.dll
Event: 0.258 Attempting to load shared library C:\Users\Admin\.vscode\extensions\redhat.java-1.56.0-win32-x64\jre\21.0.12.1-win32-x86_64\bin\nio.dll
Event: 0.258 Loaded shared library C:\Users\Admin\.vscode\extensions\redhat.java-1.56.0-win32-x64\jre\21.0.12.1-win32-x86_64\bin\nio.dll
Event: 0.267 Attempting to load shared library C:\Users\Admin\.vscode\extensions\redhat.java-1.56.0-win32-x64\jre\21.0.12.1-win32-x86_64\bin\zip.dll
Event: 0.267 Loaded shared library C:\Users\Admin\.vscode\extensions\redhat.java-1.56.0-win32-x64\jre\21.0.12.1-win32-x86_64\bin\zip.dll
Event: 0.303 Attempting to load shared library C:\Users\Admin\.vscode\extensions\redhat.java-1.56.0-win32-x64\jre\21.0.12.1-win32-x86_64\bin\jimage.dll
Event: 0.303 Loaded shared library C:\Users\Admin\.vscode\extensions\redhat.java-1.56.0-win32-x64\jre\21.0.12.1-win32-x86_64\bin\jimage.dll
Event: 0.462 Attempting to load shared library c:\Users\Admin\.vscode\extensions\redhat.java-1.56.0-win32-x64\jre\21.0.12.1-win32-x86_64\bin\verify.dll
Event: 0.462 Loaded shared library c:\Users\Admin\.vscode\extensions\redhat.java-1.56.0-win32-x64\jre\21.0.12.1-win32-x86_64\bin\verify.dll
Event: 2.735 Attempting to load shared library C:\Users\Admin\AppData\Roaming\Code\User\globalStorage\redhat.java\1.56.0\config_ss_win\org.eclipse.equinox.launcher\org.eclipse.equinox.launcher.win32.win32.x86_64_1.3.100.v20260804-1928\eclipse_11924.dll
Event: 2.740 Loaded shared library C:\Users\Admin\AppData\Roaming\Code\User\globalStorage\redhat.java\1.56.0\config_ss_win\org.eclipse.equinox.launcher\org.eclipse.equinox.launcher.win32.win32.x86_64_1.3.100.v20260804-1928\eclipse_11924.dll

Deoptimization events (20 events):
Event: 4.415 Thread 0x000001835e158020 Uncommon trap: trap_request=0xffffff45 fr.pc=0x0000018368e56828 relative=0x0000000000000088
Event: 4.415 Thread 0x000001835e158020 Uncommon trap: reason=unstable_if action=reinterpret pc=0x0000018368e56828 method=java.lang.ref.SoftReference.get()Ljava/lang/Object; @ 6 c2
Event: 4.415 Thread 0x000001835e158020 DEOPT PACKING pc=0x0000018368e56828 sp=0x00000048977f9870
Event: 4.415 Thread 0x000001835e158020 DEOPT UNPACKING pc=0x0000018368823aa2 sp=0x00000048977f9808 mode 2
Event: 4.573 Thread 0x000001835e158020 Uncommon trap: trap_request=0xffffff45 fr.pc=0x0000018368e5ab60 relative=0x0000000000000b20
Event: 4.573 Thread 0x000001835e158020 Uncommon trap: reason=unstable_if action=reinterpret pc=0x0000018368e5ab60 method=jdk.internal.org.objectweb.asm.Frame.execute(IILjdk/internal/org/objectweb/asm/Symbol;Ljdk/internal/org/objectweb/asm/SymbolTable;)V @ 1 c2
Event: 4.573 Thread 0x000001835e158020 DEOPT PACKING pc=0x0000018368e5ab60 sp=0x00000048977f8000
Event: 4.573 Thread 0x000001835e158020 DEOPT UNPACKING pc=0x0000018368823aa2 sp=0x00000048977f7f88 mode 2
Event: 5.060 Thread 0x000001835e158020 Uncommon trap: trap_request=0xffffff6e fr.pc=0x0000018368e68734 relative=0x0000000000000a34
Event: 5.060 Thread 0x000001835e158020 Uncommon trap: reason=loop_limit_check action=maybe_recompile pc=0x0000018368e68734 method=java.util.regex.Pattern$StartS.match(Ljava/util/regex/Matcher;ILjava/lang/CharSequence;)Z @ 34 c2
Event: 5.060 Thread 0x000001835e158020 DEOPT PACKING pc=0x0000018368e68734 sp=0x00000048977f2970
Event: 5.060 Thread 0x000001835e158020 DEOPT UNPACKING pc=0x0000018368823aa2 sp=0x00000048977f28c0 mode 2
Event: 5.119 Thread 0x000001835e158020 Uncommon trap: trap_request=0xffffff45 fr.pc=0x0000018368e70a70 relative=0x0000000000000150
Event: 5.119 Thread 0x000001835e158020 Uncommon trap: reason=unstable_if action=reinterpret pc=0x0000018368e70a70 method=org.lombokweb.asm.ByteVector.putByteArray([BII)Lorg/lombokweb/asm/ByteVector; @ 20 c2
Event: 5.119 Thread 0x000001835e158020 DEOPT PACKING pc=0x0000018368e70a70 sp=0x00000048977eece0
Event: 5.119 Thread 0x000001835e158020 DEOPT UNPACKING pc=0x0000018368823aa2 sp=0x00000048977eecb0 mode 2
Event: 5.119 Thread 0x000001835e158020 Uncommon trap: trap_request=0xffffff45 fr.pc=0x0000018368e6fbc8 relative=0x0000000000000388
Event: 5.119 Thread 0x000001835e158020 Uncommon trap: reason=unstable_if action=reinterpret pc=0x0000018368e6fbc8 method=org.lombokweb.asm.Label.resolve([BLorg/lombokweb/asm/ByteVector;I)Z @ 81 c2
Event: 5.119 Thread 0x000001835e158020 DEOPT PACKING pc=0x0000018368e6fbc8 sp=0x00000048977eed70
Event: 5.119 Thread 0x000001835e158020 DEOPT UNPACKING pc=0x0000018368823aa2 sp=0x00000048977eec78 mode 2

Classes loaded (20 events):
Event: 4.623 Loading class java/io/StringReader
Event: 4.623 Loading class java/io/StringReader done
Event: 4.633 Loading class java/net/SocketTimeoutException
Event: 4.634 Loading class java/io/InterruptedIOException
Event: 4.634 Loading class java/io/InterruptedIOException done
Event: 4.634 Loading class java/net/SocketTimeoutException done
Event: 4.634 Loading class java/net/SocketException
Event: 4.634 Loading class java/net/SocketException done
Event: 4.634 Loading class java/net/UnknownHostException
Event: 4.635 Loading class java/net/UnknownHostException done
Event: 4.635 Loading class java/net/ProtocolException
Event: 4.635 Loading class java/net/ProtocolException done
Event: 4.670 Loading class java/lang/ThreadLocal$SuppliedThreadLocal
Event: 4.670 Loading class java/lang/ThreadLocal$SuppliedThreadLocal done
Event: 4.684 Loading class java/io/FileWriter
Event: 4.684 Loading class java/io/FileWriter done
Event: 4.689 Loading class java/lang/NegativeArraySizeException
Event: 4.689 Loading class java/lang/NegativeArraySizeException done
Event: 5.307 Loading class java/nio/file/InvalidPathException
Event: 5.307 Loading class java/nio/file/InvalidPathException done

Classes unloaded (0 events):
No events

Classes redefined (0 events):
No events

Internal exceptions (20 events):
Event: 4.338 Thread 0x000001835e158020 Exception <a 'java/lang/NoSuchMethodError'{0x00000007ab2ab340}: 'java.lang.Object java.lang.invoke.DirectMethodHandle$Holder.newInvokeSpecial(java.lang.Object, java.lang.Object, java.lang.Object, java.lang.Object, java.lang.Object)'> (0x00000007ab2ab340) 
thrown [s\src\hotspot\share\interpreter\linkResolver.cpp, line 773]
Event: 4.374 Thread 0x000001835e158020 Exception <a 'java/lang/NoSuchMethodError'{0x00000007ab38af58}: 'java.lang.Object java.lang.invoke.DirectMethodHandle$Holder.invokeSpecial(java.lang.Object, java.lang.Object, java.lang.Object, long, java.lang.Object)'> (0x00000007ab38af58) 
thrown [s\src\hotspot\share\interpreter\linkResolver.cpp, line 773]
Event: 4.375 Thread 0x000001835e158020 Exception <a 'java/lang/NoSuchMethodError'{0x00000007ab3927a0}: 'java.lang.Object java.lang.invoke.DirectMethodHandle$Holder.newInvokeSpecial(java.lang.Object, java.lang.Object, java.lang.Object, long)'> (0x00000007ab3927a0) 
thrown [s\src\hotspot\share\interpreter\linkResolver.cpp, line 773]
Event: 4.376 Thread 0x000001835e158020 Exception <a 'java/lang/NoSuchMethodError'{0x00000007ab396b50}: 'java.lang.Object java.lang.invoke.DirectMethodHandle$Holder.invokeSpecial(java.lang.Object, java.lang.Object, java.lang.Object, java.lang.Object, long)'> (0x00000007ab396b50) 
thrown [s\src\hotspot\share\interpreter\linkResolver.cpp, line 773]
Event: 4.376 Thread 0x000001835e158020 Exception <a 'java/lang/NoSuchMethodError'{0x00000007ab39a9c8}: 'java.lang.Object java.lang.invoke.Invokers$Holder.linkToTargetMethod(java.lang.Object, java.lang.Object, long, java.lang.Object)'> (0x00000007ab39a9c8) 
thrown [s\src\hotspot\share\interpreter\linkResolver.cpp, line 773]
Event: 4.420 Thread 0x000001835e158020 Exception <a 'java/lang/NoSuchMethodError'{0x00000007ab40c568}: 'int java.lang.invoke.DirectMethodHandle$Holder.invokeStaticInit(java.lang.Object, java.lang.Object, java.lang.Object)'> (0x00000007ab40c568) 
thrown [s\src\hotspot\share\interpreter\linkResolver.cpp, line 773]
Event: 4.446 Thread 0x000001835e158020 Exception <a 'java/lang/IncompatibleClassChangeError'{0x00000007ab4a69a0}: Found class java.lang.Object, but interface was expected> (0x00000007ab4a69a0) 
thrown [s\src\hotspot\share\interpreter\linkResolver.cpp, line 840]
Event: 4.447 Thread 0x000001835e158020 Exception <a 'java/lang/NoSuchMethodError'{0x00000007ab4aa550}: 'java.lang.Object java.lang.invoke.DirectMethodHandle$Holder.invokeSpecial(java.lang.Object, java.lang.Object, java.lang.Object, int, java.lang.Object, java.lang.Object)'> (0x00000007ab4aa550) 
thrown [s\src\hotspot\share\interpreter\linkResolver.cpp, line 773]
Event: 4.449 Thread 0x000001835e158020 Exception <a 'java/lang/NoSuchMethodError'{0x00000007ab4b2028}: 'java.lang.Object java.lang.invoke.DirectMethodHandle$Holder.newInvokeSpecial(java.lang.Object, java.lang.Object, java.lang.Object, int, java.lang.Object)'> (0x00000007ab4b2028) 
thrown [s\src\hotspot\share\interpreter\linkResolver.cpp, line 773]
Event: 4.450 Thread 0x000001835e158020 Exception <a 'java/lang/NoSuchMethodError'{0x00000007ab4b5fa8}: 'java.lang.Object java.lang.invoke.DirectMethodHandle$Holder.invokeSpecial(java.lang.Object, java.lang.Object, java.lang.Object, java.lang.Object, int, java.lang.Object)'> (0x00000007ab4b5fa8) 
thrown [s\src\hotspot\share\interpreter\linkResolver.cpp, line 773]
Event: 4.450 Thread 0x000001835e158020 Exception <a 'java/lang/NoSuchMethodError'{0x00000007ab4b9ae8}: 'java.lang.Object java.lang.invoke.Invokers$Holder.linkToTargetMethod(java.lang.Object, java.lang.Object, int, java.lang.Object, java.lang.Object)'> (0x00000007ab4b9ae8) 
thrown [s\src\hotspot\share\interpreter\linkResolver.cpp, line 773]
Event: 4.451 Thread 0x0000018345abe820 Exception <a 'java/lang/NoSuchMethodError'{0x00000007ab3d4448}: 'java.lang.Object java.lang.invoke.DirectMethodHandle$Holder.invokeSpecial(java.lang.Object, java.lang.Object, int, java.lang.Object, java.lang.Object)'> (0x00000007ab3d4448) 
thrown [s\src\hotspot\share\interpreter\linkResolver.cpp, line 773]
Event: 4.452 Thread 0x0000018345abe820 Exception <a 'java/lang/NoSuchMethodError'{0x00000007ab3db180}: 'java.lang.Object java.lang.invoke.DirectMethodHandle$Holder.newInvokeSpecial(java.lang.Object, java.lang.Object, int, java.lang.Object)'> (0x00000007ab3db180) 
thrown [s\src\hotspot\share\interpreter\linkResolver.cpp, line 773]
Event: 4.453 Thread 0x0000018345abe820 Exception <a 'java/lang/NoSuchMethodError'{0x00000007ab3dea60}: 'java.lang.Object java.lang.invoke.DirectMethodHandle$Holder.invokeSpecial(java.lang.Object, java.lang.Object, java.lang.Object, int, java.lang.Object)'> (0x00000007ab3dea60) 
thrown [s\src\hotspot\share\interpreter\linkResolver.cpp, line 773]
Event: 4.486 Thread 0x000001835e158020 Exception <a 'java/lang/NoSuchMethodError'{0x00000007ab608728}: 'void java.lang.invoke.DirectMethodHandle$Holder.invokeSpecial(java.lang.Object, java.lang.Object, java.lang.Object, java.lang.Object, java.lang.Object)'> (0x00000007ab608728) 
thrown [s\src\hotspot\share\interpreter\linkResolver.cpp, line 773]
Event: 4.573 Thread 0x000001835e158020 Exception <a 'java/lang/NoSuchMethodError'{0x00000007ab8bbf08}: 'double java.lang.invoke.DirectMethodHandle$Holder.invokeStatic(java.lang.Object, java.lang.Object)'> (0x00000007ab8bbf08) 
thrown [s\src\hotspot\share\interpreter\linkResolver.cpp, line 773]
Event: 4.574 Thread 0x000001835e158020 Exception <a 'java/lang/NoSuchMethodError'{0x00000007ab8bf5c8}: 'double java.lang.invoke.DirectMethodHandle$Holder.invokeStaticInit(java.lang.Object, java.lang.Object)'> (0x00000007ab8bf5c8) 
thrown [s\src\hotspot\share\interpreter\linkResolver.cpp, line 773]
Event: 5.119 Thread 0x000001835e158020 Implicit null exception at 0x0000018368e70976 to 0x0000018368e70a54
Event: 5.364 Thread 0x000001835e158020 Exception <a 'java/io/FileNotFoundException'{0x00000007ab7c9c18}> (0x00000007ab7c9c18) 
thrown [s\src\hotspot\share\prims\jni.cpp, line 520]
Event: 5.365 Thread 0x000001835e158020 Exception <a 'java/io/FileNotFoundException'{0x00000007ab7cac18}> (0x00000007ab7cac18) 
thrown [s\src\hotspot\share\prims\jni.cpp, line 520]

ZGC Phase Switch (0 events):
No events

VM Operations (20 events):
Event: 2.448 Executing non-safepoint VM operation: HandshakeAllThreads (Deoptimize)
Event: 2.448 Executing non-safepoint VM operation: HandshakeAllThreads (Deoptimize) done
Event: 2.755 Executing safepoint VM operation: ParallelGCFailedAllocation (Allocation Failure)
Event: 2.764 Executing safepoint VM operation: ParallelGCFailedAllocation (Allocation Failure) done
Event: 3.028 Executing non-safepoint VM operation: HandshakeAllThreads (Deoptimize)
Event: 3.028 Executing non-safepoint VM operation: HandshakeAllThreads (Deoptimize) done
Event: 3.597 Executing non-safepoint VM operation: HandshakeAllThreads (Deoptimize)
Event: 3.597 Executing non-safepoint VM operation: HandshakeAllThreads (Deoptimize) done
Event: 3.866 Executing safepoint VM operation: ParallelGCFailedAllocation (Allocation Failure)
Event: 3.874 Executing safepoint VM operation: ParallelGCFailedAllocation (Allocation Failure) done
Event: 4.091 Executing non-safepoint VM operation: HandshakeAllThreads (Deoptimize)
Event: 4.091 Executing non-safepoint VM operation: HandshakeAllThreads (Deoptimize) done
Event: 4.102 Executing non-safepoint VM operation: HandshakeAllThreads (Deoptimize)
Event: 4.102 Executing non-safepoint VM operation: HandshakeAllThreads (Deoptimize) done
Event: 4.151 Executing non-safepoint VM operation: HandshakeAllThreads (Deoptimize)
Event: 4.151 Executing non-safepoint VM operation: HandshakeAllThreads (Deoptimize) done
Event: 4.746 Executing safepoint VM operation: ParallelGCFailedAllocation (Allocation Failure)
Event: 4.752 Executing safepoint VM operation: ParallelGCFailedAllocation (Allocation Failure) done
Event: 5.268 Executing safepoint VM operation: ParallelGCFailedAllocation (Allocation Failure)
Event: 5.272 Executing safepoint VM operation: ParallelGCFailedAllocation (Allocation Failure) done

Memory protections (0 events):
No events

Nmethod flushes (0 events):
No events

Events (18 events):
Event: 0.059 Thread 0x000001835e09cda0 Thread added: 0x000001835e09cda0
Event: 0.113 Thread 0x000001835e09cda0 Thread added: 0x000001835e143370
Event: 0.113 Thread 0x000001835e09cda0 Thread added: 0x00000183794acb20
Event: 0.114 Thread 0x000001835e09cda0 Thread added: 0x000001835e147270
Event: 0.115 Thread 0x000001835e09cda0 Thread added: 0x000001835e14a2e0
Event: 0.115 Thread 0x000001835e09cda0 Thread added: 0x000001835e155050
Event: 0.115 Thread 0x000001835e09cda0 Thread added: 0x000001835e1586b0
Event: 0.115 Thread 0x000001835e09cda0 Thread added: 0x000001837a93f150
Event: 0.118 Thread 0x000001835e09cda0 Thread added: 0x000001837a998080
Event: 0.245 Thread 0x000001835e09cda0 Thread added: 0x000001835e156c70
Event: 0.690 Thread 0x000001835e09cda0 Thread added: 0x000001835e157300
Event: 2.308 Thread 0x000001835e09cda0 Thread added: 0x000001835e155f50
Event: 2.723 Thread 0x000001835e09cda0 Thread added: 0x000001835e157990
Event: 2.729 Thread 0x000001835e09cda0 Thread added: 0x000001835e158020
Event: 2.793 Thread 0x000001835e158020 Thread added: 0x000001835e158d40
Event: 3.665 Thread 0x000001835e158020 Thread added: 0x000001835e1558c0
Event: 4.407 Thread 0x000001835e158020 Thread added: 0x0000018345abe820
Event: 4.453 Thread 0x000001835e158020 Thread added: 0x0000018345abeeb0


Dynamic libraries:
0x00007ff666720000 - 0x00007ff66672e000 	c:\Users\Admin\.vscode\extensions\redhat.java-1.56.0-win32-x64\jre\21.0.12.1-win32-x86_64\bin\java.exe
0x00007ff9d2500000 - 0x00007ff9d2767000 	C:\WINDOWS\SYSTEM32\ntdll.dll
0x00007ff9d06b0000 - 0x00007ff9d077b000 	C:\WINDOWS\System32\KERNEL32.DLL
0x00007ff9cf920000 - 0x00007ff9cfd22000 	C:\WINDOWS\System32\KERNELBASE.dll
0x00007ff9cf700000 - 0x00007ff9cf84c000 	C:\WINDOWS\System32\ucrtbase.dll
0x00007ff9c7bb0000 - 0x00007ff9c7bc8000 	c:\Users\Admin\.vscode\extensions\redhat.java-1.56.0-win32-x64\jre\21.0.12.1-win32-x86_64\bin\jli.dll
0x00007ff9d0b30000 - 0x00007ff9d0cff000 	C:\WINDOWS\System32\USER32.dll
0x00007ff9cfd30000 - 0x00007ff9cfd57000 	C:\WINDOWS\System32\win32u.dll
0x00007ff9d08d0000 - 0x00007ff9d08fb000 	C:\WINDOWS\System32\GDI32.dll
0x00007ff9cfd60000 - 0x00007ff9cfe89000 	C:\WINDOWS\System32\gdi32full.dll
0x00007ff9cffe0000 - 0x00007ff9d0083000 	C:\WINDOWS\System32\msvcp_win.dll
0x00007ff9bb550000 - 0x00007ff9bb56e000 	c:\Users\Admin\.vscode\extensions\redhat.java-1.56.0-win32-x64\jre\21.0.12.1-win32-x86_64\bin\VCRUNTIME140.dll
0x00007ff9b8ed0000 - 0x00007ff9b9160000 	C:\WINDOWS\WinSxS\amd64_microsoft.windows.common-controls_6595b64144ccf1df_6.0.26100.9278_none_3e0d1ba8e3303201\COMCTL32.dll
0x00007ff9d18a0000 - 0x00007ff9d1949000 	C:\WINDOWS\System32\msvcrt.dll
0x00007ff9d0780000 - 0x00007ff9d07b1000 	C:\WINDOWS\System32\IMM32.DLL
0x00007ff9c7af0000 - 0x00007ff9c7afc000 	c:\Users\Admin\.vscode\extensions\redhat.java-1.56.0-win32-x64\jre\21.0.12.1-win32-x86_64\bin\vcruntime140_1.dll
0x00007ff96c440000 - 0x00007ff96c4cd000 	c:\Users\Admin\.vscode\extensions\redhat.java-1.56.0-win32-x64\jre\21.0.12.1-win32-x86_64\bin\msvcp140.dll
0x00007ff8b9a30000 - 0x00007ff8ba7d2000 	c:\Users\Admin\.vscode\extensions\redhat.java-1.56.0-win32-x64\jre\21.0.12.1-win32-x86_64\bin\server\jvm.dll
0x00007ff9d1790000 - 0x00007ff9d184c000 	C:\WINDOWS\System32\ADVAPI32.dll
0x00007ff9d0900000 - 0x00007ff9d09a9000 	C:\WINDOWS\System32\sechost.dll
0x00007ff9d1570000 - 0x00007ff9d1688000 	C:\WINDOWS\System32\RPCRT4.dll
0x00007ff9d0220000 - 0x00007ff9d02a0000 	C:\WINDOWS\System32\WS2_32.dll
0x00007ff9cf560000 - 0x00007ff9cf5be000 	C:\WINDOWS\SYSTEM32\POWRPROF.dll
0x00007ff9c6c80000 - 0x00007ff9c6cb6000 	C:\WINDOWS\SYSTEM32\WINMM.dll
0x00007ff9c6cc0000 - 0x00007ff9c6ccb000 	C:\WINDOWS\SYSTEM32\VERSION.dll
0x00007ff9cf540000 - 0x00007ff9cf555000 	C:\WINDOWS\SYSTEM32\UMPDC.dll
0x00007ff9ce390000 - 0x00007ff9ce3ab000 	C:\WINDOWS\SYSTEM32\kernel.appcore.dll
0x00007ff9bf910000 - 0x00007ff9bf91a000 	c:\Users\Admin\.vscode\extensions\redhat.java-1.56.0-win32-x64\jre\21.0.12.1-win32-x86_64\bin\jimage.dll
0x00007ff9cce60000 - 0x00007ff9cd0ac000 	C:\WINDOWS\SYSTEM32\DBGHELP.DLL
0x00007ff9d02c0000 - 0x00007ff9d0645000 	C:\WINDOWS\System32\combase.dll
0x00007ff9d09d0000 - 0x00007ff9d0aa9000 	C:\WINDOWS\System32\OLEAUT32.dll
0x00007ff9bff00000 - 0x00007ff9bff3b000 	C:\WINDOWS\SYSTEM32\dbgcore.DLL
0x00007ff9cff20000 - 0x00007ff9cffcc000 	C:\WINDOWS\System32\bcryptPrimitives.dll
0x00007ff9be060000 - 0x00007ff9be06f000 	c:\Users\Admin\.vscode\extensions\redhat.java-1.56.0-win32-x64\jre\21.0.12.1-win32-x86_64\bin\instrument.dll
0x00007ff9b1f00000 - 0x00007ff9b1f20000 	c:\Users\Admin\.vscode\extensions\redhat.java-1.56.0-win32-x64\jre\21.0.12.1-win32-x86_64\bin\java.dll
0x00007ff9d0d10000 - 0x00007ff9d14a8000 	C:\WINDOWS\System32\SHELL32.dll
0x00007ff9cd120000 - 0x00007ff9cd9ce000 	C:\WINDOWS\SYSTEM32\windows.storage.dll
0x00007ff9d1690000 - 0x00007ff9d178b000 	C:\WINDOWS\System32\SHCORE.dll
0x00007ff9d2110000 - 0x00007ff9d2176000 	C:\WINDOWS\System32\shlwapi.dll
0x00007ff9cf620000 - 0x00007ff9cf649000 	C:\WINDOWS\SYSTEM32\profapi.dll
0x00007ff9aaf20000 - 0x00007ff9aaf38000 	c:\Users\Admin\.vscode\extensions\redhat.java-1.56.0-win32-x64\jre\21.0.12.1-win32-x86_64\bin\zip.dll
0x00007ff9ba560000 - 0x00007ff9ba570000 	C:\Users\Admin\.vscode\extensions\redhat.java-1.56.0-win32-x64\jre\21.0.12.1-win32-x86_64\bin\net.dll
0x00007ff9c87a0000 - 0x00007ff9c88ca000 	C:\WINDOWS\SYSTEM32\WINHTTP.dll
0x00007ff9ce930000 - 0x00007ff9ce99c000 	C:\WINDOWS\system32\mswsock.dll
0x00007ff9a9970000 - 0x00007ff9a9986000 	C:\Users\Admin\.vscode\extensions\redhat.java-1.56.0-win32-x64\jre\21.0.12.1-win32-x86_64\bin\nio.dll
0x00007ff9b5180000 - 0x00007ff9b5190000 	c:\Users\Admin\.vscode\extensions\redhat.java-1.56.0-win32-x64\jre\21.0.12.1-win32-x86_64\bin\verify.dll
0x00007ff97b570000 - 0x00007ff97b5b5000 	C:\Users\Admin\AppData\Roaming\Code\User\globalStorage\redhat.java\1.56.0\config_ss_win\org.eclipse.equinox.launcher\org.eclipse.equinox.launcher.win32.win32.x86_64_1.3.100.v20260804-1928\eclipse_11924.dll
0x00007ff9d1f70000 - 0x00007ff9d210a000 	C:\WINDOWS\System32\ole32.dll

JVMTI agents:
c:\Users\Admin\.vscode\extensions\redhat.java-1.56.0-win32-x64\lombok\lombok-1.18.39-4050.jar path:c:\Users\Admin\.vscode\extensions\redhat.java-1.56.0-win32-x64\jre\21.0.12.1-win32-x86_64\bin\instrument.dll, loaded, initialized, instrumentlib options:none

dbghelp: loaded successfully - version: 4.0.5 - missing functions: none
symbol engine: initialized successfully - sym options: 0x614 - pdb path: .;c:\Users\Admin\.vscode\extensions\redhat.java-1.56.0-win32-x64\jre\21.0.12.1-win32-x86_64\bin;C:\WINDOWS\SYSTEM32;C:\WINDOWS\WinSxS\amd64_microsoft.windows.common-controls_6595b64144ccf1df_6.0.26100.9278_none_3e0d1ba8e3303201;c:\Users\Admin\.vscode\extensions\redhat.java-1.56.0-win32-x64\jre\21.0.12.1-win32-x86_64\bin\server;C:\Users\Admin\AppData\Roaming\Code\User\globalStorage\redhat.java\1.56.0\config_ss_win\org.eclipse.equinox.launcher\org.eclipse.equinox.launcher.win32.win32.x86_64_1.3.100.v20260804-1928

VM Arguments:
jvm_args: --add-modules=ALL-SYSTEM --add-opens=java.base/java.util=ALL-UNNAMED --add-opens=java.base/java.lang=ALL-UNNAMED --add-opens=java.base/sun.nio.fs=ALL-UNNAMED -Declipse.application=org.eclipse.jdt.ls.core.id1 -Dosgi.bundles.defaultStartLevel=4 -Declipse.product=org.eclipse.jdt.ls.core.product -Djava.import.generatesMetadataFilesAtProjectRoot=false -Dm2e.project.cache.size=50 -DDetectVMInstallationsJob.disabled=true -Dfile.encoding=utf8 -XX:+UseParallelGC -XX:GCTimeRatio=4 -XX:AdaptiveSizePolicyWeight=90 -Dsun.zip.disableMemoryMapping=true -Xmx4G -Xms100m -Xlog:disable -javaagent:c:\Users\Admin\.vscode\extensions\redhat.java-1.56.0-win32-x64\lombok\lombok-1.18.39-4050.jar 
java_command: c:\Users\Admin\.vscode\extensions\redhat.java-1.56.0-win32-x64\server\plugins\org.eclipse.equinox.launcher_1.8.0.v20260804-1928.jar -configuration c:\Users\Admin\AppData\Roaming\Code\User\globalStorage\redhat.java\1.56.0\config_ss_win -data c:\Users\Admin\AppData\Roaming\Code\User\workspaceStorage\8298593a17c31f0a0d427157eb77951d\redhat.java\ss_ws --pipe=\\.\pipe\lsp-10dbb6e9fa854ebc085472b030264fc5-sock
java_class_path (initial): c:\Users\Admin\.vscode\extensions\redhat.java-1.56.0-win32-x64\server\plugins\org.eclipse.equinox.launcher_1.8.0.v20260804-1928.jar
Launcher Type: SUN_STANDARD

[Global flags]
    uintx AdaptiveSizePolicyWeight                 = 90                                        {product} {command line}
     intx CICompilerCount                          = 4                                         {product} {ergonomic}
    uintx GCTimeRatio                              = 4                                         {product} {command line}
   size_t InitialHeapSize                          = 104857600                                 {product} {command line}
   size_t MaxHeapSize                              = 4294967296                                {product} {command line}
   size_t MaxNewSize                               = 1431306240                                {product} {ergonomic}
   size_t MinHeapDeltaBytes                        = 524288                                    {product} {ergonomic}
   size_t MinHeapSize                              = 104857600                                 {product} {command line}
   size_t NewSize                                  = 34603008                                  {product} {ergonomic}
    uintx NonNMethodCodeHeapSize                   = 5839372                                {pd product} {ergonomic}
    uintx NonProfiledCodeHeapSize                  = 122909434                              {pd product} {ergonomic}
   size_t OldSize                                  = 70254592                                  {product} {ergonomic}
    uintx ProfiledCodeHeapSize                     = 122909434                              {pd product} {ergonomic}
    uintx ReservedCodeCacheSize                    = 251658240                              {pd product} {ergonomic}
     bool SegmentedCodeCache                       = true                                      {product} {ergonomic}
   size_t SoftMaxHeapSize                          = 4294967296                             {manageable} {ergonomic}
     bool UseCompressedOops                        = true                           {product lp64_product} {ergonomic}
     bool UseLargePagesIndividualAllocation        = false                                  {pd product} {ergonomic}
     bool UseParallelGC                            = true                                      {product} {command line}

Logging:
Log output configuration:
 #0: stdout all=off uptime,level,tags foldmultilines=false
 #1: stderr all=off uptime,level,tags foldmultilines=false

Release file:
JAVA_VERSION="21.0.12.1" 
MODULES="java.base java.compiler java.datatransfer java.xml java.prefs java.desktop java.instrument java.logging java.management java.security.sasl java.naming java.rmi java.management.rmi java.net.http java.scripting java.security.jgss java.transaction.xa java.sql java.sql.rowset java.xml.crypto java.se java.smartcardio jdk.accessibility jdk.internal.jvmstat jdk.attach jdk.charsets jdk.internal.opt jdk.zipfs jdk.compiler jdk.crypto.ec jdk.crypto.cryptoki jdk.crypto.mscapi jdk.dynalink jdk.internal.ed jdk.editpad jdk.hotspot.agent jdk.httpserver jdk.internal.le jdk.internal.vm.ci jdk.internal.vm.compiler jdk.internal.vm.compiler.management jdk.jartool jdk.javadoc jdk.jcmd jdk.management jdk.management.agent jdk.jconsole jdk.jdeps jdk.jdwp.agent jdk.jdi jdk.jfr jdk.jshell jdk.jsobject jdk.jstatd jdk.localedata jdk.management.jfr jdk.naming.dns jdk.naming.rmi jdk.net jdk.nio.mapmode jdk.random jdk.sctp jdk.security.auth jdk.security.jgss jdk.unsupported jdk.unsupported.desktop jdk.xml.dom" 

Environment Variables:
PATH=C:\Program Files\Common Files\Oracle\Java\javapath;C:\WINDOWS\system32;C:\WINDOWS;C:\WINDOWS\System32\Wbem;C:\WINDOWS\System32\WindowsPowerShell\v1.0\;C:\WINDOWS\System32\OpenSSH\;C:\Program Files\MATLAB\R2024b\bin;C:\Program Files\Microsoft SQL Server\150\Tools\Binn\;C:\Program Files\dotnet\;C:\Program Files\Microsoft SQL Server\170\Tools\Binn\;C:\Program Files\nodejs\;C:\Program Files\Git\cmd;C:\Program Files\Amazon\AWSCLIV2\;C:\Users\Admin\AppData\Local\Microsoft\WindowsApps;C:\Users\Admin\.dotnet\tools;C:\Users\Admin\AppData\Local\GitHubDesktop\bin;C:\Users\Admin\AppData\Local\Programs\Microsoft VS Code\bin;C:\Users\Admin\AppData\Local\Python\bin;C:\Users\Admin\AppData\Local\Programs\DockerDesktop\resources\bin;C:\Users\Admin\AppData\Roaming\npm
USERNAME=Admin
OS=Windows_NT
PROCESSOR_IDENTIFIER=AMD64 Family 25 Model 80 Stepping 0, AuthenticAMD
TMP=C:\Users\Admin\AppData\Local\Temp
TEMP=C:\Users\Admin\AppData\Local\Temp




Periodic native trim disabled

---------------  S Y S T E M  ---------------

OS:
 Windows 11 , 64 bit Build 26100 (10.0.26100.9444)
OS uptime: 1 days 12:32 hours
Hyper-V role detected

CPU: total 12 (initial active 12) (12 cores per cpu, 2 threads per core) family 25 model 80 stepping 0 microcode 0xa500014, cx8, cmov, fxsr, ht, mmx, 3dnowpref, sse, sse2, sse3, ssse3, sse4a, sse4.1, sse4.2, popcnt, lzcnt, tsc, tscinvbit, avx, avx2, aes, erms, clmul, bmi1, bmi2, adx, sha, fma, vzeroupper, clflush, clflushopt, hv, rdtscp, rdpid, fsrm, f16c, cet_ss
Processor Information for the first 12 processors :
  Max Mhz: 2000, Current Mhz: 1890, Mhz Limit: 2000

Memory: 4k page, system-wide physical 7489M (194M free)
TotalPageFile size 30017M (AvailPageFile size 48M)
current process WorkingSet (physical memory assigned to process): 131M, peak: 131M
current process commit charge ("private bytes"): 347M, peak: 348M

vm_info: OpenJDK 64-Bit Server VM (21.0.12.1+1-LTS) for windows-amd64 JRE (21.0.12.1+1-LTS), built on 2026-08-18T00:00:00Z by "admin" with MS VC++ 17.12 (VS2022)

END.
